Microchip Technology Inc, vv3_31 (A) 

Tool Name:
  c:\program files (x86)\microchip\mplab c30\bin\bin\..\bin/pic30-coff-ld.exe

Command:
  -p24FJ64GA004 \
  -oBalloon_xmit_v11.cof \
  -Lc:/program files (x86)/microchip/mplab c30/bin/bin/.. \
  -Lc:/program files (x86)/microchip/mplab c30/bin/bin/../../lib \
  -Lc:/program files (x86)/microchip/mplab c30/bin/bin/../../lib/PIC24E \
  -Lc:/program files (x86)/microchip/mplab c30/bin/bin/../../support/PIC24E/gld \
  -Lc:/program files (x86)/microchip/mplab c30/bin/bin/../../lib/PIC24F \
  -Lc:/program files (x86)/microchip/mplab c30/bin/bin/../../support/PIC24F/gld \
  -Lc:/program files (x86)/microchip/mplab c30/bin/bin/../../lib/PIC24H \
  -Lc:/program files (x86)/microchip/mplab c30/bin/bin/../../support/PIC24H/gld \
  -Lc:/program files (x86)/microchip/mplab c30/bin/bin/../../lib/dsPIC30F \
  -Lc:/program files (x86)/microchip/mplab c30/bin/bin/../../support/dsPIC30F/gld \
  -Lc:/program files (x86)/microchip/mplab c30/bin/bin/../../lib/dsPIC33E \
  -Lc:/program files (x86)/microchip/mplab c30/bin/bin/../../support/dsPIC33E/gld \
  -Lc:/program files (x86)/microchip/mplab c30/bin/bin/../../lib/dsPIC33F \
  -Lc:/program files (x86)/microchip/mplab c30/bin/bin/../../support/dsPIC33F/gld \
  Objects - ballonXmit\MainDemo.o \
  Objects - ballonXmit\Tick.o \
  Objects - ballonXmit\UART.o \
  Objects - ballonXmit\UDP.o \
  Objects - ballonXmit\Announce.o \
  Objects - ballonXmit\Delay.o \
  Objects - ballonXmit\DHCPs.o \
  Objects - ballonXmit\Hashes.o \
  Objects - ballonXmit\Helpers.o \
  Objects - ballonXmit\ICMP.o \
  Objects - ballonXmit\IP.o \
  Objects - ballonXmit\StackTsk.o \
  Objects - ballonXmit\TCP.o \
  Objects - ballonXmit\WFTxPower.o \
  Objects - ballonXmit\WF_Eint.o \
  Objects - ballonXmit\WF_Spi.o \
  Objects - ballonXmit\WFConnectionManager.o \
  Objects - ballonXmit\WFConnectionProfile.o \
  Objects - ballonXmit\WFDriverCom.o \
  Objects - ballonXmit\WFEventHandler.o \
  Objects - ballonXmit\WFInit.o \
  Objects - ballonXmit\WFMac.o \
  Objects - ballonXmit\WFParamMsg.o \
  Objects - ballonXmit\WFPowerSave.o \
  Objects - ballonXmit\WFScan.o \
  Objects - ballonXmit\WF_Config.o \
  Objects - ballonXmit\ZeroconfMulticastDNS.o \
  Objects - ballonXmit\Balloon_OSC.o \
  Objects - ballonXmit\nrf24l01.o \
  Objects - ballonXmit\spi1.o \
  Objects - ballonXmit\WFConnectionAlgorithm.o \
  Objects - ballonXmit\WFMgmtMsg.o \
  Objects - ballonXmit\ARP.o \
  Objects - ballonXmit\WFDriverRaw.o \
  Objects - ballonXmit\WF_pbkdf2.o \
  Objects - ballonXmit\WFConsole.o \
  Objects - ballonXmit\WFConsoleIfconfig.o \
  Objects - ballonXmit\WFConsoleIwconfig.o \
  Objects - ballonXmit\WFConsoleIwpriv.o \
  Objects - ballonXmit\WFConsoleMsgHandler.o \
  Objects - ballonXmit\WFConsoleMsgs.o \
  Objects - ballonXmit\WFDataTxRx.o \
  Objects - ballonXmit\WFDebugStrings.o \
  Objects - ballonXmit\WFEasyConfig.o \
  Objects - ballonXmit\ZeroconfLinkLocal.o \
  Objects - ballonXmit\ZeroconfHelper.o \
  -Tp24FJ64GA004.gld.00 \
  --defsym=__MPLAB_BUILD=1 \
  -Map=Balloon_xmit_v11.map \
  --report-mem \
  -S \
  -start-group \
  --library=pic30-coff \
  --library=m-coff \
  --library=c-coff \
  -end-group \

Archive member included because of file (symbol)

c:/program files (x86)/microchip/mplab c30/bin/bin/../../lib/PIC24F\libpPIC24Fxxx-coff.a(putsUART2.o)
                              Objects - ballonXmit\ZeroconfMulticastDNS.o (putsUART2)
c:/program files (x86)/microchip/mplab c30/bin/bin/../../lib\libpic30-coff.a(crt0_standard.o)
                              (_resetPRI)
c:/program files (x86)/microchip/mplab c30/bin/bin/../../lib\libpic30-coff.a(data_init_standard.o)
                              c:/program files (x86)/microchip/mplab c30/bin/bin/../../lib\libpic30-coff.a(crt0_standard.o) (_data_init_standard)
c:/program files (x86)/microchip/mplab c30/bin/bin/../../lib\libm-coff.a(divmoddi3.o)
                              Objects - ballonXmit\Tick.o (__udivdi3)
c:/program files (x86)/microchip/mplab c30/bin/bin/../../lib\libm-coff.a(muldi3.o)
                              Objects - ballonXmit\ZeroconfMulticastDNS.o (__muldi3)
c:/program files (x86)/microchip/mplab c30/bin/bin/../../lib\libm-coff.a(umuldi3.o)
                              c:/program files (x86)/microchip/mplab c30/bin/bin/../../lib\libm-coff.a(muldi3.o) (__umuldi3)
c:/program files (x86)/microchip/mplab c30/bin/bin/../../lib\libc-coff.a(strlen.XXo)
                              Objects - ballonXmit\MainDemo.o (strlen)
c:/program files (x86)/microchip/mplab c30/bin/bin/../../lib\libc-coff.a(memset.XXo)
                              Objects - ballonXmit\MainDemo.o (memset)
c:/program files (x86)/microchip/mplab c30/bin/bin/../../lib\libc-coff.a(strncpy.XXo)
                              Objects - ballonXmit\Helpers.o (strncpy)
c:/program files (x86)/microchip/mplab c30/bin/bin/../../lib\libc-coff.a(memcmp.XXo)
                              Objects - ballonXmit\StackTsk.o (memcmp)
[...]
Memory Configuration

Name             Origin             Length             Attributes
data             0x000800           0x002000           a !xr
reset            0x000000           0x000004  
ivt              0x000004           0x0000fc  
_reserved        0x000100           0x000004  
aivt             0x000104           0x0000fc  
program          0x000200           0x00a9fa           xr
CONFIG2          0x00abfc           0x000002  
CONFIG1          0x00abfe           0x000002  
*default*        0x000000           0xffffffff  

Linker script and memory map

LOAD Objects - ballonXmit\MainDemo.o
LOAD Objects - ballonXmit\Tick.o
LOAD Objects - ballonXmit\UART.o
LOAD Objects - ballonXmit\UDP.o
LOAD Objects - ballonXmit\Announce.o
LOAD Objects - ballonXmit\Delay.o
LOAD Objects - ballonXmit\DHCPs.o
LOAD Objects - ballonXmit\Hashes.o
LOAD Objects - ballonXmit\Helpers.o
LOAD Objects - ballonXmit\ICMP.o
LOAD Objects - ballonXmit\IP.o
LOAD Objects - ballonXmit\StackTsk.o
LOAD Objects - ballonXmit\TCP.o
LOAD Objects - ballonXmit\WFTxPower.o
LOAD Objects - ballonXmit\WF_Eint.o
LOAD Objects - ballonXmit\WF_Spi.o
LOAD Objects - ballonXmit\WFConnectionManager.o
LOAD Objects - ballonXmit\WFConnectionProfile.o
LOAD Objects - ballonXmit\WFDriverCom.o
LOAD Objects - ballonXmit\WFEventHandler.o
LOAD Objects - ballonXmit\WFInit.o
LOAD Objects - ballonXmit\WFMac.o
LOAD Objects - ballonXmit\WFParamMsg.o
LOAD Objects - ballonXmit\WFPowerSave.o
LOAD Objects - ballonXmit\WFScan.o
LOAD Objects - ballonXmit\WF_Config.o
LOAD Objects - ballonXmit\ZeroconfMulticastDNS.o
LOAD Objects - ballonXmit\Balloon_OSC.o
LOAD Objects - ballonXmit\nrf24l01.o
LOAD Objects - ballonXmit\spi1.o
LOAD Objects - ballonXmit\WFConnectionAlgorithm.o
LOAD Objects - ballonXmit\WFMgmtMsg.o
LOAD Objects - ballonXmit\ARP.o
LOAD Objects - ballonXmit\WFDriverRaw.o
LOAD Objects - ballonXmit\WF_pbkdf2.o
LOAD Objects - ballonXmit\WFConsole.o
LOAD Objects - ballonXmit\WFConsoleIfconfig.o
LOAD Objects - ballonXmit\WFConsoleIwconfig.o
LOAD Objects - ballonXmit\WFConsoleIwpriv.o
LOAD Objects - ballonXmit\WFConsoleMsgHandler.o
LOAD Objects - ballonXmit\WFConsoleMsgs.o
LOAD Objects - ballonXmit\WFDataTxRx.o
LOAD Objects - ballonXmit\WFDebugStrings.o
LOAD Objects - ballonXmit\WFEasyConfig.o
LOAD Objects - ballonXmit\ZeroconfLinkLocal.o
LOAD Objects - ballonXmit\ZeroconfHelper.o
LOAD c:/program files (x86)/microchip/mplab c30/bin/bin/../../lib/PIC24F\libpPIC24Fxxx-coff.a
                    0xabfc                  __CONFIG2 = 0xabfc
                    0xabfe                  __CONFIG1 = 0xabfe
                    0x0001                  __NO_HANDLES = 0x1
                    0x0004                  __IVT_BASE = 0x4
                    0x0104                  __AIVT_BASE = 0x104
                    0x0800                  __DATA_BASE = 0x800
                    0x2000                  __DATA_LENGTH = 0x2000
                    0x0200                  __CODE_BASE = 0x200
                    0xa9fc                  __CODE_LENGTH = 0xa9fc

.reset            0x000000          0x4
                  0x000000          0x2 SHORT 0x200 ABSOLUTE (__reset)
                  0x000001          0x2 SHORT 0x4
                  0x000002          0x2 SHORT 0x0 ((ABSOLUTE (__reset) >> 0x10) & 0x7f)
                  0x000003          0x2 SHORT 0x0

.text             0x000200        0xb3a
 *(.init)
 .init            0x000200         0x32 c:/program files (x86)/microchip/mplab c30/bin/bin/../../lib\libpic30-coff.a(crt0_standard.o)
                  0x000200                  _resetPRI
                  0x000200                  _reset
                  0x000222                  _psv_init
 .init            0x000232         0x5e c:/program files (x86)/microchip/mplab c30/bin/bin/../../lib\libpic30-coff.a(data_init_standard.o)
                  0x000232                  _data_init_standard
                  0x000232                  _data_init
 *(.user_init)
 *(.handle)
 *(.isr*)
 *(.libc)
 .libc            0x000290         0x1c c:/program files (x86)/microchip/mplab c30/bin/bin/../../lib\libc-coff.a(isxdigit.XXo)
                  0x000290                  isxdigit
 .libc            0x0002ac         0x6e c:/program files (x86)/microchip/mplab c30/bin/bin/../../lib\libpic30-coff.a(write.o)
                  0x0002ac                  write
 *(.libm)
 .libm            0x00031a        0x216 c:/program files (x86)/microchip/mplab c30/bin/bin/../../lib\libm-coff.a(divmoddi3.o)
                  0x000340                  __udivmoddi3
                  0x00040e                  __udivdi3
                  0x00041c                  __umoddi3
                  0x000424                  __divdi3
                  0x00045e                  __moddi3
 .libm            0x000530         0x5c c:/program files (x86)/microchip/mplab c30/bin/bin/../../lib\libm-coff.a(muldi3.o)
                  0x000530                  __muldi3
 .libm            0x00058c         0x44 c:/program files (x86)/microchip/mplab c30/bin/bin/../../lib\libm-coff.a(umuldi3.o)
                  0x00058c                  __umuldi3
 *(.libdsp)
 *(.lib*)
 .libperi         0x0005d0         0x34 c:/program files (x86)/microchip/mplab c30/bin/bin/../../lib/PIC24F\libpPIC24Fxxx-coff.a(putsUART2.o)
                  0x0005d0                  putsUART2
 .libc.strlen     0x000604          0xc c:/program files (x86)/microchip/mplab c30/bin/bin/../../lib\libc-coff.a(strlen.XXo)
                  0x000604                  strlen
 .libc.memset     0x000610          0xe c:/program files (x86)/microchip/mplab c30/bin/bin/../../lib\libc-coff.a(memset.XXo)
                  0x000610                  memset
 .libc.strncpy    0x00061e         0x2e c:/program files (x86)/microchip/mplab c30/bin/bin/../../lib\libc-coff.a(strncpy.XXo)
                  0x00061e                  strncpy
 .libc.memcmp     0x00064c         0x34 c:/program files (x86)/microchip/mplab c30/bin/bin/../../lib\libc-coff.a(memcmp.XXo)
                  0x00064c                  memcmp
 .libc.memcpy     0x000680          0xe c:/program files (x86)/microchip/mplab c30/bin/bin/../../lib\libc-coff.a(memcpy.XXo)
                  0x000680                  memcpy
 .libc._sprintf_cdnopuxX
                  0x00068e         0x2e c:/program files (x86)/microchip/mplab c30/bin/bin/../../lib\libc-coff.a(sprintf_cdnopuxX.XXo)
                  0x00068e                  _sprintf_cdnopuxX
 .libc._vfprintf_cdnopuxX
                  0x0006bc        0x56a c:/program files (x86)/microchip/mplab c30/bin/bin/../../lib\libc-coff.a(doprnt_cdnopuxX.XXo)
                  0x0006bc                  _vfprintf_cdnopuxX
 .libc.fputc      0x000c26         0x8e c:/program files (x86)/microchip/mplab c30/bin/bin/../../lib\libc-coff.a(fputc.XXo)
                  0x000c26                  fputc
 .libc._flsbuf    0x000cb4         0x86 c:/program files (x86)/microchip/mplab c30/bin/bin/../../lib\libc-coff.a(flsbuf.XXo)
                  0x000cb4                  _flsbuf

usercode
 *(usercode)

__CONFIG2         0x00abfc          0x2
 *(__CONFIG2.sec*)
 __CONFIG2.sec    0x00abfc          0x2 Objects - ballonXmit\MainDemo.o

__CONFIG1         0x00abfe          0x2
 *(__CONFIG1.sec*)
 __CONFIG1.sec    0x00abfe          0x2 Objects - ballonXmit\MainDemo.o

.comment
 *(.comment)

.debug_info
 *(.debug_info)
 *(.gnu.linkonce.wi.*)

.debug_abbrev
 *(.debug_abbrev)

.debug_line
 *(.debug_line)

.debug_frame
 *(.debug_frame)

.debug_str
 *(.debug_str)

.debug_loc
 *(.debug_loc)

.debug_macinfo
 *(.debug_macinfo)

.debug_pubnames
 *(.debug_pubnames)

.debug_ranges
 *(.debug_ranges)

.debug_aranges
 *(.debug_aranges)

.ivt              0x000004         0xfc
                  0x000004          0x4 LONG 0x7126 DEFINED (__ReservedTrap0)?ABSOLUTE (__ReservedTrap0):ABSOLUTE (__DefaultInterrupt)
                  0x000006          0x4 LONG 0x713a DEFINED (__OscillatorFail)?ABSOLUTE (__OscillatorFail):ABSOLUTE (__DefaultInterrupt)
                  0x000008          0x4 LONG 0x714e DEFINED (__AddressError)?ABSOLUTE (__AddressError):ABSOLUTE (__DefaultInterrupt)
                  0x00000a          0x4 LONG 0x7162 DEFINED (__StackError)?ABSOLUTE (__StackError):ABSOLUTE (__DefaultInterrupt)
                  0x00000c          0x4 LONG 0x7176 DEFINED (__MathError)?ABSOLUTE (__MathError):ABSOLUTE (__DefaultInterrupt)
                  0x00000e          0x4 LONG 0x7126 DEFINED (__ReservedTrap5)?ABSOLUTE (__ReservedTrap5):ABSOLUTE (__DefaultInterrupt)
                  0x000010          0x4 LONG 0x7126 DEFINED (__ReservedTrap6)?ABSOLUTE (__ReservedTrap6):ABSOLUTE (__DefaultInterrupt)
                  0x000012          0x4 LONG 0x7126 DEFINED (__ReservedTrap7)?ABSOLUTE (__ReservedTrap7):ABSOLUTE (__DefaultInterrupt)
                  0x000014          0x4 LONG 0x7126 DEFINED (__INT0Interrupt)?ABSOLUTE (__INT0Interrupt):ABSOLUTE (__DefaultInterrupt)
                  0x000016          0x4 LONG 0x7126 DEFINED (__IC1Interrupt)?ABSOLUTE (__IC1Interrupt):ABSOLUTE (__DefaultInterrupt)
                  0x000018          0x4 LONG 0x7126 DEFINED (__OC1Interrupt)?ABSOLUTE (__OC1Interrupt):ABSOLUTE (__DefaultInterrupt)
                  0x00001a          0x4 LONG 0xa43a DEFINED (__T1Interrupt)?ABSOLUTE (__T1Interrupt):ABSOLUTE (__DefaultInterrupt)
                  0x00001c          0x4 LONG 0x7126 DEFINED (__Interrupt4)?ABSOLUTE (__Interrupt4):ABSOLUTE (__DefaultInterrupt)
                  0x00001e          0x4 LONG 0x7126 DEFINED (__IC2Interrupt)?ABSOLUTE (__IC2Interrupt):ABSOLUTE (__DefaultInterrupt)
                  0x000020          0x4 LONG 0x7126 DEFINED (__OC2Interrupt)?ABSOLUTE (__OC2Interrupt):ABSOLUTE (__DefaultInterrupt)
                  0x000022          0x4 LONG 0x7126 DEFINED (__T2Interrupt)?ABSOLUTE (__T2Interrupt):ABSOLUTE (__DefaultInterrupt)
                  0x000024          0x4 LONG 0x7126 DEFINED (__T3Interrupt)?ABSOLUTE (__T3Interrupt):ABSOLUTE (__DefaultInterrupt)
                  0x000026          0x4 LONG 0x7126 DEFINED (__SPI1ErrInterrupt)?ABSOLUTE (__SPI1ErrInterrupt):ABSOLUTE (__DefaultInterrupt)
                  0x000028          0x4 LONG 0x7126 DEFINED (__SPI1Interrupt)?ABSOLUTE (__SPI1Interrupt):ABSOLUTE (__DefaultInterrupt)
                  0x00002a          0x4 LONG 0x7126 DEFINED (__U1RXInterrupt)?ABSOLUTE (__U1RXInterrupt):ABSOLUTE (__DefaultInterrupt)
                  0x00002c          0x4 LONG 0x7126 DEFINED (__U1TXInterrupt)?ABSOLUTE (__U1TXInterrupt):ABSOLUTE (__DefaultInterrupt)
                  0x00002e          0x4 LONG 0x7126 DEFINED (__ADC1Interrupt)?ABSOLUTE (__ADC1Interrupt):ABSOLUTE (__DefaultInterrupt)
                  0x000030          0x4 LONG 0x7126 DEFINED (__Interrupt14)?ABSOLUTE (__Interrupt14):ABSOLUTE (__DefaultInterrupt)
                  0x000032          0x4 LONG 0x7126 DEFINED (__Interrupt15)?ABSOLUTE (__Interrupt15):ABSOLUTE (__DefaultInterrupt)
                  0x000034          0x4 LONG 0x7126 DEFINED (__SI2C1Interrupt)?ABSOLUTE (__SI2C1Interrupt):ABSOLUTE (__DefaultInterrupt)
                  0x000036          0x4 LONG 0x7126 DEFINED (__MI2C1Interrupt)?ABSOLUTE (__MI2C1Interrupt):ABSOLUTE (__DefaultInterrupt)
                  0x000038          0x4 LONG 0x7126 DEFINED (__CompInterrupt)?ABSOLUTE (__CompInterrupt):ABSOLUTE (__DefaultInterrupt)
                  0x00003a          0x4 LONG 0x7126 DEFINED (__CNInterrupt)?ABSOLUTE (__CNInterrupt):ABSOLUTE (__DefaultInterrupt)
                  0x00003c          0x4 LONG 0xa8fc DEFINED (__INT1Interrupt)?ABSOLUTE (__INT1Interrupt):ABSOLUTE (__DefaultInterrupt)
                  0x00003e          0x4 LONG 0x7126 DEFINED (__Interrupt21)?ABSOLUTE (__Interrupt21):ABSOLUTE (__DefaultInterrupt)
                  0x000040          0x4 LONG 0x7126 DEFINED (__Interrupt22)?ABSOLUTE (__Interrupt22):ABSOLUTE (__DefaultInterrupt)
                  0x000042          0x4 LONG 0x7126 DEFINED (__Interrupt23)?ABSOLUTE (__Interrupt23):ABSOLUTE (__DefaultInterrupt)
                  0x000044          0x4 LONG 0x7126 DEFINED (__Interrupt24)?ABSOLUTE (__Interrupt24):ABSOLUTE (__DefaultInterrupt)
                  0x000046          0x4 LONG 0x7126 DEFINED (__OC3Interrupt)?ABSOLUTE (__OC3Interrupt):ABSOLUTE (__DefaultInterrupt)
                  0x000048          0x4 LONG 0x7126 DEFINED (__OC4Interrupt)?ABSOLUTE (__OC4Interrupt):ABSOLUTE (__DefaultInterrupt)
                  0x00004a          0x4 LONG 0x7126 DEFINED (__T4Interrupt)?ABSOLUTE (__T4Interrupt):ABSOLUTE (__DefaultInterrupt)
                  0x00004c          0x4 LONG 0x7126 DEFINED (__T5Interrupt)?ABSOLUTE (__T5Interrupt):ABSOLUTE (__DefaultInterrupt)
                  0x00004e          0x4 LONG 0x7126 DEFINED (__INT2Interrupt)?ABSOLUTE (__INT2Interrupt):ABSOLUTE (__DefaultInterrupt)
                  0x000050          0x4 LONG 0x7126 DEFINED (__U2RXInterrupt)?ABSOLUTE (__U2RXInterrupt):ABSOLUTE (__DefaultInterrupt)
                  0x000052          0x4 LONG 0x7126 DEFINED (__U2TXInterrupt)?ABSOLUTE (__U2TXInterrupt):ABSOLUTE (__DefaultInterrupt)
                  0x000054          0x4 LONG 0x7126 DEFINED (__SPI2ErrInterrupt)?ABSOLUTE (__SPI2ErrInterrupt):ABSOLUTE (__DefaultInterrupt)
                  0x000056          0x4 LONG 0x7126 DEFINED (__SPI2Interrupt)?ABSOLUTE (__SPI2Interrupt):ABSOLUTE (__DefaultInterrupt)
                  0x000058          0x4 LONG 0x7126 DEFINED (__Interrupt34)?ABSOLUTE (__Interrupt34):ABSOLUTE (__DefaultInterrupt)
                  0x00005a          0x4 LONG 0x7126 DEFINED (__Interrupt35)?ABSOLUTE (__Interrupt35):ABSOLUTE (__DefaultInterrupt)
                  0x00005c          0x4 LONG 0x7126 DEFINED (__Interrupt36)?ABSOLUTE (__Interrupt36):ABSOLUTE (__DefaultInterrupt)
                  0x00005e          0x4 LONG 0x7126 DEFINED (__IC3Interrupt)?ABSOLUTE (__IC3Interrupt):ABSOLUTE (__DefaultInterrupt)
                  0x000060          0x4 LONG 0x7126 DEFINED (__IC4Interrupt)?ABSOLUTE (__IC4Interrupt):ABSOLUTE (__DefaultInterrupt)
                  0x000062          0x4 LONG 0x7126 DEFINED (__IC5Interrupt)?ABSOLUTE (__IC5Interrupt):ABSOLUTE (__DefaultInterrupt)
                  0x000064          0x4 LONG 0x7126 DEFINED (__Interrupt40)?ABSOLUTE (__Interrupt40):ABSOLUTE (__DefaultInterrupt)
                  0x000066          0x4 LONG 0x7126 DEFINED (__OC5Interrupt)?ABSOLUTE (__OC5Interrupt):ABSOLUTE (__DefaultInterrupt)
                  0x000068          0x4 LONG 0x7126 DEFINED (__Interrupt42)?ABSOLUTE (__Interrupt42):ABSOLUTE (__DefaultInterrupt)
                  0x00006a          0x4 LONG 0x7126 DEFINED (__Interrupt43)?ABSOLUTE (__Interrupt43):ABSOLUTE (__DefaultInterrupt)
                  0x00006c          0x4 LONG 0x7126 DEFINED (__Interrupt44)?ABSOLUTE (__Interrupt44):ABSOLUTE (__DefaultInterrupt)
                  0x00006e          0x4 LONG 0x7126 DEFINED (__PMPInterrupt)?ABSOLUTE (__PMPInterrupt):ABSOLUTE (__DefaultInterrupt)
                  0x000070          0x4 LONG 0x7126 DEFINED (__Interrupt46)?ABSOLUTE (__Interrupt46):ABSOLUTE (__DefaultInterrupt)
                  0x000072          0x4 LONG 0x7126 DEFINED (__Interrupt47)?ABSOLUTE (__Interrupt47):ABSOLUTE (__DefaultInterrupt)
                  0x000074          0x4 LONG 0x7126 DEFINED (__Interrupt48)?ABSOLUTE (__Interrupt48):ABSOLUTE (__DefaultInterrupt)
                  0x000076          0x4 LONG 0x7126 DEFINED (__SI2C2Interrupt)?ABSOLUTE (__SI2C2Interrupt):ABSOLUTE (__DefaultInterrupt)
                  0x000078          0x4 LONG 0x7126 DEFINED (__MI2C2Interrupt)?ABSOLUTE (__MI2C2Interrupt):ABSOLUTE (__DefaultInterrupt)
                  0x00007a          0x4 LONG 0x7126 DEFINED (__Interrupt51)?ABSOLUTE (__Interrupt51):ABSOLUTE (__DefaultInterrupt)
                  0x00007c          0x4 LONG 0x7126 DEFINED (__Interrupt52)?ABSOLUTE (__Interrupt52):ABSOLUTE (__DefaultInterrupt)
                  0x00007e          0x4 LONG 0x7126 DEFINED (__Interrupt53)?ABSOLUTE (__Interrupt53):ABSOLUTE (__DefaultInterrupt)
                  0x000080          0x4 LONG 0x7126 DEFINED (__Interrupt54)?ABSOLUTE (__Interrupt54):ABSOLUTE (__DefaultInterrupt)
                  0x000082          0x4 LONG 0x7126 DEFINED (__Interrupt55)?ABSOLUTE (__Interrupt55):ABSOLUTE (__DefaultInterrupt)
                  0x000084          0x4 LONG 0x7126 DEFINED (__Interrupt56)?ABSOLUTE (__Interrupt56):ABSOLUTE (__DefaultInterrupt)
                  0x000086          0x4 LONG 0x7126 DEFINED (__Interrupt57)?ABSOLUTE (__Interrupt57):ABSOLUTE (__DefaultInterrupt)
                  0x000088          0x4 LONG 0x7126 DEFINED (__Interrupt58)?ABSOLUTE (__Interrupt58):ABSOLUTE (__DefaultInterrupt)
                  0x00008a          0x4 LONG 0x7126 DEFINED (__Interrupt59)?ABSOLUTE (__Interrupt59):ABSOLUTE (__DefaultInterrupt)
                  0x00008c          0x4 LONG 0x7126 DEFINED (__Interrupt60)?ABSOLUTE (__Interrupt60):ABSOLUTE (__DefaultInterrupt)
                  0x00008e          0x4 LONG 0x7126 DEFINED (__Interrupt61)?ABSOLUTE (__Interrupt61):ABSOLUTE (__DefaultInterrupt)
                  0x000090          0x4 LONG 0x7126 DEFINED (__RTCCInterrupt)?ABSOLUTE (__RTCCInterrupt):ABSOLUTE (__DefaultInterrupt)
                  0x000092          0x4 LONG 0x7126 DEFINED (__Interrupt63)?ABSOLUTE (__Interrupt63):ABSOLUTE (__DefaultInterrupt)
                  0x000094          0x4 LONG 0x7126 DEFINED (__Interrupt64)?ABSOLUTE (__Interrupt64):ABSOLUTE (__DefaultInterrupt)
                  0x000096          0x4 LONG 0x7126 DEFINED (__U1ErrInterrupt)?ABSOLUTE (__U1ErrInterrupt):ABSOLUTE (__DefaultInterrupt)
                  0x000098          0x4 LONG 0x7126 DEFINED (__U2ErrInterrupt)?ABSOLUTE (__U2ErrInterrupt):ABSOLUTE (__DefaultInterrupt)
                  0x00009a          0x4 LONG 0x7126 DEFINED (__CRCInterrupt)?ABSOLUTE (__CRCInterrupt):ABSOLUTE (__DefaultInterrupt)
                  0x00009c          0x4 LONG 0x7126 DEFINED (__Interrupt68)?ABSOLUTE (__Interrupt68):ABSOLUTE (__DefaultInterrupt)
                  0x00009e          0x4 LONG 0x7126 DEFINED (__Interrupt69)?ABSOLUTE (__Interrupt69):ABSOLUTE (__DefaultInterrupt)
                  0x0000a0          0x4 LONG 0x7126 DEFINED (__Interrupt70)?ABSOLUTE (__Interrupt70):ABSOLUTE (__DefaultInterrupt)
                  0x0000a2          0x4 LONG 0x7126 DEFINED (__Interrupt71)?ABSOLUTE (__Interrupt71):ABSOLUTE (__DefaultInterrupt)
                  0x0000a4          0x4 LONG 0x7126 DEFINED (__LVDInterrupt)?ABSOLUTE (__LVDInterrupt):ABSOLUTE (__DefaultInterrupt)
                  0x0000a6          0x4 LONG 0x7126 DEFINED (__Interrupt73)?ABSOLUTE (__Interrupt73):ABSOLUTE (__DefaultInterrupt)
                  0x0000a8          0x4 LONG 0x7126 DEFINED (__Interrupt74)?ABSOLUTE (__Interrupt74):ABSOLUTE (__DefaultInterrupt)
                  0x0000aa          0x4 LONG 0x7126 DEFINED (__Interrupt75)?ABSOLUTE (__Interrupt75):ABSOLUTE (__DefaultInterrupt)
                  0x0000ac          0x4 LONG 0x7126 DEFINED (__Interrupt76)?ABSOLUTE (__Interrupt76):ABSOLUTE (__DefaultInterrupt)
                  0x0000ae          0x4 LONG 0x7126 DEFINED (__Interrupt77)?ABSOLUTE (__Interrupt77):ABSOLUTE (__DefaultInterrupt)
                  0x0000b0          0x4 LONG 0x7126 DEFINED (__Interrupt78)?ABSOLUTE (__Interrupt78):ABSOLUTE (__DefaultInterrupt)
                  0x0000b2          0x4 LONG 0x7126 DEFINED (__Interrupt79)?ABSOLUTE (__Interrupt79):ABSOLUTE (__DefaultInterrupt)
                  0x0000b4          0x4 LONG 0x7126 DEFINED (__Interrupt80)?ABSOLUTE (__Interrupt80):ABSOLUTE (__DefaultInterrupt)
                  0x0000b6          0x4 LONG 0x7126 DEFINED (__Interrupt81)?ABSOLUTE (__Interrupt81):ABSOLUTE (__DefaultInterrupt)
                  0x0000b8          0x4 LONG 0x7126 DEFINED (__Interrupt82)?ABSOLUTE (__Interrupt82):ABSOLUTE (__DefaultInterrupt)
                  0x0000ba          0x4 LONG 0x7126 DEFINED (__Interrupt83)?ABSOLUTE (__Interrupt83):ABSOLUTE (__DefaultInterrupt)
                  0x0000bc          0x4 LONG 0x7126 DEFINED (__Interrupt84)?ABSOLUTE (__Interrupt84):ABSOLUTE (__DefaultInterrupt)
                  0x0000be          0x4 LONG 0x7126 DEFINED (__Interrupt85)?ABSOLUTE (__Interrupt85):ABSOLUTE (__DefaultInterrupt)
                  0x0000c0          0x4 LONG 0x7126 DEFINED (__Interrupt86)?ABSOLUTE (__Interrupt86):ABSOLUTE (__DefaultInterrupt)
                  0x0000c2          0x4 LONG 0x7126 DEFINED (__Interrupt87)?ABSOLUTE (__Interrupt87):ABSOLUTE (__DefaultInterrupt)
                  0x0000c4          0x4 LONG 0x7126 DEFINED (__Interrupt88)?ABSOLUTE (__Interrupt88):ABSOLUTE (__DefaultInterrupt)
                  0x0000c6          0x4 LONG 0x7126 DEFINED (__Interrupt89)?ABSOLUTE (__Interrupt89):ABSOLUTE (__DefaultInterrupt)
                  0x0000c8          0x4 LONG 0x7126 DEFINED (__Interrupt90)?ABSOLUTE (__Interrupt90):ABSOLUTE (__DefaultInterrupt)
                  0x0000ca          0x4 LONG 0x7126 DEFINED (__Interrupt91)?ABSOLUTE (__Interrupt91):ABSOLUTE (__DefaultInterrupt)
                  0x0000cc          0x4 LONG 0x7126 DEFINED (__Interrupt92)?ABSOLUTE (__Interrupt92):ABSOLUTE (__DefaultInterrupt)
                  0x0000ce          0x4 LONG 0x7126 DEFINED (__Interrupt93)?ABSOLUTE (__Interrupt93):ABSOLUTE (__DefaultInterrupt)
                  0x0000d0          0x4 LONG 0x7126 DEFINED (__Interrupt94)?ABSOLUTE (__Interrupt94):ABSOLUTE (__DefaultInterrupt)
                  0x0000d2          0x4 LONG 0x7126 DEFINED (__Interrupt95)?ABSOLUTE (__Interrupt95):ABSOLUTE (__DefaultInterrupt)
                  0x0000d4          0x4 LONG 0x7126 DEFINED (__Interrupt96)?ABSOLUTE (__Interrupt96):ABSOLUTE (__DefaultInterrupt)
                  0x0000d6          0x4 LONG 0x7126 DEFINED (__Interrupt97)?ABSOLUTE (__Interrupt97):ABSOLUTE (__DefaultInterrupt)
                  0x0000d8          0x4 LONG 0x7126 DEFINED (__Interrupt98)?ABSOLUTE (__Interrupt98):ABSOLUTE (__DefaultInterrupt)
                  0x0000da          0x4 LONG 0x7126 DEFINED (__Interrupt99)?ABSOLUTE (__Interrupt99):ABSOLUTE (__DefaultInterrupt)
                  0x0000dc          0x4 LONG 0x7126 DEFINED (__Interrupt100)?ABSOLUTE (__Interrupt100):ABSOLUTE (__DefaultInterrupt)
                  0x0000de          0x4 LONG 0x7126 DEFINED (__Interrupt101)?ABSOLUTE (__Interrupt101):ABSOLUTE (__DefaultInterrupt)
                  0x0000e0          0x4 LONG 0x7126 DEFINED (__Interrupt102)?ABSOLUTE (__Interrupt102):ABSOLUTE (__DefaultInterrupt)
                  0x0000e2          0x4 LONG 0x7126 DEFINED (__Interrupt103)?ABSOLUTE (__Interrupt103):ABSOLUTE (__DefaultInterrupt)
                  0x0000e4          0x4 LONG 0x7126 DEFINED (__Interrupt104)?ABSOLUTE (__Interrupt104):ABSOLUTE (__DefaultInterrupt)
                  0x0000e6          0x4 LONG 0x7126 DEFINED (__Interrupt105)?ABSOLUTE (__Interrupt105):ABSOLUTE (__DefaultInterrupt)
                  0x0000e8          0x4 LONG 0x7126 DEFINED (__Interrupt106)?ABSOLUTE (__Interrupt106):ABSOLUTE (__DefaultInterrupt)
                  0x0000ea          0x4 LONG 0x7126 DEFINED (__Interrupt107)?ABSOLUTE (__Interrupt107):ABSOLUTE (__DefaultInterrupt)
                  0x0000ec          0x4 LONG 0x7126 DEFINED (__Interrupt108)?ABSOLUTE (__Interrupt108):ABSOLUTE (__DefaultInterrupt)
                  0x0000ee          0x4 LONG 0x7126 DEFINED (__Interrupt109)?ABSOLUTE (__Interrupt109):ABSOLUTE (__DefaultInterrupt)
                  0x0000f0          0x4 LONG 0x7126 DEFINED (__Interrupt110)?ABSOLUTE (__Interrupt110):ABSOLUTE (__DefaultInterrupt)
                  0x0000f2          0x4 LONG 0x7126 DEFINED (__Interrupt111)?ABSOLUTE (__Interrupt111):ABSOLUTE (__DefaultInterrupt)
                  0x0000f4          0x4 LONG 0x7126 DEFINED (__Interrupt112)?ABSOLUTE (__Interrupt112):ABSOLUTE (__DefaultInterrupt)
                  0x0000f6          0x4 LONG 0x7126 DEFINED (__Interrupt113)?ABSOLUTE (__Interrupt113):ABSOLUTE (__DefaultInterrupt)
                  0x0000f8          0x4 LONG 0x7126 DEFINED (__Interrupt114)?ABSOLUTE (__Interrupt114):ABSOLUTE (__DefaultInterrupt)
                  0x0000fa          0x4 LONG 0x7126 DEFINED (__Interrupt115)?ABSOLUTE (__Interrupt115):ABSOLUTE (__DefaultInterrupt)
                  0x0000fc          0x4 LONG 0x7126 DEFINED (__Interrupt116)?ABSOLUTE (__Interrupt116):ABSOLUTE (__DefaultInterrupt)
                  0x0000fe          0x4 LONG 0x7126 DEFINED (__Interrupt117)?ABSOLUTE (__Interrupt117):ABSOLUTE (__DefaultInterrupt)

.aivt             0x000104         0xfc
                  0x000104          0x4 LONG 0x7126 DEFINED (__AltReservedTrap0)?ABSOLUTE (__AltReservedTrap0):DEFINED (__ReservedTrap0)?ABSOLUTE (__ReservedTrap0):ABSOLUTE (__DefaultInterrupt)
                  0x000106          0x4 LONG 0x713a DEFINED (__AltOscillatorFail)?ABSOLUTE (__AltOscillatorFail):DEFINED (__OscillatorFail)?ABSOLUTE (__OscillatorFail):ABSOLUTE (__DefaultInterrupt)
                  0x000108          0x4 LONG 0x714e DEFINED (__AltAddressError)?ABSOLUTE (__AltAddressError):DEFINED (__AddressError)?ABSOLUTE (__AddressError):ABSOLUTE (__DefaultInterrupt)
                  0x00010a          0x4 LONG 0x7162 DEFINED (__AltStackError)?ABSOLUTE (__AltStackError):DEFINED (__StackError)?ABSOLUTE (__StackError):ABSOLUTE (__DefaultInterrupt)
                  0x00010c          0x4 LONG 0x7176 DEFINED (__AltMathError)?ABSOLUTE (__AltMathError):DEFINED (__MathError)?ABSOLUTE (__MathError):ABSOLUTE (__DefaultInterrupt)
                  0x00010e          0x4 LONG 0x7126 DEFINED (__AltReservedTrap5)?ABSOLUTE (__AltReservedTrap5):DEFINED (__ReservedTrap5)?ABSOLUTE (__ReservedTrap5):ABSOLUTE (__DefaultInterrupt)
                  0x000110          0x4 LONG 0x7126 DEFINED (__AltReservedTrap6)?ABSOLUTE (__AltReservedTrap6):DEFINED (__ReservedTrap6)?ABSOLUTE (__ReservedTrap6):ABSOLUTE (__DefaultInterrupt)
                  0x000112          0x4 LONG 0x7126 DEFINED (__AltReservedTrap7)?ABSOLUTE (__AltReservedTrap7):DEFINED (__ReservedTrap7)?ABSOLUTE (__ReservedTrap7):ABSOLUTE (__DefaultInterrupt)
                  0x000114          0x4 LONG 0x7126 DEFINED (__AltINT0Interrupt)?ABSOLUTE (__AltINT0Interrupt):DEFINED (__INT0Interrupt)?ABSOLUTE (__INT0Interrupt):ABSOLUTE (__DefaultInterrupt)
                  0x000116          0x4 LONG 0x7126 DEFINED (__AltIC1Interrupt)?ABSOLUTE (__AltIC1Interrupt):DEFINED (__IC1Interrupt)?ABSOLUTE (__IC1Interrupt):ABSOLUTE (__DefaultInterrupt)
                  0x000118          0x4 LONG 0x7126 DEFINED (__AltOC1Interrupt)?ABSOLUTE (__AltOC1Interrupt):DEFINED (__OC1Interrupt)?ABSOLUTE (__OC1Interrupt):ABSOLUTE (__DefaultInterrupt)
                  0x00011a          0x4 LONG 0xa43a DEFINED (__AltT1Interrupt)?ABSOLUTE (__AltT1Interrupt):DEFINED (__T1Interrupt)?ABSOLUTE (__T1Interrupt):ABSOLUTE (__DefaultInterrupt)
                  0x00011c          0x4 LONG 0x7126 DEFINED (__AltInterrupt4)?ABSOLUTE (__AltInterrupt4):DEFINED (__Interrupt4)?ABSOLUTE (__Interrupt4):ABSOLUTE (__DefaultInterrupt)
                  0x00011e          0x4 LONG 0x7126 DEFINED (__AltIC2Interrupt)?ABSOLUTE (__AltIC2Interrupt):DEFINED (__IC2Interrupt)?ABSOLUTE (__IC2Interrupt):ABSOLUTE (__DefaultInterrupt)
                  0x000120          0x4 LONG 0x7126 DEFINED (__AltOC2Interrupt)?ABSOLUTE (__AltOC2Interrupt):DEFINED (__OC2Interrupt)?ABSOLUTE (__OC2Interrupt):ABSOLUTE (__DefaultInterrupt)
                  0x000122          0x4 LONG 0x7126 DEFINED (__AltT2Interrupt)?ABSOLUTE (__AltT2Interrupt):DEFINED (__T2Interrupt)?ABSOLUTE (__T2Interrupt):ABSOLUTE (__DefaultInterrupt)
                  0x000124          0x4 LONG 0x7126 DEFINED (__AltT3Interrupt)?ABSOLUTE (__AltT3Interrupt):DEFINED (__T3Interrupt)?ABSOLUTE (__T3Interrupt):ABSOLUTE (__DefaultInterrupt)
                  0x000126          0x4 LONG 0x7126 DEFINED (__AltSPI1ErrInterrupt)?ABSOLUTE (__AltSPI1ErrInterrupt):DEFINED (__SPI1ErrInterrupt)?ABSOLUTE (__SPI1ErrInterrupt):ABSOLUTE (__DefaultInterrupt)
                  0x000128          0x4 LONG 0x7126 DEFINED (__AltSPI1Interrupt)?ABSOLUTE (__AltSPI1Interrupt):DEFINED (__SPI1Interrupt)?ABSOLUTE (__SPI1Interrupt):ABSOLUTE (__DefaultInterrupt)
                  0x00012a          0x4 LONG 0x7126 DEFINED (__AltU1RXInterrupt)?ABSOLUTE (__AltU1RXInterrupt):DEFINED (__U1RXInterrupt)?ABSOLUTE (__U1RXInterrupt):ABSOLUTE (__DefaultInterrupt)
                  0x00012c          0x4 LONG 0x7126 DEFINED (__AltU1TXInterrupt)?ABSOLUTE (__AltU1TXInterrupt):DEFINED (__U1TXInterrupt)?ABSOLUTE (__U1TXInterrupt):ABSOLUTE (__DefaultInterrupt)
                  0x00012e          0x4 LONG 0x7126 DEFINED (__AltADC1Interrupt)?ABSOLUTE (__AltADC1Interrupt):DEFINED (__ADC1Interrupt)?ABSOLUTE (__ADC1Interrupt):ABSOLUTE (__DefaultInterrupt)
                  0x000130          0x4 LONG 0x7126 DEFINED (__AltInterrupt14)?ABSOLUTE (__AltInterrupt14):DEFINED (__Interrupt14)?ABSOLUTE (__Interrupt14):ABSOLUTE (__DefaultInterrupt)
                  0x000132          0x4 LONG 0x7126 DEFINED (__AltInterrupt15)?ABSOLUTE (__AltInterrupt15):DEFINED (__Interrupt15)?ABSOLUTE (__Interrupt15):ABSOLUTE (__DefaultInterrupt)
                  0x000134          0x4 LONG 0x7126 DEFINED (__AltSI2C1Interrupt)?ABSOLUTE (__AltSI2C1Interrupt):DEFINED (__SI2C1Interrupt)?ABSOLUTE (__SI2C1Interrupt):ABSOLUTE (__DefaultInterrupt)
                  0x000136          0x4 LONG 0x7126 DEFINED (__AltMI2C1Interrupt)?ABSOLUTE (__AltMI2C1Interrupt):DEFINED (__MI2C1Interrupt)?ABSOLUTE (__MI2C1Interrupt):ABSOLUTE (__DefaultInterrupt)
                  0x000138          0x4 LONG 0x7126 DEFINED (__AltCompInterrupt)?ABSOLUTE (__AltCompInterrupt):DEFINED (__CompInterrupt)?ABSOLUTE (__CompInterrupt):ABSOLUTE (__DefaultInterrupt)
                  0x00013a          0x4 LONG 0x7126 DEFINED (__AltCNInterrupt)?ABSOLUTE (__AltCNInterrupt):DEFINED (__CNInterrupt)?ABSOLUTE (__CNInterrupt):ABSOLUTE (__DefaultInterrupt)
                  0x00013c          0x4 LONG 0xa8fc DEFINED (__AltINT1Interrupt)?ABSOLUTE (__AltINT1Interrupt):DEFINED (__INT1Interrupt)?ABSOLUTE (__INT1Interrupt):ABSOLUTE (__DefaultInterrupt)
                  0x00013e          0x4 LONG 0x7126 DEFINED (__AltInterrupt21)?ABSOLUTE (__AltInterrupt21):DEFINED (__Interrupt21)?ABSOLUTE (__Interrupt21):ABSOLUTE (__DefaultInterrupt)
                  0x000140          0x4 LONG 0x7126 DEFINED (__AltInterrupt22)?ABSOLUTE (__AltInterrupt22):DEFINED (__Interrupt22)?ABSOLUTE (__Interrupt22):ABSOLUTE (__DefaultInterrupt)
                  0x000142          0x4 LONG 0x7126 DEFINED (__AltInterrupt23)?ABSOLUTE (__AltInterrupt23):DEFINED (__Interrupt23)?ABSOLUTE (__Interrupt23):ABSOLUTE (__DefaultInterrupt)
                  0x000144          0x4 LONG 0x7126 DEFINED (__AltInterrupt24)?ABSOLUTE (__AltInterrupt24):DEFINED (__Interrupt24)?ABSOLUTE (__Interrupt24):ABSOLUTE (__DefaultInterrupt)
                  0x000146          0x4 LONG 0x7126 DEFINED (__AltOC3Interrupt)?ABSOLUTE (__AltOC3Interrupt):DEFINED (__OC3Interrupt)?ABSOLUTE (__OC3Interrupt):ABSOLUTE (__DefaultInterrupt)
                  0x000148          0x4 LONG 0x7126 DEFINED (__AltOC4Interrupt)?ABSOLUTE (__AltOC4Interrupt):DEFINED (__OC4Interrupt)?ABSOLUTE (__OC4Interrupt):ABSOLUTE (__DefaultInterrupt)
                  0x00014a          0x4 LONG 0x7126 DEFINED (__AltT4Interrupt)?ABSOLUTE (__AltT4Interrupt):DEFINED (__T4Interrupt)?ABSOLUTE (__T4Interrupt):ABSOLUTE (__DefaultInterrupt)
                  0x00014c          0x4 LONG 0x7126 DEFINED (__AltT5Interrupt)?ABSOLUTE (__AltT5Interrupt):DEFINED (__T5Interrupt)?ABSOLUTE (__T5Interrupt):ABSOLUTE (__DefaultInterrupt)
                  0x00014e          0x4 LONG 0x7126 DEFINED (__AltINT2Interrupt)?ABSOLUTE (__AltINT2Interrupt):DEFINED (__INT2Interrupt)?ABSOLUTE (__INT2Interrupt):ABSOLUTE (__DefaultInterrupt)
                  0x000150          0x4 LONG 0x7126 DEFINED (__AltU2RXInterrupt)?ABSOLUTE (__AltU2RXInterrupt):DEFINED (__U2RXInterrupt)?ABSOLUTE (__U2RXInterrupt):ABSOLUTE (__DefaultInterrupt)
                  0x000152          0x4 LONG 0x7126 DEFINED (__AltU2TXInterrupt)?ABSOLUTE (__AltU2TXInterrupt):DEFINED (__U2TXInterrupt)?ABSOLUTE (__U2TXInterrupt):ABSOLUTE (__DefaultInterrupt)
                  0x000154          0x4 LONG 0x7126 DEFINED (__AltSPI2ErrInterrupt)?ABSOLUTE (__AltSPI2ErrInterrupt):DEFINED (__SPI2ErrInterrupt)?ABSOLUTE (__SPI2ErrInterrupt):ABSOLUTE (__DefaultInterrupt)
                  0x000156          0x4 LONG 0x7126 DEFINED (__AltSPI2Interrupt)?ABSOLUTE (__AltSPI2Interrupt):DEFINED (__SPI2Interrupt)?ABSOLUTE (__SPI2Interrupt):ABSOLUTE (__DefaultInterrupt)
                  0x000158          0x4 LONG 0x7126 DEFINED (__AltInterrupt34)?ABSOLUTE (__AltInterrupt34):DEFINED (__Interrupt34)?ABSOLUTE (__Interrupt34):ABSOLUTE (__DefaultInterrupt)
                  0x00015a          0x4 LONG 0x7126 DEFINED (__AltInterrupt35)?ABSOLUTE (__AltInterrupt35):DEFINED (__Interrupt35)?ABSOLUTE (__Interrupt35):ABSOLUTE (__DefaultInterrupt)
                  0x00015c          0x4 LONG 0x7126 DEFINED (__AltInterrupt36)?ABSOLUTE (__AltInterrupt36):DEFINED (__Interrupt36)?ABSOLUTE (__Interrupt36):ABSOLUTE (__DefaultInterrupt)
                  0x00015e          0x4 LONG 0x7126 DEFINED (__AltIC3Interrupt)?ABSOLUTE (__AltIC3Interrupt):DEFINED (__IC3Interrupt)?ABSOLUTE (__IC3Interrupt):ABSOLUTE (__DefaultInterrupt)
                  0x000160          0x4 LONG 0x7126 DEFINED (__AltIC4Interrupt)?ABSOLUTE (__AltIC4Interrupt):DEFINED (__IC4Interrupt)?ABSOLUTE (__IC4Interrupt):ABSOLUTE (__DefaultInterrupt)
                  0x000162          0x4 LONG 0x7126 DEFINED (__AltIC5Interrupt)?ABSOLUTE (__AltIC5Interrupt):DEFINED (__IC5Interrupt)?ABSOLUTE (__IC5Interrupt):ABSOLUTE (__DefaultInterrupt)
                  0x000164          0x4 LONG 0x7126 DEFINED (__AltInterrupt40)?ABSOLUTE (__AltInterrupt40):DEFINED (__Interrupt40)?ABSOLUTE (__Interrupt40):ABSOLUTE (__DefaultInterrupt)
                  0x000166          0x4 LONG 0x7126 DEFINED (__AltOC5Interrupt)?ABSOLUTE (__AltOC5Interrupt):DEFINED (__OC5Interrupt)?ABSOLUTE (__OC5Interrupt):ABSOLUTE (__DefaultInterrupt)
                  0x000168          0x4 LONG 0x7126 DEFINED (__AltInterrupt42)?ABSOLUTE (__AltInterrupt42):DEFINED (__Interrupt42)?ABSOLUTE (__Interrupt42):ABSOLUTE (__DefaultInterrupt)
                  0x00016a          0x4 LONG 0x7126 DEFINED (__AltInterrupt43)?ABSOLUTE (__AltInterrupt43):DEFINED (__Interrupt43)?ABSOLUTE (__Interrupt43):ABSOLUTE (__DefaultInterrupt)
                  0x00016c          0x4 LONG 0x7126 DEFINED (__AltInterrupt44)?ABSOLUTE (__AltInterrupt44):DEFINED (__Interrupt44)?ABSOLUTE (__Interrupt44):ABSOLUTE (__DefaultInterrupt)
                  0x00016e          0x4 LONG 0x7126 DEFINED (__AltPMPInterrupt)?ABSOLUTE (__AltPMPInterrupt):DEFINED (__PMPInterrupt)?ABSOLUTE (__PMPInterrupt):ABSOLUTE (__DefaultInterrupt)
                  0x000170          0x4 LONG 0x7126 DEFINED (__AltInterrupt46)?ABSOLUTE (__AltInterrupt46):DEFINED (__Interrupt46)?ABSOLUTE (__Interrupt46):ABSOLUTE (__DefaultInterrupt)
                  0x000172          0x4 LONG 0x7126 DEFINED (__AltInterrupt47)?ABSOLUTE (__AltInterrupt47):DEFINED (__Interrupt47)?ABSOLUTE (__Interrupt47):ABSOLUTE (__DefaultInterrupt)
                  0x000174          0x4 LONG 0x7126 DEFINED (__AltInterrupt48)?ABSOLUTE (__AltInterrupt48):DEFINED (__Interrupt48)?ABSOLUTE (__Interrupt48):ABSOLUTE (__DefaultInterrupt)
                  0x000176          0x4 LONG 0x7126 DEFINED (__AltSI2C2Interrupt)?ABSOLUTE (__AltSI2C2Interrupt):DEFINED (__SI2C2Interrupt)?ABSOLUTE (__SI2C2Interrupt):ABSOLUTE (__DefaultInterrupt)
                  0x000178          0x4 LONG 0x7126 DEFINED (__AltMI2C2Interrupt)?ABSOLUTE (__AltMI2C2Interrupt):DEFINED (__MI2C2Interrupt)?ABSOLUTE (__MI2C2Interrupt):ABSOLUTE (__DefaultInterrupt)
                  0x00017a          0x4 LONG 0x7126 DEFINED (__AltInterrupt51)?ABSOLUTE (__AltInterrupt51):DEFINED (__Interrupt51)?ABSOLUTE (__Interrupt51):ABSOLUTE (__DefaultInterrupt)
                  0x00017c          0x4 LONG 0x7126 DEFINED (__AltInterrupt52)?ABSOLUTE (__AltInterrupt52):DEFINED (__Interrupt52)?ABSOLUTE (__Interrupt52):ABSOLUTE (__DefaultInterrupt)
                  0x00017e          0x4 LONG 0x7126 DEFINED (__AltInterrupt53)?ABSOLUTE (__AltInterrupt53):DEFINED (__Interrupt53)?ABSOLUTE (__Interrupt53):ABSOLUTE (__DefaultInterrupt)
                  0x000180          0x4 LONG 0x7126 DEFINED (__AltInterrupt54)?ABSOLUTE (__AltInterrupt54):DEFINED (__Interrupt54)?ABSOLUTE (__Interrupt54):ABSOLUTE (__DefaultInterrupt)
                  0x000182          0x4 LONG 0x7126 DEFINED (__AltInterrupt55)?ABSOLUTE (__AltInterrupt55):DEFINED (__Interrupt55)?ABSOLUTE (__Interrupt55):ABSOLUTE (__DefaultInterrupt)
                  0x000184          0x4 LONG 0x7126 DEFINED (__AltInterrupt56)?ABSOLUTE (__AltInterrupt56):DEFINED (__Interrupt56)?ABSOLUTE (__Interrupt56):ABSOLUTE (__DefaultInterrupt)
                  0x000186          0x4 LONG 0x7126 DEFINED (__AltInterrupt57)?ABSOLUTE (__AltInterrupt57):DEFINED (__Interrupt57)?ABSOLUTE (__Interrupt57):ABSOLUTE (__DefaultInterrupt)
                  0x000188          0x4 LONG 0x7126 DEFINED (__AltInterrupt58)?ABSOLUTE (__AltInterrupt58):DEFINED (__Interrupt58)?ABSOLUTE (__Interrupt58):ABSOLUTE (__DefaultInterrupt)
                  0x00018a          0x4 LONG 0x7126 DEFINED (__AltInterrupt59)?ABSOLUTE (__AltInterrupt59):DEFINED (__Interrupt59)?ABSOLUTE (__Interrupt59):ABSOLUTE (__DefaultInterrupt)
                  0x00018c          0x4 LONG 0x7126 DEFINED (__AltInterrupt60)?ABSOLUTE (__AltInterrupt60):DEFINED (__Interrupt60)?ABSOLUTE (__Interrupt60):ABSOLUTE (__DefaultInterrupt)
                  0x00018e          0x4 LONG 0x7126 DEFINED (__AltInterrupt61)?ABSOLUTE (__AltInterrupt61):DEFINED (__Interrupt61)?ABSOLUTE (__Interrupt61):ABSOLUTE (__DefaultInterrupt)
                  0x000190          0x4 LONG 0x7126 DEFINED (__AltRTCCInterrupt)?ABSOLUTE (__AltRTCCInterrupt):DEFINED (__RTCCInterrupt)?ABSOLUTE (__RTCCInterrupt):ABSOLUTE (__DefaultInterrupt)
                  0x000192          0x4 LONG 0x7126 DEFINED (__AltInterrupt63)?ABSOLUTE (__AltInterrupt63):DEFINED (__Interrupt63)?ABSOLUTE (__Interrupt63):ABSOLUTE (__DefaultInterrupt)
                  0x000194          0x4 LONG 0x7126 DEFINED (__AltInterrupt64)?ABSOLUTE (__AltInterrupt64):DEFINED (__Interrupt64)?ABSOLUTE (__Interrupt64):ABSOLUTE (__DefaultInterrupt)
                  0x000196          0x4 LONG 0x7126 DEFINED (__AltU1ErrInterrupt)?ABSOLUTE (__AltU1ErrInterrupt):DEFINED (__U1ErrInterrupt)?ABSOLUTE (__U1ErrInterrupt):ABSOLUTE (__DefaultInterrupt)
                  0x000198          0x4 LONG 0x7126 DEFINED (__AltU2ErrInterrupt)?ABSOLUTE (__AltU2ErrInterrupt):DEFINED (__U2ErrInterrupt)?ABSOLUTE (__U2ErrInterrupt):ABSOLUTE (__DefaultInterrupt)
                  0x00019a          0x4 LONG 0x7126 DEFINED (__AltCRCInterrupt)?ABSOLUTE (__AltCRCInterrupt):DEFINED (__CRCInterrupt)?ABSOLUTE (__CRCInterrupt):ABSOLUTE (__DefaultInterrupt)
                  0x00019c          0x4 LONG 0x7126 DEFINED (__AltInterrupt68)?ABSOLUTE (__AltInterrupt68):DEFINED (__Interrupt68)?ABSOLUTE (__Interrupt68):ABSOLUTE (__DefaultInterrupt)
                  0x00019e          0x4 LONG 0x7126 DEFINED (__AltInterrupt69)?ABSOLUTE (__AltInterrupt69):DEFINED (__Interrupt69)?ABSOLUTE (__Interrupt69):ABSOLUTE (__DefaultInterrupt)
                  0x0001a0          0x4 LONG 0x7126 DEFINED (__AltInterrupt70)?ABSOLUTE (__AltInterrupt70):DEFINED (__Interrupt70)?ABSOLUTE (__Interrupt70):ABSOLUTE (__DefaultInterrupt)
                  0x0001a2          0x4 LONG 0x7126 DEFINED (__AltInterrupt71)?ABSOLUTE (__AltInterrupt71):DEFINED (__Interrupt71)?ABSOLUTE (__Interrupt71):ABSOLUTE (__DefaultInterrupt)
                  0x0001a4          0x4 LONG 0x7126 DEFINED (__AltLVDInterrupt)?ABSOLUTE (__AltLVDInterrupt):DEFINED (__LVDInterrupt)?ABSOLUTE (__LVDInterrupt):ABSOLUTE (__DefaultInterrupt)
                  0x0001a6          0x4 LONG 0x7126 DEFINED (__AltInterrupt73)?ABSOLUTE (__AltInterrupt73):DEFINED (__Interrupt73)?ABSOLUTE (__Interrupt73):ABSOLUTE (__DefaultInterrupt)
                  0x0001a8          0x4 LONG 0x7126 DEFINED (__AltInterrupt74)?ABSOLUTE (__AltInterrupt74):DEFINED (__Interrupt74)?ABSOLUTE (__Interrupt74):ABSOLUTE (__DefaultInterrupt)
                  0x0001aa          0x4 LONG 0x7126 DEFINED (__AltInterrupt75)?ABSOLUTE (__AltInterrupt75):DEFINED (__Interrupt75)?ABSOLUTE (__Interrupt75):ABSOLUTE (__DefaultInterrupt)
                  0x0001ac          0x4 LONG 0x7126 DEFINED (__AltInterrupt76)?ABSOLUTE (__AltInterrupt76):DEFINED (__Interrupt76)?ABSOLUTE (__Interrupt76):ABSOLUTE (__DefaultInterrupt)
                  0x0001ae          0x4 LONG 0x7126 DEFINED (__AltInterrupt77)?ABSOLUTE (__AltInterrupt77):DEFINED (__Interrupt77)?ABSOLUTE (__Interrupt77):ABSOLUTE (__DefaultInterrupt)
                  0x0001b0          0x4 LONG 0x7126 DEFINED (__AltInterrupt78)?ABSOLUTE (__AltInterrupt78):DEFINED (__Interrupt78)?ABSOLUTE (__Interrupt78):ABSOLUTE (__DefaultInterrupt)
                  0x0001b2          0x4 LONG 0x7126 DEFINED (__AltInterrupt79)?ABSOLUTE (__AltInterrupt79):DEFINED (__Interrupt79)?ABSOLUTE (__Interrupt79):ABSOLUTE (__DefaultInterrupt)
                  0x0001b4          0x4 LONG 0x7126 DEFINED (__AltInterrupt80)?ABSOLUTE (__AltInterrupt80):DEFINED (__Interrupt80)?ABSOLUTE (__Interrupt80):ABSOLUTE (__DefaultInterrupt)
                  0x0001b6          0x4 LONG 0x7126 DEFINED (__AltInterrupt81)?ABSOLUTE (__AltInterrupt81):DEFINED (__Interrupt81)?ABSOLUTE (__Interrupt81):ABSOLUTE (__DefaultInterrupt)
                  0x0001b8          0x4 LONG 0x7126 DEFINED (__AltInterrupt82)?ABSOLUTE (__AltInterrupt82):DEFINED (__Interrupt82)?ABSOLUTE (__Interrupt82):ABSOLUTE (__DefaultInterrupt)
                  0x0001ba          0x4 LONG 0x7126 DEFINED (__AltInterrupt83)?ABSOLUTE (__AltInterrupt83):DEFINED (__Interrupt83)?ABSOLUTE (__Interrupt83):ABSOLUTE (__DefaultInterrupt)
                  0x0001bc          0x4 LONG 0x7126 DEFINED (__AltInterrupt84)?ABSOLUTE (__AltInterrupt84):DEFINED (__Interrupt84)?ABSOLUTE (__Interrupt84):ABSOLUTE (__DefaultInterrupt)
                  0x0001be          0x4 LONG 0x7126 DEFINED (__AltInterrupt85)?ABSOLUTE (__AltInterrupt85):DEFINED (__Interrupt85)?ABSOLUTE (__Interrupt85):ABSOLUTE (__DefaultInterrupt)
                  0x0001c0          0x4 LONG 0x7126 DEFINED (__AltInterrupt86)?ABSOLUTE (__AltInterrupt86):DEFINED (__Interrupt86)?ABSOLUTE (__Interrupt86):ABSOLUTE (__DefaultInterrupt)
                  0x0001c2          0x4 LONG 0x7126 DEFINED (__AltInterrupt87)?ABSOLUTE (__AltInterrupt87):DEFINED (__Interrupt87)?ABSOLUTE (__Interrupt87):ABSOLUTE (__DefaultInterrupt)
                  0x0001c4          0x4 LONG 0x7126 DEFINED (__AltInterrupt88)?ABSOLUTE (__AltInterrupt88):DEFINED (__Interrupt88)?ABSOLUTE (__Interrupt88):ABSOLUTE (__DefaultInterrupt)
                  0x0001c6          0x4 LONG 0x7126 DEFINED (__AltInterrupt89)?ABSOLUTE (__AltInterrupt89):DEFINED (__Interrupt89)?ABSOLUTE (__Interrupt89):ABSOLUTE (__DefaultInterrupt)
                  0x0001c8          0x4 LONG 0x7126 DEFINED (__AltInterrupt90)?ABSOLUTE (__AltInterrupt90):DEFINED (__Interrupt90)?ABSOLUTE (__Interrupt90):ABSOLUTE (__DefaultInterrupt)
                  0x0001ca          0x4 LONG 0x7126 DEFINED (__AltInterrupt91)?ABSOLUTE (__AltInterrupt91):DEFINED (__Interrupt91)?ABSOLUTE (__Interrupt91):ABSOLUTE (__DefaultInterrupt)
                  0x0001cc          0x4 LONG 0x7126 DEFINED (__AltInterrupt92)?ABSOLUTE (__AltInterrupt92):DEFINED (__Interrupt92)?ABSOLUTE (__Interrupt92):ABSOLUTE (__DefaultInterrupt)
                  0x0001ce          0x4 LONG 0x7126 DEFINED (__AltInterrupt93)?ABSOLUTE (__AltInterrupt93):DEFINED (__Interrupt93)?ABSOLUTE (__Interrupt93):ABSOLUTE (__DefaultInterrupt)
                  0x0001d0          0x4 LONG 0x7126 DEFINED (__AltInterrupt94)?ABSOLUTE (__AltInterrupt94):DEFINED (__Interrupt94)?ABSOLUTE (__Interrupt94):ABSOLUTE (__DefaultInterrupt)
                  0x0001d2          0x4 LONG 0x7126 DEFINED (__AltInterrupt95)?ABSOLUTE (__AltInterrupt95):DEFINED (__Interrupt95)?ABSOLUTE (__Interrupt95):ABSOLUTE (__DefaultInterrupt)
                  0x0001d4          0x4 LONG 0x7126 DEFINED (__AltInterrupt96)?ABSOLUTE (__AltInterrupt96):DEFINED (__Interrupt96)?ABSOLUTE (__Interrupt96):ABSOLUTE (__DefaultInterrupt)
                  0x0001d6          0x4 LONG 0x7126 DEFINED (__AltInterrupt97)?ABSOLUTE (__AltInterrupt97):DEFINED (__Interrupt97)?ABSOLUTE (__Interrupt97):ABSOLUTE (__DefaultInterrupt)
                  0x0001d8          0x4 LONG 0x7126 DEFINED (__AltInterrupt98)?ABSOLUTE (__AltInterrupt98):DEFINED (__Interrupt98)?ABSOLUTE (__Interrupt98):ABSOLUTE (__DefaultInterrupt)
                  0x0001da          0x4 LONG 0x7126 DEFINED (__AltInterrupt99)?ABSOLUTE (__AltInterrupt99):DEFINED (__Interrupt99)?ABSOLUTE (__Interrupt99):ABSOLUTE (__DefaultInterrupt)
                  0x0001dc          0x4 LONG 0x7126 DEFINED (__AltInterrupt100)?ABSOLUTE (__AltInterrupt100):DEFINED (__Interrupt100)?ABSOLUTE (__Interrupt100):ABSOLUTE (__DefaultInterrupt)
                  0x0001de          0x4 LONG 0x7126 DEFINED (__AltInterrupt101)?ABSOLUTE (__AltInterrupt101):DEFINED (__Interrupt101)?ABSOLUTE (__Interrupt101):ABSOLUTE (__DefaultInterrupt)
                  0x0001e0          0x4 LONG 0x7126 DEFINED (__AltInterrupt102)?ABSOLUTE (__AltInterrupt102):DEFINED (__Interrupt102)?ABSOLUTE (__Interrupt102):ABSOLUTE (__DefaultInterrupt)
                  0x0001e2          0x4 LONG 0x7126 DEFINED (__AltInterrupt103)?ABSOLUTE (__AltInterrupt103):DEFINED (__Interrupt103)?ABSOLUTE (__Interrupt103):ABSOLUTE (__DefaultInterrupt)
                  0x0001e4          0x4 LONG 0x7126 DEFINED (__AltInterrupt104)?ABSOLUTE (__AltInterrupt104):DEFINED (__Interrupt104)?ABSOLUTE (__Interrupt104):ABSOLUTE (__DefaultInterrupt)
                  0x0001e6          0x4 LONG 0x7126 DEFINED (__AltInterrupt105)?ABSOLUTE (__AltInterrupt105):DEFINED (__Interrupt105)?ABSOLUTE (__Interrupt105):ABSOLUTE (__DefaultInterrupt)
                  0x0001e8          0x4 LONG 0x7126 DEFINED (__AltInterrupt106)?ABSOLUTE (__AltInterrupt106):DEFINED (__Interrupt106)?ABSOLUTE (__Interrupt106):ABSOLUTE (__DefaultInterrupt)
                  0x0001ea          0x4 LONG 0x7126 DEFINED (__AltInterrupt107)?ABSOLUTE (__AltInterrupt107):DEFINED (__Interrupt107)?ABSOLUTE (__Interrupt107):ABSOLUTE (__DefaultInterrupt)
                  0x0001ec          0x4 LONG 0x7126 DEFINED (__AltInterrupt108)?ABSOLUTE (__AltInterrupt108):DEFINED (__Interrupt108)?ABSOLUTE (__Interrupt108):ABSOLUTE (__DefaultInterrupt)
                  0x0001ee          0x4 LONG 0x7126 DEFINED (__AltInterrupt109)?ABSOLUTE (__AltInterrupt109):DEFINED (__Interrupt109)?ABSOLUTE (__Interrupt109):ABSOLUTE (__DefaultInterrupt)
                  0x0001f0          0x4 LONG 0x7126 DEFINED (__AltInterrupt110)?ABSOLUTE (__AltInterrupt110):DEFINED (__Interrupt110)?ABSOLUTE (__Interrupt110):ABSOLUTE (__DefaultInterrupt)
                  0x0001f2          0x4 LONG 0x7126 DEFINED (__AltInterrupt111)?ABSOLUTE (__AltInterrupt111):DEFINED (__Interrupt111)?ABSOLUTE (__Interrupt111):ABSOLUTE (__DefaultInterrupt)
                  0x0001f4          0x4 LONG 0x7126 DEFINED (__AltInterrupt112)?ABSOLUTE (__AltInterrupt112):DEFINED (__Interrupt112)?ABSOLUTE (__Interrupt112):ABSOLUTE (__DefaultInterrupt)
                  0x0001f6          0x4 LONG 0x7126 DEFINED (__AltInterrupt113)?ABSOLUTE (__AltInterrupt113):DEFINED (__Interrupt113)?ABSOLUTE (__Interrupt113):ABSOLUTE (__DefaultInterrupt)
                  0x0001f8          0x4 LONG 0x7126 DEFINED (__AltInterrupt114)?ABSOLUTE (__AltInterrupt114):DEFINED (__Interrupt114)?ABSOLUTE (__Interrupt114):ABSOLUTE (__DefaultInterrupt)
                  0x0001fa          0x4 LONG 0x7126 DEFINED (__AltInterrupt115)?ABSOLUTE (__AltInterrupt115):DEFINED (__Interrupt115)?ABSOLUTE (__Interrupt115):ABSOLUTE (__DefaultInterrupt)
                  0x0001fc          0x4 LONG 0x7126 DEFINED (__AltInterrupt116)?ABSOLUTE (__AltInterrupt116):DEFINED (__Interrupt116)?ABSOLUTE (__Interrupt116):ABSOLUTE (__DefaultInterrupt)
                  0x0001fe          0x4 LONG 0x7126 DEFINED (__AltInterrupt117)?ABSOLUTE (__AltInterrupt117):DEFINED (__Interrupt117)?ABSOLUTE (__Interrupt117):ABSOLUTE (__DefaultInterrupt)
                    0x0000                  WREG0 = 0x0
                    0x0000                  _WREG0 = 0x0
                    0x0002                  WREG1 = 0x2
                    0x0002                  _WREG1 = 0x2
                    0x0004                  WREG2 = 0x4
                    0x0004                  _WREG2 = 0x4
                    0x0006                  WREG3 = 0x6
                    0x0006                  _WREG3 = 0x6
                    0x0008                  WREG4 = 0x8
                    0x0008                  _WREG4 = 0x8
                    0x000a                  WREG5 = 0xa
                    0x000a                  _WREG5 = 0xa
                    0x000c                  WREG6 = 0xc
                    0x000c                  _WREG6 = 0xc
                    0x000e                  WREG7 = 0xe
                    0x000e                  _WREG7 = 0xe
                    0x0010                  WREG8 = 0x10
                    0x0010                  _WREG8 = 0x10
                    0x0012                  WREG9 = 0x12
                    0x0012                  _WREG9 = 0x12
                    0x0014                  WREG10 = 0x14
                    0x0014                  _WREG10 = 0x14
                    0x0016                  WREG11 = 0x16
                    0x0016                  _WREG11 = 0x16
                    0x0018                  WREG12 = 0x18
                    0x0018                  _WREG12 = 0x18
                    0x001a                  WREG13 = 0x1a
                    0x001a                  _WREG13 = 0x1a
                    0x001c                  WREG14 = 0x1c
                    0x001c                  _WREG14 = 0x1c
                    0x001e                  WREG15 = 0x1e
                    0x001e                  _WREG15 = 0x1e
                    0x0020                  SPLIM = 0x20
                    0x0020                  _SPLIM = 0x20
                    0x002e                  PCL = 0x2e
                    0x002e                  _PCL = 0x2e
                    0x0030                  PCH = 0x30
                    0x0030                  _PCH = 0x30
                    0x0032                  TBLPAG = 0x32
                    0x0032                  _TBLPAG = 0x32
                    0x0034                  PSVPAG = 0x34
                    0x0034                  _PSVPAG = 0x34
                    0x0036                  RCOUNT = 0x36
                    0x0036                  _RCOUNT = 0x36
                    0x0042                  SR = 0x42
                    0x0042                  _SR = 0x42
                    0x0042                  _SRbits = 0x42
                    0x0044                  CORCON = 0x44
                    0x0044                  _CORCON = 0x44
                    0x0044                  _CORCONbits = 0x44
                    0x0052                  DISICNT = 0x52
                    0x0052                  _DISICNT = 0x52
                    0x0060                  CNEN1 = 0x60
                    0x0060                  _CNEN1 = 0x60
                    0x0060                  _CNEN1bits = 0x60
                    0x0062                  CNEN2 = 0x62
                    0x0062                  _CNEN2 = 0x62
                    0x0062                  _CNEN2bits = 0x62
                    0x0068                  CNPU1 = 0x68
                    0x0068                  _CNPU1 = 0x68
                    0x0068                  _CNPU1bits = 0x68
                    0x006a                  CNPU2 = 0x6a
                    0x006a                  _CNPU2 = 0x6a
                    0x006a                  _CNPU2bits = 0x6a
                    0x0080                  INTCON1 = 0x80
                    0x0080                  _INTCON1 = 0x80
                    0x0080                  _INTCON1bits = 0x80
                    0x0082                  INTCON2 = 0x82
                    0x0082                  _INTCON2 = 0x82
                    0x0082                  _INTCON2bits = 0x82
                    0x0084                  IFS0 = 0x84
                    0x0084                  _IFS0 = 0x84
                    0x0084                  _IFS0bits = 0x84
                    0x0086                  IFS1 = 0x86
                    0x0086                  _IFS1 = 0x86
                    0x0086                  _IFS1bits = 0x86
                    0x0088                  IFS2 = 0x88
                    0x0088                  _IFS2 = 0x88
                    0x0088                  _IFS2bits = 0x88
                    0x008a                  IFS3 = 0x8a
                    0x008a                  _IFS3 = 0x8a
                    0x008a                  _IFS3bits = 0x8a
                    0x008c                  IFS4 = 0x8c
                    0x008c                  _IFS4 = 0x8c
                    0x008c                  _IFS4bits = 0x8c
                    0x0094                  IEC0 = 0x94
                    0x0094                  _IEC0 = 0x94
                    0x0094                  _IEC0bits = 0x94
                    0x0096                  IEC1 = 0x96
                    0x0096                  _IEC1 = 0x96
                    0x0096                  _IEC1bits = 0x96
                    0x0098                  IEC2 = 0x98
                    0x0098                  _IEC2 = 0x98
                    0x0098                  _IEC2bits = 0x98
                    0x009a                  IEC3 = 0x9a
                    0x009a                  _IEC3 = 0x9a
                    0x009a                  _IEC3bits = 0x9a
                    0x009c                  IEC4 = 0x9c
                    0x009c                  _IEC4 = 0x9c
                    0x009c                  _IEC4bits = 0x9c
                    0x00a4                  IPC0 = 0xa4
                    0x00a4                  _IPC0 = 0xa4
                    0x00a4                  _IPC0bits = 0xa4
                    0x00a6                  IPC1 = 0xa6
                    0x00a6                  _IPC1 = 0xa6
                    0x00a6                  _IPC1bits = 0xa6
                    0x00a8                  IPC2 = 0xa8
                    0x00a8                  _IPC2 = 0xa8
                    0x00a8                  _IPC2bits = 0xa8
                    0x00aa                  IPC3 = 0xaa
                    0x00aa                  _IPC3 = 0xaa
                    0x00aa                  _IPC3bits = 0xaa
                    0x00ac                  IPC4 = 0xac
                    0x00ac                  _IPC4 = 0xac
                    0x00ac                  _IPC4bits = 0xac
                    0x00ae                  IPC5 = 0xae
                    0x00ae                  _IPC5 = 0xae
                    0x00ae                  _IPC5bits = 0xae
                    0x00b0                  IPC6 = 0xb0
                    0x00b0                  _IPC6 = 0xb0
                    0x00b0                  _IPC6bits = 0xb0
                    0x00b2                  IPC7 = 0xb2
                    0x00b2                  _IPC7 = 0xb2
                    0x00b2                  _IPC7bits = 0xb2
                    0x00b4                  IPC8 = 0xb4
                    0x00b4                  _IPC8 = 0xb4
                    0x00b4                  _IPC8bits = 0xb4
                    0x00b6                  IPC9 = 0xb6
                    0x00b6                  _IPC9 = 0xb6
                    0x00b6                  _IPC9bits = 0xb6
                    0x00b8                  IPC10 = 0xb8
                    0x00b8                  _IPC10 = 0xb8
                    0x00b8                  _IPC10bits = 0xb8
                    0x00ba                  IPC11 = 0xba
                    0x00ba                  _IPC11 = 0xba
                    0x00ba                  _IPC11bits = 0xba
                    0x00bc                  IPC12 = 0xbc
                    0x00bc                  _IPC12 = 0xbc
                    0x00bc                  _IPC12bits = 0xbc
                    0x00c2                  IPC15 = 0xc2
                    0x00c2                  _IPC15 = 0xc2
                    0x00c2                  _IPC15bits = 0xc2
                    0x00c4                  IPC16 = 0xc4
                    0x00c4                  _IPC16 = 0xc4
                    0x00c4                  _IPC16bits = 0xc4
                    0x00c8                  IPC18 = 0xc8
                    0x00c8                  _IPC18 = 0xc8
                    0x00c8                  _IPC18bits = 0xc8
                    0x0100                  TMR1 = 0x100
                    0x0100                  _TMR1 = 0x100
                    0x0102                  PR1 = 0x102
                    0x0102                  _PR1 = 0x102
                    0x0104                  T1CON = 0x104
                    0x0104                  _T1CON = 0x104
                    0x0104                  _T1CONbits = 0x104
                    0x0106                  TMR2 = 0x106
                    0x0106                  _TMR2 = 0x106
                    0x0108                  TMR3HLD = 0x108
                    0x0108                  _TMR3HLD = 0x108
                    0x010a                  TMR3 = 0x10a
                    0x010a                  _TMR3 = 0x10a
                    0x010c                  PR2 = 0x10c
                    0x010c                  _PR2 = 0x10c
                    0x010e                  PR3 = 0x10e
                    0x010e                  _PR3 = 0x10e
                    0x0110                  T2CON = 0x110
                    0x0110                  _T2CON = 0x110
                    0x0110                  _T2CONbits = 0x110
                    0x0112                  T3CON = 0x112
                    0x0112                  _T3CON = 0x112
                    0x0112                  _T3CONbits = 0x112
                    0x0114                  TMR4 = 0x114
                    0x0114                  _TMR4 = 0x114
                    0x0116                  TMR5HLD = 0x116
                    0x0116                  _TMR5HLD = 0x116
                    0x0118                  TMR5 = 0x118
                    0x0118                  _TMR5 = 0x118
                    0x011a                  PR4 = 0x11a
                    0x011a                  _PR4 = 0x11a
                    0x011c                  PR5 = 0x11c
                    0x011c                  _PR5 = 0x11c
                    0x011e                  T4CON = 0x11e
                    0x011e                  _T4CON = 0x11e
                    0x011e                  _T4CONbits = 0x11e
                    0x0120                  T5CON = 0x120
                    0x0120                  _T5CON = 0x120
                    0x0120                  _T5CONbits = 0x120
                    0x0140                  IC1BUF = 0x140
                    0x0140                  _IC1BUF = 0x140
                    0x0142                  IC1CON = 0x142
                    0x0142                  _IC1CON = 0x142
                    0x0142                  _IC1CONbits = 0x142
                    0x0144                  IC2BUF = 0x144
                    0x0144                  _IC2BUF = 0x144
                    0x0146                  IC2CON = 0x146
                    0x0146                  _IC2CON = 0x146
                    0x0146                  _IC2CONbits = 0x146
                    0x0148                  IC3BUF = 0x148
                    0x0148                  _IC3BUF = 0x148
                    0x014a                  IC3CON = 0x14a
                    0x014a                  _IC3CON = 0x14a
                    0x014a                  _IC3CONbits = 0x14a
                    0x014c                  IC4BUF = 0x14c
                    0x014c                  _IC4BUF = 0x14c
                    0x014e                  IC4CON = 0x14e
                    0x014e                  _IC4CON = 0x14e
                    0x014e                  _IC4CONbits = 0x14e
                    0x0150                  IC5BUF = 0x150
                    0x0150                  _IC5BUF = 0x150
                    0x0152                  IC5CON = 0x152
                    0x0152                  _IC5CON = 0x152
                    0x0152                  _IC5CONbits = 0x152
                    0x0180                  OC1RS = 0x180
                    0x0180                  _OC1RS = 0x180
                    0x0182                  OC1R = 0x182
                    0x0182                  _OC1R = 0x182
                    0x0184                  OC1CON = 0x184
                    0x0184                  _OC1CON = 0x184
                    0x0184                  _OC1CONbits = 0x184
                    0x0186                  OC2RS = 0x186
                    0x0186                  _OC2RS = 0x186
                    0x0188                  OC2R = 0x188
                    0x0188                  _OC2R = 0x188
                    0x018a                  OC2CON = 0x18a
                    0x018a                  _OC2CON = 0x18a
                    0x018a                  _OC2CONbits = 0x18a
                    0x018c                  OC3RS = 0x18c
                    0x018c                  _OC3RS = 0x18c
                    0x018e                  OC3R = 0x18e
                    0x018e                  _OC3R = 0x18e
                    0x0190                  OC3CON = 0x190
                    0x0190                  _OC3CON = 0x190
                    0x0190                  _OC3CONbits = 0x190
                    0x0192                  OC4RS = 0x192
                    0x0192                  _OC4RS = 0x192
                    0x0194                  OC4R = 0x194
                    0x0194                  _OC4R = 0x194
                    0x0196                  OC4CON = 0x196
                    0x0196                  _OC4CON = 0x196
                    0x0196                  _OC4CONbits = 0x196
                    0x0198                  OC5RS = 0x198
                    0x0198                  _OC5RS = 0x198
                    0x019a                  OC5R = 0x19a
                    0x019a                  _OC5R = 0x19a
                    0x019c                  OC5CON = 0x19c
                    0x019c                  _OC5CON = 0x19c
                    0x019c                  _OC5CONbits = 0x19c
                    0x0200                  I2C1RCV = 0x200
                    0x0200                  _I2C1RCV = 0x200
                    0x0202                  I2C1TRN = 0x202
                    0x0202                  _I2C1TRN = 0x202
                    0x0204                  I2C1BRG = 0x204
                    0x0204                  _I2C1BRG = 0x204
                    0x0206                  I2C1CON = 0x206
                    0x0206                  _I2C1CON = 0x206
                    0x0206                  _I2C1CONbits = 0x206
                    0x0208                  I2C1STAT = 0x208
                    0x0208                  _I2C1STAT = 0x208
                    0x0208                  _I2C1STATbits = 0x208
                    0x020a                  I2C1ADD = 0x20a
                    0x020a                  _I2C1ADD = 0x20a
                    0x020c                  I2C1MSK = 0x20c
                    0x020c                  _I2C1MSK = 0x20c
                    0x0210                  I2C2RCV = 0x210
                    0x0210                  _I2C2RCV = 0x210
                    0x0212                  I2C2TRN = 0x212
                    0x0212                  _I2C2TRN = 0x212
                    0x0214                  I2C2BRG = 0x214
                    0x0214                  _I2C2BRG = 0x214
                    0x0216                  I2C2CON = 0x216
                    0x0216                  _I2C2CON = 0x216
                    0x0216                  _I2C2CONbits = 0x216
                    0x0218                  I2C2STAT = 0x218
                    0x0218                  _I2C2STAT = 0x218
                    0x0218                  _I2C2STATbits = 0x218
                    0x021a                  I2C2ADD = 0x21a
                    0x021a                  _I2C2ADD = 0x21a
                    0x021c                  I2C2MSK = 0x21c
                    0x021c                  _I2C2MSK = 0x21c
                    0x0220                  U1MODE = 0x220
                    0x0220                  _U1MODE = 0x220
                    0x0220                  _U1MODEbits = 0x220
                    0x0222                  U1STA = 0x222
                    0x0222                  _U1STA = 0x222
                    0x0222                  _U1STAbits = 0x222
                    0x0224                  U1TXREG = 0x224
                    0x0224                  _U1TXREG = 0x224
                    0x0226                  U1RXREG = 0x226
                    0x0226                  _U1RXREG = 0x226
                    0x0228                  U1BRG = 0x228
                    0x0228                  _U1BRG = 0x228
                    0x0230                  U2MODE = 0x230
                    0x0230                  _U2MODE = 0x230
                    0x0230                  _U2MODEbits = 0x230
                    0x0232                  U2STA = 0x232
                    0x0232                  _U2STA = 0x232
                    0x0232                  _U2STAbits = 0x232
                    0x0234                  U2TXREG = 0x234
                    0x0234                  _U2TXREG = 0x234
                    0x0236                  U2RXREG = 0x236
                    0x0236                  _U2RXREG = 0x236
                    0x0238                  U2BRG = 0x238
                    0x0238                  _U2BRG = 0x238
                    0x0240                  SPI1STAT = 0x240
                    0x0240                  _SPI1STAT = 0x240
                    0x0240                  _SPI1STATbits = 0x240
                    0x0242                  SPI1CON1 = 0x242
                    0x0242                  _SPI1CON1 = 0x242
                    0x0242                  _SPI1CON1bits = 0x242
                    0x0244                  SPI1CON2 = 0x244
                    0x0244                  _SPI1CON2 = 0x244
                    0x0244                  _SPI1CON2bits = 0x244
                    0x0248                  SPI1BUF = 0x248
                    0x0248                  _SPI1BUF = 0x248
                    0x0260                  SPI2STAT = 0x260
                    0x0260                  _SPI2STAT = 0x260
                    0x0260                  _SPI2STATbits = 0x260
                    0x0262                  SPI2CON1 = 0x262
                    0x0262                  _SPI2CON1 = 0x262
                    0x0262                  _SPI2CON1bits = 0x262
                    0x0264                  SPI2CON2 = 0x264
                    0x0264                  _SPI2CON2 = 0x264
                    0x0264                  _SPI2CON2bits = 0x264
                    0x0268                  SPI2BUF = 0x268
                    0x0268                  _SPI2BUF = 0x268
                    0x02c0                  TRISA = 0x2c0
                    0x02c0                  _TRISA = 0x2c0
                    0x02c0                  _TRISAbits = 0x2c0
                    0x02c2                  PORTA = 0x2c2
                    0x02c2                  _PORTA = 0x2c2
                    0x02c2                  _PORTAbits = 0x2c2
                    0x02c4                  LATA = 0x2c4
                    0x02c4                  _LATA = 0x2c4
                    0x02c4                  _LATAbits = 0x2c4
                    0x02c6                  ODCA = 0x2c6
                    0x02c6                  _ODCA = 0x2c6
                    0x02c6                  _ODCAbits = 0x2c6
                    0x02c8                  TRISB = 0x2c8
                    0x02c8                  _TRISB = 0x2c8
                    0x02c8                  _TRISBbits = 0x2c8
                    0x02ca                  PORTB = 0x2ca
                    0x02ca                  _PORTB = 0x2ca
                    0x02ca                  _PORTBbits = 0x2ca
                    0x02cc                  LATB = 0x2cc
                    0x02cc                  _LATB = 0x2cc
                    0x02cc                  _LATBbits = 0x2cc
                    0x02ce                  ODCB = 0x2ce
                    0x02ce                  _ODCB = 0x2ce
                    0x02ce                  _ODCBbits = 0x2ce
                    0x02d0                  TRISC = 0x2d0
                    0x02d0                  _TRISC = 0x2d0
                    0x02d0                  _TRISCbits = 0x2d0
                    0x02d2                  PORTC = 0x2d2
                    0x02d2                  _PORTC = 0x2d2
                    0x02d2                  _PORTCbits = 0x2d2
                    0x02d4                  LATC = 0x2d4
                    0x02d4                  _LATC = 0x2d4
                    0x02d4                  _LATCbits = 0x2d4
                    0x02d6                  ODCC = 0x2d6
                    0x02d6                  _ODCC = 0x2d6
                    0x02d6                  _ODCCbits = 0x2d6
                    0x02fc                  PADCFG1 = 0x2fc
                    0x02fc                  _PADCFG1 = 0x2fc
                    0x02fc                  _PADCFG1bits = 0x2fc
                    0x0300                  ADC1BUF0 = 0x300
                    0x0300                  _ADC1BUF0 = 0x300
                    0x0302                  ADC1BUF1 = 0x302
                    0x0302                  _ADC1BUF1 = 0x302
                    0x0304                  ADC1BUF2 = 0x304
                    0x0304                  _ADC1BUF2 = 0x304
                    0x0306                  ADC1BUF3 = 0x306
                    0x0306                  _ADC1BUF3 = 0x306
                    0x0308                  ADC1BUF4 = 0x308
                    0x0308                  _ADC1BUF4 = 0x308
                    0x030a                  ADC1BUF5 = 0x30a
                    0x030a                  _ADC1BUF5 = 0x30a
                    0x030c                  ADC1BUF6 = 0x30c
                    0x030c                  _ADC1BUF6 = 0x30c
                    0x030e                  ADC1BUF7 = 0x30e
                    0x030e                  _ADC1BUF7 = 0x30e
                    0x0310                  ADC1BUF8 = 0x310
                    0x0310                  _ADC1BUF8 = 0x310
                    0x0312                  ADC1BUF9 = 0x312
                    0x0312                  _ADC1BUF9 = 0x312
                    0x0314                  ADC1BUFA = 0x314
                    0x0314                  _ADC1BUFA = 0x314
                    0x0316                  ADC1BUFB = 0x316
                    0x0316                  _ADC1BUFB = 0x316
                    0x0318                  ADC1BUFC = 0x318
                    0x0318                  _ADC1BUFC = 0x318
                    0x031a                  ADC1BUFD = 0x31a
                    0x031a                  _ADC1BUFD = 0x31a
                    0x031c                  ADC1BUFE = 0x31c
                    0x031c                  _ADC1BUFE = 0x31c
                    0x031e                  ADC1BUFF = 0x31e
                    0x031e                  _ADC1BUFF = 0x31e
                    0x0320                  AD1CON1 = 0x320
                    0x0320                  _AD1CON1 = 0x320
                    0x0320                  _AD1CON1bits = 0x320
                    0x0322                  AD1CON2 = 0x322
                    0x0322                  _AD1CON2 = 0x322
                    0x0322                  _AD1CON2bits = 0x322
                    0x0324                  AD1CON3 = 0x324
                    0x0324                  _AD1CON3 = 0x324
                    0x0324                  _AD1CON3bits = 0x324
                    0x0328                  AD1CHS = 0x328
                    0x0328                  _AD1CHS = 0x328
                    0x0328                  _AD1CHSbits = 0x328
                    0x032c                  AD1PCFG = 0x32c
                    0x032c                  _AD1PCFG = 0x32c
                    0x032c                  _AD1PCFGbits = 0x32c
                    0x0330                  AD1CSSL = 0x330
                    0x0330                  _AD1CSSL = 0x330
                    0x0330                  _AD1CSSLbits = 0x330
                    0x0600                  PMCON = 0x600
                    0x0600                  _PMCON = 0x600
                    0x0600                  _PMCONbits = 0x600
                    0x0602                  PMMODE = 0x602
                    0x0602                  _PMMODE = 0x602
                    0x0602                  _PMMODEbits = 0x602
                    0x0604                  PMADDR = 0x604
                    0x0604                  _PMADDR = 0x604
                    0x0604                  _PMADDRbits = 0x604
                    0x0604                  PMDOUT1 = 0x604
                    0x0604                  _PMDOUT1 = 0x604
                    0x0604                  _PMDOUT1bits = 0x604
                    0x0606                  PMDOUT2 = 0x606
                    0x0606                  _PMDOUT2 = 0x606
                    0x0608                  PMDIN1 = 0x608
                    0x0608                  _PMDIN1 = 0x608
                    0x060a                  PMDIN2 = 0x60a
                    0x060a                  _PMDIN2 = 0x60a
                    0x060c                  PMAEN = 0x60c
                    0x060c                  _PMAEN = 0x60c
                    0x060c                  _PMAENbits = 0x60c
                    0x060e                  PMSTAT = 0x60e
                    0x060e                  _PMSTAT = 0x60e
                    0x060e                  _PMSTATbits = 0x60e
                    0x0620                  ALRMVAL = 0x620
                    0x0620                  _ALRMVAL = 0x620
                    0x0622                  ALCFGRPT = 0x622
                    0x0622                  _ALCFGRPT = 0x622
                    0x0622                  _ALCFGRPTbits = 0x622
                    0x0624                  RTCVAL = 0x624
                    0x0624                  _RTCVAL = 0x624
                    0x0626                  RCFGCAL = 0x626
                    0x0626                  _RCFGCAL = 0x626
                    0x0626                  _RCFGCALbits = 0x626
                    0x0630                  CMCON = 0x630
                    0x0630                  _CMCON = 0x630
                    0x0630                  _CMCONbits = 0x630
                    0x0632                  CVRCON = 0x632
                    0x0632                  _CVRCON = 0x632
                    0x0632                  _CVRCONbits = 0x632
                    0x0640                  CRCCON = 0x640
                    0x0640                  _CRCCON = 0x640
                    0x0640                  _CRCCONbits = 0x640
                    0x0642                  CRCXOR = 0x642
                    0x0642                  _CRCXOR = 0x642
                    0x0642                  _CRCXORbits = 0x642
                    0x0644                  CRCDAT = 0x644
                    0x0644                  _CRCDAT = 0x644
                    0x0646                  CRCWDAT = 0x646
                    0x0646                  _CRCWDAT = 0x646
                    0x0680                  RPINR0 = 0x680
                    0x0680                  _RPINR0 = 0x680
                    0x0680                  _RPINR0bits = 0x680
                    0x0682                  RPINR1 = 0x682
                    0x0682                  _RPINR1 = 0x682
                    0x0682                  _RPINR1bits = 0x682
                    0x0686                  RPINR3 = 0x686
                    0x0686                  _RPINR3 = 0x686
                    0x0686                  _RPINR3bits = 0x686
                    0x0688                  RPINR4 = 0x688
                    0x0688                  _RPINR4 = 0x688
                    0x0688                  _RPINR4bits = 0x688
                    0x068e                  RPINR7 = 0x68e
                    0x068e                  _RPINR7 = 0x68e
                    0x068e                  _RPINR7bits = 0x68e
                    0x0690                  RPINR8 = 0x690
                    0x0690                  _RPINR8 = 0x690
                    0x0690                  _RPINR8bits = 0x690
                    0x0692                  RPINR9 = 0x692
                    0x0692                  _RPINR9 = 0x692
                    0x0692                  _RPINR9bits = 0x692
                    0x0696                  RPINR11 = 0x696
                    0x0696                  _RPINR11 = 0x696
                    0x0696                  _RPINR11bits = 0x696
                    0x06a4                  RPINR18 = 0x6a4
                    0x06a4                  _RPINR18 = 0x6a4
                    0x06a4                  _RPINR18bits = 0x6a4
                    0x06a6                  RPINR19 = 0x6a6
                    0x06a6                  _RPINR19 = 0x6a6
                    0x06a6                  _RPINR19bits = 0x6a6
                    0x06a8                  RPINR20 = 0x6a8
                    0x06a8                  _RPINR20 = 0x6a8
                    0x06a8                  _RPINR20bits = 0x6a8
                    0x06aa                  RPINR21 = 0x6aa
                    0x06aa                  _RPINR21 = 0x6aa
                    0x06aa                  _RPINR21bits = 0x6aa
                    0x06ac                  RPINR22 = 0x6ac
                    0x06ac                  _RPINR22 = 0x6ac
                    0x06ac                  _RPINR22bits = 0x6ac
                    0x06ae                  RPINR23 = 0x6ae
                    0x06ae                  _RPINR23 = 0x6ae
                    0x06ae                  _RPINR23bits = 0x6ae
                    0x06c0                  RPOR0 = 0x6c0
                    0x06c0                  _RPOR0 = 0x6c0
                    0x06c0                  _RPOR0bits = 0x6c0
                    0x06c2                  RPOR1 = 0x6c2
                    0x06c2                  _RPOR1 = 0x6c2
                    0x06c2                  _RPOR1bits = 0x6c2
                    0x06c4                  RPOR2 = 0x6c4
                    0x06c4                  _RPOR2 = 0x6c4
                    0x06c4                  _RPOR2bits = 0x6c4
                    0x06c6                  RPOR3 = 0x6c6
                    0x06c6                  _RPOR3 = 0x6c6
                    0x06c6                  _RPOR3bits = 0x6c6
                    0x06c8                  RPOR4 = 0x6c8
                    0x06c8                  _RPOR4 = 0x6c8
                    0x06c8                  _RPOR4bits = 0x6c8
                    0x06ca                  RPOR5 = 0x6ca
                    0x06ca                  _RPOR5 = 0x6ca
                    0x06ca                  _RPOR5bits = 0x6ca
                    0x06cc                  RPOR6 = 0x6cc
                    0x06cc                  _RPOR6 = 0x6cc
                    0x06cc                  _RPOR6bits = 0x6cc
                    0x06ce                  RPOR7 = 0x6ce
                    0x06ce                  _RPOR7 = 0x6ce
                    0x06ce                  _RPOR7bits = 0x6ce
                    0x06d0                  RPOR8 = 0x6d0
                    0x06d0                  _RPOR8 = 0x6d0
                    0x06d0                  _RPOR8bits = 0x6d0
                    0x06d2                  RPOR9 = 0x6d2
                    0x06d2                  _RPOR9 = 0x6d2
                    0x06d2                  _RPOR9bits = 0x6d2
                    0x06d4                  RPOR10 = 0x6d4
                    0x06d4                  _RPOR10 = 0x6d4
                    0x06d4                  _RPOR10bits = 0x6d4
                    0x06d6                  RPOR11 = 0x6d6
                    0x06d6                  _RPOR11 = 0x6d6
                    0x06d6                  _RPOR11bits = 0x6d6
                    0x06d8                  RPOR12 = 0x6d8
                    0x06d8                  _RPOR12 = 0x6d8
                    0x06d8                  _RPOR12bits = 0x6d8
                    0x0740                  RCON = 0x740
                    0x0740                  _RCON = 0x740
                    0x0740                  _RCONbits = 0x740
                    0x0742                  OSCCON = 0x742
                    0x0742                  _OSCCON = 0x742
                    0x0742                  _OSCCONbits = 0x742
                    0x0742                  OSCCONL = 0x742
                    0x0742                  _OSCCONL = 0x742
                    0x0743                  OSCCONH = 0x743
                    0x0743                  _OSCCONH = 0x743
                    0x0744                  CLKDIV = 0x744
                    0x0744                  _CLKDIV = 0x744
                    0x0744                  _CLKDIVbits = 0x744
                    0x0748                  OSCTUN = 0x748
                    0x0748                  _OSCTUN = 0x748
                    0x0748                  _OSCTUNbits = 0x748
                    0x0760                  NVMCON = 0x760
                    0x0760                  _NVMCON = 0x760
                    0x0760                  _NVMCONbits = 0x760
                    0x0766                  NVMKEY = 0x766
                    0x0766                  _NVMKEY = 0x766
                    0x0770                  PMD1 = 0x770
                    0x0770                  _PMD1 = 0x770
                    0x0770                  _PMD1bits = 0x770
                    0x0772                  PMD2 = 0x772
                    0x0772                  _PMD2 = 0x772
                    0x0772                  _PMD2bits = 0x772
                    0x0774                  PMD3 = 0x774
                    0x0774                  _PMD3 = 0x774
                    0x0774                  _PMD3bits = 0x774
                    0x0140                  IC1 = 0x140
                    0x0140                  _IC1 = 0x140
                    0x0144                  IC2 = 0x144
                    0x0144                  _IC2 = 0x144
                    0x0148                  IC3 = 0x148
                    0x0148                  _IC3 = 0x148
                    0x014c                  IC4 = 0x14c
                    0x014c                  _IC4 = 0x14c
                    0x0150                  IC5 = 0x150
                    0x0150                  _IC5 = 0x150
                    0x0180                  OC1 = 0x180
                    0x0180                  _OC1 = 0x180
                    0x0186                  OC2 = 0x186
                    0x0186                  _OC2 = 0x186
                    0x018c                  OC3 = 0x18c
                    0x018c                  _OC3 = 0x18c
                    0x0192                  OC4 = 0x192
                    0x0192                  _OC4 = 0x192
                    0x0198                  OC5 = 0x198
                    0x0198                  _OC5 = 0x198
                    0x0240                  SPI1 = 0x240
                    0x0240                  _SPI1 = 0x240
                    0x0260                  SPI2 = 0x260
                    0x0260                  _SPI2 = 0x260
                    0x0220                  UART1 = 0x220
                    0x0220                  _UART1 = 0x220
                    0x0230                  UART2 = 0x230
                    0x0230                  _UART2 = 0x230
                    0x0001                  __MPLAB_BUILD = 0x1
START GROUP
LOAD c:/program files (x86)/microchip/mplab c30/bin/bin/../../lib\libpic30-coff.a
LOAD c:/program files (x86)/microchip/mplab c30/bin/bin/../../lib\libm-coff.a
LOAD c:/program files (x86)/microchip/mplab c30/bin/bin/../../lib\libc-coff.a
END GROUP
OUTPUT(Balloon_xmit_v11.cof coff-pic30)
LOAD data_init

__c30_signature

.nbss               0x0800        0x6d4
 .nbss              0x0800        0x358 Objects - ballonXmit\MainDemo.o
                    0x080a                  BALLOON_raw_pack
                    0x08a0                  rf_xmit_data
                    0x08c1                  xmit_frame
                    0x0ab6                  AppConfig
                    0x0b4f                  AN0String
 .nbss              0x0b58        0x1ce Objects - ballonXmit\ZeroconfMulticastDNS.o
 .nbss              0x0d26         0xe4 Objects - ballonXmit\UDP.o
                    0x0d2c                  UDPSocketInfo
                    0x0e04                  activeUDPSocket
                    0x0e06                  UDPTxCount
                    0x0e08                  UDPRxCount
 .nbss              0x0e0a         0xca Objects - ballonXmit\TCP.o

.ndata              0x0ed4         0x9e
 .ndata             0x0ed4         0x9e Objects - ballonXmit\Balloon_OSC.o
                    0x0ed4                  OSCXmsg
                    0x0ef2                  OSCYmsg
                    0x0f10                  OSCZmsg
                    0x0f2e                  namespace_fire
                    0x0f4c                  namespace_uplight
                    0x0f6a                  padlength
                    0x0f6c                  myLightNum
                    0x0f6e                  boosh_state
                    0x0f6f                  update_boosh

.nbss               0x0f72        0x102
 .nbss              0x0f72         0x6a Objects - ballonXmit\DHCPs.o
                    0x0f7c                  DhcpIpPool
 .nbss              0x0fdc         0x5a Objects - ballonXmit\Balloon_OSC.o
                    0x0fdc                  OSC_remote
                    0x0fe6                  OSC_MSG
                    0x102c                  boosh_on
 .nbss              0x1036         0x16 Objects - ballonXmit\WFMac.o
                    0x104a                  g_rxIndexSetBeyondBuffer
 .nbss              0x104c         0x16 Objects - ballonXmit\ARP.o
 .nbss              0x1062         0x12 Objects - ballonXmit\WFDriverCom.o
                    0x1070                  RawMoveState

.ndata              0x1074          0xe
 .ndata             0x1074          0xe Objects - ballonXmit\MainDemo.o
                    0x1074                  my_board_addr
                    0x1075                  xmit_frame_addr
                    0x1076                  transmit_now
                    0x1078                  gBytesToXmit
                    0x107c                  new_balloon_pack
                    0x107d                  prev_channel
                    0x107e                  prev_datarate
                    0x1080                  __C30_UART

.nbss               0x1082          0xe
 .nbss              0x1082          0xe Objects - ballonXmit\StackTsk.o
                    0x1086                  remoteNode

.ndata              0x1090          0x8
 .ndata             0x1090          0x8 Objects - ballonXmit\WFDriverCom.o
                    0x1090                  g_DhcpSuccessful
                    0x1092                  g_WiFiConnectionChanged
                    0x1094                  g_WiFiConnection
                    0x1096                  g_dhcpInProgress

.nbss               0x1098          0x8
 .nbss              0x1098          0x8 Objects - ballonXmit\WFPowerSave.o
                    0x109e                  g_rxDtim

_02ada07052cdb8fa
                    0x10a0          0x6
 _02ada07052cdb8fa
                    0x10a0          0x6 Objects - ballonXmit\Tick.o

.ndata              0x10a6          0xc
 .ndata             0x10a6          0x6 Objects - ballonXmit\DHCPs.o
                    0x10a8                  bDHCPServerEnabled
 .ndata             0x10ac          0x6 Objects - ballonXmit\ZeroconfMulticastDNS.o
                    0x10ac                  mDNS_responder_state
                    0x10ae                  CONST_STR_local
                    0x10b0                  mDNS_socket

.nbss               0x10b2          0xe
 .nbss              0x10b2          0x6 Objects - ballonXmit\WFDriverRaw.o
                    0x10b2                  RawWindowReady
                    0x10b6                  RawWindowState
 .nbss              0x10b8          0x4 Objects - ballonXmit\Tick.o
 .nbss              0x10bc          0x4 Objects - ballonXmit\Announce.o

.ndata              0x10c0          0x4
 .ndata             0x10c0          0x4 Objects - ballonXmit\Helpers.o

.nbss               0x10c4          0x8
 .nbss              0x10c4          0x4 Objects - ballonXmit\IP.o
 .nbss              0x10c8          0x4 Objects - ballonXmit\WFMgmtMsg.o

.ndata              0x10cc          0x2
 .ndata             0x10cc          0x2 Objects - ballonXmit\UDP.o

_02b3c54052cdb8fb
                    0x10ce          0x2
 _02b3c54052cdb8fb
                    0x10ce          0x2 Objects - ballonXmit\UDP.o

.ndata              0x10d0          0x2
 .ndata             0x10d0          0x2 Objects - ballonXmit\TCP.o

_02b5ed2052cdb900
                    0x10d2          0x2
 _02b5ed2052cdb900
                    0x10d2          0x2 Objects - ballonXmit\TCP.o

.nbss               0x10d4          0x2
 .nbss              0x10d4          0x2 Objects - ballonXmit\WFConnectionManager.o

.ndata              0x10d6          0xc
 .ndata             0x10d6          0x2 Objects - ballonXmit\WFInit.o
                    0x10d6                  gRFModuleVer1209orLater
 .ndata             0x10d8          0x2 Objects - ballonXmit\WFPowerSave.o
 .ndata             0x10da          0x2 Objects - ballonXmit\WFConnectionAlgorithm.o
 .ndata             0x10dc          0x2 Objects - ballonXmit\WFMgmtMsg.o
                    0x10dc                  g_WaitingForMgmtResponse
 .ndata             0x10de          0x2 Objects - ballonXmit\WFDriverRaw.o
                    0x10de                  g_HostRAWDataPacketReceived
 .ndata             0x10e0          0x2 Objects - ballonXmit\ZeroconfHelper.o
                    0x10e0                  zeroconf_dbg_level

.data               0x10e2         0xa0
 .data              0x10e2         0xa0 c:/program files (x86)/microchip/mplab c30/bin/bin/../../lib\libc-coff.a(doprnt_cdnopuxX.XXo)

.dconst             0x1182         0x2a
 .dconst            0x1182         0x2a c:/program files (x86)/microchip/mplab c30/bin/bin/../../lib\libc-coff.a(doprnt_cdnopuxX.XXo)

.data               0x11ac         0x26
 .data              0x11ac         0x26 c:/program files (x86)/microchip/mplab c30/bin/bin/../../lib\libc-coff.a(_iob.XXo)
                    0x11ac                  _Files
                    0x11ae                  _iob

.bss                0x11d2          0x6
 .bss               0x11d2          0x6 c:/program files (x86)/microchip/mplab c30/bin/bin/../../lib\libc-coff.a(_iob.XXo)
                    0x11d2                  _sobuf
                    0x11d4                  _sibuf
                    0x11d6                  _outdone

.const              0x8d3a        0x1fc load address 0x000d3a  
 .const             0x8d3a         0xaa Objects - ballonXmit\WFConsoleMsgs.o
                    0x8d3a                  helpCmd
                    0x8d3f                  helpHelp
                    0x8d52                  getwfverCmd
                    0x8d5b                  getwfverHelp
                    0x8d74                  resetCmd
                    0x8d7a                  resetHelp
                    0x8d89                  clsCmd
                    0x8d8d                  clsHelp
                    0x8d9b                  seeDocHelp
                    0x8dad                  pingCmd
                    0x8db2                  pingHelp
                    0x8dc4                  g_consoleCmd
                    0x8de2                  g_numCmds
 .const             0x8de4         0xa6 Objects - ballonXmit\ZeroconfMulticastDNS.o
 .const             0x8e8a         0x4e Objects - ballonXmit\MainDemo.o
 .const             0x8ed8         0x28 Objects - ballonXmit\Balloon_OSC.o
 .const             0x8f00         0x1c Objects - ballonXmit\Announce.o
 .const             0x8f1c          0xc Objects - ballonXmit\TCP.o
                    0x8f1c                  TCPSocketInitializer
 .const             0x8f28          0x6 Objects - ballonXmit\WFInit.o
 .const             0x8f2e          0x4 Objects - ballonXmit\WFDriverRaw.o
 .const             0x8f32          0x4 Objects - ballonXmit\WFConsoleMsgHandler.o

.text             0x000f36       0x8814
 .text            0x000f36       0x2230 Objects - ballonXmit\TCP.o
                  0x000fd2                  TCPInit
                  0x0010b6                  TCPOpen
                  0x0011c4                  TCPWasReset
                  0x0011f4                  TCPIsConnected
                  0x00121c                  TCPDisconnect
                  0x0012b4                  TCPClose
                  0x0012cc                  TCPGetRemoteInfo
                  0x0012f8                  TCPFlush
                  0x00131a                  TCPIsPutReady
                  0x001370                  TCPPut
                  0x001408                  TCPPutArray
                  0x0014e2                  TCPPutString
                  0x001500                  TCPGetTxFIFOFull
                  0x00152e                  TCPDiscard
                  0x00154c                  TCPIsGetReady
                  0x00158a                  TCPGet
                  0x0015f4                  TCPGetArray
                  0x0016b0                  TCPGetRxFIFOFree
                  0x0016dc                  TCPPeekArray
                  0x001788                  TCPPeek
                  0x0017a0                  TCPFindArrayEx
                  0x001a2a                  TCPFindEx
                  0x001a48                  TCPTick
                  0x001e42                  TCPProcess
                  0x002f4e                  TCPAdjustFIFOSize
 .text            0x003166       0x1b32 Objects - ballonXmit\ZeroconfMulticastDNS.o
                  0x0037e4                  mDNSSDFillResRecords
                  0x0039dc                  mDNSServiceUpdate
                  0x003a7e                  mDNSServiceDeRegister