Microchip Technology Inc, vv3_20 (B) ?

Tool Name:
  c:\program files (x86)\microchip\mplab c30\bin\bin\..\bin/pic30-coff-ld.exe

Command:
  -p24FJ64GA002 \
  -oLumiFi.cof \
  -Lc:/program files (x86)/microchip/mplab c30/bin/bin/.. \
  -Lc:/program files (x86)/microchip/mplab c30/bin/bin/../../lib \
  -Lc:/program files (x86)/microchip/mplab c30/bin/bin/../../support/generic/gld \
  -Lc:/program files (x86)/microchip/mplab c30/bin/bin/../../lib/PIC24F \
  -Lc:/program files (x86)/microchip/mplab c30/bin/bin/../../support/PIC24F/gld \
  -Lc:/program files (x86)/microchip/mplab c30/bin/bin/../../lib/PIC24H \
  -Lc:/program files (x86)/microchip/mplab c30/bin/bin/../../support/PIC24H/gld \
  -Lc:/program files (x86)/microchip/mplab c30/bin/bin/../../lib/dsPIC30F \
  -Lc:/program files (x86)/microchip/mplab c30/bin/bin/../../support/dsPIC30F/gld \
  -Lc:/program files (x86)/microchip/mplab c30/bin/bin/../../lib/dsPIC33F \
  -Lc:/program files (x86)/microchip/mplab c30/bin/bin/../../support/dsPIC33F/gld \
  Objects - LumiFi\MainDemo.o \
  Objects - LumiFi\Tick.o \
  Objects - LumiFi\UART2TCPBridge.o \
  Objects - LumiFi\UART.o \
  Objects - LumiFi\UDP.o \
  Objects - LumiFi\UDPPerformanceTest.o \
  Objects - LumiFi\Announce.o \
  Objects - LumiFi\ARP.o \
  Objects - LumiFi\Delay.o \
  Objects - LumiFi\DHCP.o \
  Objects - LumiFi\DHCPs.o \
  Objects - LumiFi\DNS.o \
  Objects - LumiFi\DynDNS.o \
  Objects - LumiFi\ENC28J60.o \
  Objects - LumiFi\FTP.o \
  Objects - LumiFi\Hashes.o \
  Objects - LumiFi\Helpers.o \
  Objects - LumiFi\HTTP2.o \
  Objects - LumiFi\HTTP.o \
  Objects - LumiFi\ICMP.o \
  Objects - LumiFi\IP.o \
  Objects - LumiFi\LCDBlocking.o \
  Objects - LumiFi\MPFS2.o \
  Objects - LumiFi\MPFS.o \
  Objects - LumiFi\NBNS.o \
  Objects - LumiFi\Reboot.o \
  Objects - LumiFi\SMTP.o \
  Objects - LumiFi\SNMP.o \
  Objects - LumiFi\SNTP.o \
  Objects - LumiFi\SPIEEPROM.o \
  Objects - LumiFi\SPIFlash.o \
  Objects - LumiFi\SPIRAM.o \
  Objects - LumiFi\StackTsk.o \
  Objects - LumiFi\TCP.o \
  Objects - LumiFi\TCPPerformanceTest.o \
  Objects - LumiFi\Telnet.o \
  Objects - LumiFi\TFTPc.o \
  Objects - LumiFi\BerkeleyAPI.o \
  Objects - LumiFi\ENCX24J600.o \
  Objects - LumiFi\AutoIP.o \
  Objects - LumiFi\WFTxPower.o \
  Objects - LumiFi\WF_Eint.o \
  Objects - LumiFi\WF_Spi.o \
  Objects - LumiFi\WFConnectionAlgorithm.o \
  Objects - LumiFi\WFConnectionManager.o \
  Objects - LumiFi\WFConnectionProfile.o \
  Objects - LumiFi\WFConsole.o \
  Objects - LumiFi\WFConsoleIfconfig.o \
  Objects - LumiFi\WFConsoleIwconfig.o \
  Objects - LumiFi\WFConsoleIwpriv.o \
  Objects - LumiFi\WFConsoleMsgHandler.o \
  Objects - LumiFi\WFConsoleMsgs.o \
  Objects - LumiFi\WFDataTxRx.o \
  Objects - LumiFi\WFDriverCom.o \
  Objects - LumiFi\WFDriverRaw.o \
  Objects - LumiFi\WFEventHandler.o \
  Objects - LumiFi\WFInit.o \
  Objects - LumiFi\WFMac.o \
  Objects - LumiFi\WFMgmtMsg.o \
  Objects - LumiFi\WFParamMsg.o \
  Objects - LumiFi\WFPowerSave.o \
  Objects - LumiFi\WFScan.o \
  Objects - LumiFi\WF_Config.o \
  Objects - LumiFi\WFEasyConfig.o \
  Objects - LumiFi\DNSs.o \
  Objects - LumiFi\ZeroconfMulticastDNS.o \
  Objects - LumiFi\ZeroconfHelper.o \
  Objects - LumiFi\ZeroconfLinkLocal.o \
  Objects - LumiFi\Open_OSC.o \
  -Tp24FJ64GA002.gld.00 \
  --defsym=__MPLAB_BUILD=1 \
  -Map=LumiFi.map \
  --report-mem \
  -start-group \
  --library=pic30-coff \
  --library=m-coff \
  --library=c-coff \
  -end-group \

Archive member included because of file (symbol)

c:/program files (x86)/microchip/mplab c30/bin/bin/../../lib\libpic30-coff.a(crt0_standard.o)
                              (_resetPRI)
c:/program files (x86)/microchip/mplab c30/bin/bin/../../lib\libpic30-coff.a(data_init_standard.o)
                              c:/program files (x86)/microchip/mplab c30/bin/bin/../../lib\libpic30-coff.a(crt0_standard.o) (_data_init_standard)
c:/program files (x86)/microchip/mplab c30/bin/bin/../../lib\libm-coff.a(divmoddi3.o)
                              Objects - LumiFi\Tick.o (__udivdi3)
c:/program files (x86)/microchip/mplab c30/bin/bin/../../lib\libm-coff.a(udivsi3.o)
                              Objects - LumiFi\Helpers.o (__udivsi3)
c:/program files (x86)/microchip/mplab c30/bin/bin/../../lib\libc-coff.a(strlen.o)
                              Objects - LumiFi\MainDemo.o (strlen)
c:/program files (x86)/microchip/mplab c30/bin/bin/../../lib\libc-coff.a(memset.o)
                              Objects - LumiFi\MainDemo.o (memset)
c:/program files (x86)/microchip/mplab c30/bin/bin/../../lib\libc-coff.a(memcmp.o)
                              Objects - LumiFi\StackTsk.o (memcmp)
c:/program files (x86)/microchip/mplab c30/bin/bin/../../lib\libc-coff.a(memcpy.o)
                              Objects - LumiFi\TCP.o (memcpy)
c:/program files (x86)/microchip/mplab c30/bin/bin/../../lib\libc-coff.a(strtok.o)
                              Objects - LumiFi\Open_OSC.o (strtok)
[...]
Memory Configuration

Name             Origin             Length             Attributes
data             0x000800           0x002000           a !xr
reset            0x000000           0x000004  
ivt              0x000004           0x0000fc  
aivt             0x000104           0x0000fc  
program          0x000200           0x00a9fc           xr
config2          0x00abfc           0x000002  
config1          0x00abfe           0x000002  
*default*        0x000000           0xffffffff  

Linker script and memory map

LOAD Objects - LumiFi\MainDemo.o
LOAD Objects - LumiFi\Tick.o
LOAD Objects - LumiFi\UART2TCPBridge.o
LOAD Objects - LumiFi\UART.o
LOAD Objects - LumiFi\UDP.o
LOAD Objects - LumiFi\UDPPerformanceTest.o
LOAD Objects - LumiFi\Announce.o
LOAD Objects - LumiFi\ARP.o
LOAD Objects - LumiFi\Delay.o
LOAD Objects - LumiFi\DHCP.o
LOAD Objects - LumiFi\DHCPs.o
LOAD Objects - LumiFi\DNS.o
LOAD Objects - LumiFi\DynDNS.o
LOAD Objects - LumiFi\ENC28J60.o
LOAD Objects - LumiFi\FTP.o
LOAD Objects - LumiFi\Hashes.o
LOAD Objects - LumiFi\Helpers.o
LOAD Objects - LumiFi\HTTP2.o
LOAD Objects - LumiFi\HTTP.o
LOAD Objects - LumiFi\ICMP.o
LOAD Objects - LumiFi\IP.o
LOAD Objects - LumiFi\LCDBlocking.o
LOAD Objects - LumiFi\MPFS2.o
LOAD Objects - LumiFi\MPFS.o
LOAD Objects - LumiFi\NBNS.o
LOAD Objects - LumiFi\Reboot.o
LOAD Objects - LumiFi\SMTP.o
LOAD Objects - LumiFi\SNMP.o
LOAD Objects - LumiFi\SNTP.o
LOAD Objects - LumiFi\SPIEEPROM.o
LOAD Objects - LumiFi\SPIFlash.o
LOAD Objects - LumiFi\SPIRAM.o
LOAD Objects - LumiFi\StackTsk.o
LOAD Objects - LumiFi\TCP.o
LOAD Objects - LumiFi\TCPPerformanceTest.o
LOAD Objects - LumiFi\Telnet.o
LOAD Objects - LumiFi\TFTPc.o
LOAD Objects - LumiFi\BerkeleyAPI.o
LOAD Objects - LumiFi\ENCX24J600.o
LOAD Objects - LumiFi\AutoIP.o
LOAD Objects - LumiFi\WFTxPower.o
LOAD Objects - LumiFi\WF_Eint.o
LOAD Objects - LumiFi\WF_Spi.o
LOAD Objects - LumiFi\WFConnectionAlgorithm.o
LOAD Objects - LumiFi\WFConnectionManager.o
LOAD Objects - LumiFi\WFConnectionProfile.o
LOAD Objects - LumiFi\WFConsole.o
LOAD Objects - LumiFi\WFConsoleIfconfig.o
LOAD Objects - LumiFi\WFConsoleIwconfig.o
LOAD Objects - LumiFi\WFConsoleIwpriv.o
LOAD Objects - LumiFi\WFConsoleMsgHandler.o
LOAD Objects - LumiFi\WFConsoleMsgs.o
LOAD Objects - LumiFi\WFDataTxRx.o
LOAD Objects - LumiFi\WFDriverCom.o
LOAD Objects - LumiFi\WFDriverRaw.o
LOAD Objects - LumiFi\WFEventHandler.o
LOAD Objects - LumiFi\WFInit.o
LOAD Objects - LumiFi\WFMac.o
LOAD Objects - LumiFi\WFMgmtMsg.o
LOAD Objects - LumiFi\WFParamMsg.o
LOAD Objects - LumiFi\WFPowerSave.o
LOAD Objects - LumiFi\WFScan.o
LOAD Objects - LumiFi\WF_Config.o
LOAD Objects - LumiFi\WFEasyConfig.o
LOAD Objects - LumiFi\DNSs.o
LOAD Objects - LumiFi\ZeroconfMulticastDNS.o
LOAD Objects - LumiFi\ZeroconfHelper.o
LOAD Objects - LumiFi\ZeroconfLinkLocal.o
LOAD Objects - LumiFi\Open_OSC.o
LOAD c:/program files (x86)/microchip/mplab c30/bin/bin/../../lib/PIC24F\libpPIC24Fxxx-coff.a
                    0xabfc                  __CONFIG2 = 0xabfc
                    0xabfe                  __CONFIG1 = 0xabfe
                    0x0001                  __NO_HANDLES = 0x1
                    0x0004                  __IVT_BASE = 0x4
                    0x0104                  __AIVT_BASE = 0x104
                    0x0800                  __DATA_BASE = 0x800
                    0x0200                  __CODE_BASE = 0x200

.reset            0x000000          0x4
                  0x000000          0x2 SHORT 0x200 <code 339> (__reset)
                  0x000001          0x2 SHORT 0x4
                  0x000002          0x2 SHORT 0x0 ((<code 339> (__reset) >> 0x10) & 0x7f)
                  0x000003          0x2 SHORT 0x0

.text             0x000200        0x3b0
 *(.init)
 .init            0x000200         0x32 c:/program files (x86)/microchip/mplab c30/bin/bin/../../lib\libpic30-coff.a(crt0_standard.o)
                  0x000200                  _resetPRI
                  0x000200                  _reset
                  0x000222                  _psv_init
 .init            0x000232         0x5e c:/program files (x86)/microchip/mplab c30/bin/bin/../../lib\libpic30-coff.a(data_init_standard.o)
                  0x000232                  _data_init_standard
                  0x000232                  _data_init
 *(.user_init)
 *(.handle)
 *(.libc)
 .libc            0x000290          0xe c:/program files (x86)/microchip/mplab c30/bin/bin/../../lib\libc-coff.a(strlen.o)
                  0x000290                  strlen
 .libc            0x00029e          0xe c:/program files (x86)/microchip/mplab c30/bin/bin/../../lib\libc-coff.a(memset.o)
                  0x00029e                  memset
 .libc            0x0002ac         0x1c c:/program files (x86)/microchip/mplab c30/bin/bin/../../lib\libc-coff.a(memcmp.o)
                  0x0002ac                  memcmp
 .libc            0x0002c8          0xe c:/program files (x86)/microchip/mplab c30/bin/bin/../../lib\libc-coff.a(memcpy.o)
                  0x0002c8                  memcpy
 .libc            0x0002d6         0x38 c:/program files (x86)/microchip/mplab c30/bin/bin/../../lib\libc-coff.a(strtok.o)
                  0x0002d6                  strtok
 .libc            0x00030e         0x24 c:/program files (x86)/microchip/mplab c30/bin/bin/../../lib\libc-coff.a(strcmp.o)
                  0x00030e                  strcmp
 .libc            0x000332         0x24 c:/program files (x86)/microchip/mplab c30/bin/bin/../../lib\libc-coff.a(strspn.o)
                  0x000332                  strspn
 .libc            0x000356         0x24 c:/program files (x86)/microchip/mplab c30/bin/bin/../../lib\libc-coff.a(strcspn.o)
                  0x000356                  strcspn
 *(.libm)
 .libm            0x00037a        0x216 c:/program files (x86)/microchip/mplab c30/bin/bin/../../lib\libm-coff.a(divmoddi3.o)
                  0x0003a0                  __udivmoddi3
                  0x00046e                  __udivdi3
                  0x00047c                  __umoddi3
                  0x000484                  __divdi3
                  0x0004be                  __moddi3
 .libm            0x000590         0x20 c:/program files (x86)/microchip/mplab c30/bin/bin/../../lib\libm-coff.a(udivsi3.o)
                  0x000590                  __udivsi3
 *(.libdsp)
 *(.lib*)

usercode
 *(usercode)

__CONFIG2         0x00abfc          0x2
 *(__CONFIG2.sec)
 __CONFIG2.sec    0x00abfc          0x2 Objects - LumiFi\MainDemo.o

__CONFIG1         0x00abfe          0x2
 *(__CONFIG1.sec)
 __CONFIG1.sec    0x00abfe          0x2 Objects - LumiFi\MainDemo.o

.comment
 *(.comment)

.debug_info
 *(.debug_info)
 *(.gnu.linkonce.wi.*)

.debug_abbrev
 *(.debug_abbrev)

.debug_line
 *(.debug_line)

.debug_frame
 *(.debug_frame)

.debug_str
 *(.debug_str)

.debug_loc
 *(.debug_loc)

.debug_macinfo
 *(.debug_macinfo)

.debug_pubnames
 *(.debug_pubnames)

.debug_ranges
 *(.debug_ranges)

.debug_aranges
 *(.debug_aranges)

.ivt              0x000004         0xfc
                  0x000004          0x4 LONG 0x5102 DEFINED (__ReservedTrap0)?<code 339> (__ReservedTrap0):<code 339> (__DefaultInterrupt)
                  0x000006          0x4 LONG 0x5116 DEFINED (__OscillatorFail)?<code 339> (__OscillatorFail):<code 339> (__DefaultInterrupt)
                  0x000008          0x4 LONG 0x512a DEFINED (__AddressError)?<code 339> (__AddressError):<code 339> (__DefaultInterrupt)
                  0x00000a          0x4 LONG 0x513e DEFINED (__StackError)?<code 339> (__StackError):<code 339> (__DefaultInterrupt)
                  0x00000c          0x4 LONG 0x5152 DEFINED (__MathError)?<code 339> (__MathError):<code 339> (__DefaultInterrupt)
                  0x00000e          0x4 LONG 0x5102 DEFINED (__ReservedTrap5)?<code 339> (__ReservedTrap5):<code 339> (__DefaultInterrupt)
                  0x000010          0x4 LONG 0x5102 DEFINED (__ReservedTrap6)?<code 339> (__ReservedTrap6):<code 339> (__DefaultInterrupt)
                  0x000012          0x4 LONG 0x5102 DEFINED (__ReservedTrap7)?<code 339> (__ReservedTrap7):<code 339> (__DefaultInterrupt)
                  0x000014          0x4 LONG 0x5102 DEFINED (__INT0Interrupt)?<code 339> (__INT0Interrupt):<code 339> (__DefaultInterrupt)
                  0x000016          0x4 LONG 0x5102 DEFINED (__IC1Interrupt)?<code 339> (__IC1Interrupt):<code 339> (__DefaultInterrupt)
                  0x000018          0x4 LONG 0x5102 DEFINED (__OC1Interrupt)?<code 339> (__OC1Interrupt):<code 339> (__DefaultInterrupt)
                  0x00001a          0x4 LONG 0x775c DEFINED (__T1Interrupt)?<code 339> (__T1Interrupt):<code 339> (__DefaultInterrupt)
                  0x00001c          0x4 LONG 0x5102 DEFINED (__Interrupt4)?<code 339> (__Interrupt4):<code 339> (__DefaultInterrupt)
                  0x00001e          0x4 LONG 0x5102 DEFINED (__IC2Interrupt)?<code 339> (__IC2Interrupt):<code 339> (__DefaultInterrupt)
                  0x000020          0x4 LONG 0x5102 DEFINED (__OC2Interrupt)?<code 339> (__OC2Interrupt):<code 339> (__DefaultInterrupt)
                  0x000022          0x4 LONG 0x5102 DEFINED (__T2Interrupt)?<code 339> (__T2Interrupt):<code 339> (__DefaultInterrupt)
                  0x000024          0x4 LONG 0x5102 DEFINED (__T3Interrupt)?<code 339> (__T3Interrupt):<code 339> (__DefaultInterrupt)
                  0x000026          0x4 LONG 0x5102 DEFINED (__SPI1ErrInterrupt)?<code 339> (__SPI1ErrInterrupt):<code 339> (__DefaultInterrupt)
                  0x000028          0x4 LONG 0x5102 DEFINED (__SPI1Interrupt)?<code 339> (__SPI1Interrupt):<code 339> (__DefaultInterrupt)
                  0x00002a          0x4 LONG 0x5102 DEFINED (__U1RXInterrupt)?<code 339> (__U1RXInterrupt):<code 339> (__DefaultInterrupt)
                  0x00002c          0x4 LONG 0x5102 DEFINED (__U1TXInterrupt)?<code 339> (__U1TXInterrupt):<code 339> (__DefaultInterrupt)
                  0x00002e          0x4 LONG 0x5102 DEFINED (__ADC1Interrupt)?<code 339> (__ADC1Interrupt):<code 339> (__DefaultInterrupt)
                  0x000030          0x4 LONG 0x5102 DEFINED (__Interrupt14)?<code 339> (__Interrupt14):<code 339> (__DefaultInterrupt)
                  0x000032          0x4 LONG 0x5102 DEFINED (__Interrupt15)?<code 339> (__Interrupt15):<code 339> (__DefaultInterrupt)
                  0x000034          0x4 LONG 0x5102 DEFINED (__SI2C1Interrupt)?<code 339> (__SI2C1Interrupt):<code 339> (__DefaultInterrupt)
                  0x000036          0x4 LONG 0x5102 DEFINED (__MI2C1Interrupt)?<code 339> (__MI2C1Interrupt):<code 339> (__DefaultInterrupt)
                  0x000038          0x4 LONG 0x5102 DEFINED (__CompInterrupt)?<code 339> (__CompInterrupt):<code 339> (__DefaultInterrupt)
                  0x00003a          0x4 LONG 0x5102 DEFINED (__CNInterrupt)?<code 339> (__CNInterrupt):<code 339> (__DefaultInterrupt)
                  0x00003c          0x4 LONG 0x79f8 DEFINED (__INT1Interrupt)?<code 339> (__INT1Interrupt):<code 339> (__DefaultInterrupt)
                  0x00003e          0x4 LONG 0x5102 DEFINED (__Interrupt21)?<code 339> (__Interrupt21):<code 339> (__DefaultInterrupt)
                  0x000040          0x4 LONG 0x5102 DEFINED (__Interrupt22)?<code 339> (__Interrupt22):<code 339> (__DefaultInterrupt)
                  0x000042          0x4 LONG 0x5102 DEFINED (__Interrupt23)?<code 339> (__Interrupt23):<code 339> (__DefaultInterrupt)
                  0x000044          0x4 LONG 0x5102 DEFINED (__Interrupt24)?<code 339> (__Interrupt24):<code 339> (__DefaultInterrupt)
                  0x000046          0x4 LONG 0x5102 DEFINED (__OC3Interrupt)?<code 339> (__OC3Interrupt):<code 339> (__DefaultInterrupt)
                  0x000048          0x4 LONG 0x5102 DEFINED (__OC4Interrupt)?<code 339> (__OC4Interrupt):<code 339> (__DefaultInterrupt)
                  0x00004a          0x4 LONG 0x5102 DEFINED (__T4Interrupt)?<code 339> (__T4Interrupt):<code 339> (__DefaultInterrupt)
                  0x00004c          0x4 LONG 0x5102 DEFINED (__T5Interrupt)?<code 339> (__T5Interrupt):<code 339> (__DefaultInterrupt)
                  0x00004e          0x4 LONG 0x5102 DEFINED (__INT2Interrupt)?<code 339> (__INT2Interrupt):<code 339> (__DefaultInterrupt)
                  0x000050          0x4 LONG 0x5102 DEFINED (__U2RXInterrupt)?<code 339> (__U2RXInterrupt):<code 339> (__DefaultInterrupt)
                  0x000052          0x4 LONG 0x5102 DEFINED (__U2TXInterrupt)?<code 339> (__U2TXInterrupt):<code 339> (__DefaultInterrupt)
                  0x000054          0x4 LONG 0x5102 DEFINED (__SPI2ErrInterrupt)?<code 339> (__SPI2ErrInterrupt):<code 339> (__DefaultInterrupt)
                  0x000056          0x4 LONG 0x5102 DEFINED (__SPI2Interrupt)?<code 339> (__SPI2Interrupt):<code 339> (__DefaultInterrupt)
                  0x000058          0x4 LONG 0x5102 DEFINED (__Interrupt34)?<code 339> (__Interrupt34):<code 339> (__DefaultInterrupt)
                  0x00005a          0x4 LONG 0x5102 DEFINED (__Interrupt35)?<code 339> (__Interrupt35):<code 339> (__DefaultInterrupt)
                  0x00005c          0x4 LONG 0x5102 DEFINED (__Interrupt36)?<code 339> (__Interrupt36):<code 339> (__DefaultInterrupt)
                  0x00005e          0x4 LONG 0x5102 DEFINED (__IC3Interrupt)?<code 339> (__IC3Interrupt):<code 339> (__DefaultInterrupt)
                  0x000060          0x4 LONG 0x5102 DEFINED (__IC4Interrupt)?<code 339> (__IC4Interrupt):<code 339> (__DefaultInterrupt)
                  0x000062          0x4 LONG 0x5102 DEFINED (__IC5Interrupt)?<code 339> (__IC5Interrupt):<code 339> (__DefaultInterrupt)
                  0x000064          0x4 LONG 0x5102 DEFINED (__Interrupt40)?<code 339> (__Interrupt40):<code 339> (__DefaultInterrupt)
                  0x000066          0x4 LONG 0x5102 DEFINED (__OC5Interrupt)?<code 339> (__OC5Interrupt):<code 339> (__DefaultInterrupt)
                  0x000068          0x4 LONG 0x5102 DEFINED (__Interrupt42)?<code 339> (__Interrupt42):<code 339> (__DefaultInterrupt)
                  0x00006a          0x4 LONG 0x5102 DEFINED (__Interrupt43)?<code 339> (__Interrupt43):<code 339> (__DefaultInterrupt)
                  0x00006c          0x4 LONG 0x5102 DEFINED (__Interrupt44)?<code 339> (__Interrupt44):<code 339> (__DefaultInterrupt)
                  0x00006e          0x4 LONG 0x5102 DEFINED (__PMPInterrupt)?<code 339> (__PMPInterrupt):<code 339> (__DefaultInterrupt)
                  0x000070          0x4 LONG 0x5102 DEFINED (__Interrupt46)?<code 339> (__Interrupt46):<code 339> (__DefaultInterrupt)
                  0x000072          0x4 LONG 0x5102 DEFINED (__Interrupt47)?<code 339> (__Interrupt47):<code 339> (__DefaultInterrupt)
                  0x000074          0x4 LONG 0x5102 DEFINED (__Interrupt48)?<code 339> (__Interrupt48):<code 339> (__DefaultInterrupt)
                  0x000076          0x4 LONG 0x5102 DEFINED (__SI2C2Interrupt)?<code 339> (__SI2C2Interrupt):<code 339> (__DefaultInterrupt)
                  0x000078          0x4 LONG 0x5102 DEFINED (__MI2C2Interrupt)?<code 339> (__MI2C2Interrupt):<code 339> (__DefaultInterrupt)
                  0x00007a          0x4 LONG 0x5102 DEFINED (__Interrupt51)?<code 339> (__Interrupt51):<code 339> (__DefaultInterrupt)
                  0x00007c          0x4 LONG 0x5102 DEFINED (__Interrupt52)?<code 339> (__Interrupt52):<code 339> (__DefaultInterrupt)
                  0x00007e          0x4 LONG 0x5102 DEFINED (__Interrupt53)?<code 339> (__Interrupt53):<code 339> (__DefaultInterrupt)
                  0x000080          0x4 LONG 0x5102 DEFINED (__Interrupt54)?<code 339> (__Interrupt54):<code 339> (__DefaultInterrupt)
                  0x000082          0x4 LONG 0x5102 DEFINED (__Interrupt55)?<code 339> (__Interrupt55):<code 339> (__DefaultInterrupt)
                  0x000084          0x4 LONG 0x5102 DEFINED (__Interrupt56)?<code 339> (__Interrupt56):<code 339> (__DefaultInterrupt)
                  0x000086          0x4 LONG 0x5102 DEFINED (__Interrupt57)?<code 339> (__Interrupt57):<code 339> (__DefaultInterrupt)
                  0x000088          0x4 LONG 0x5102 DEFINED (__Interrupt58)?<code 339> (__Interrupt58):<code 339> (__DefaultInterrupt)
                  0x00008a          0x4 LONG 0x5102 DEFINED (__Interrupt59)?<code 339> (__Interrupt59):<code 339> (__DefaultInterrupt)
                  0x00008c          0x4 LONG 0x5102 DEFINED (__Interrupt60)?<code 339> (__Interrupt60):<code 339> (__DefaultInterrupt)
                  0x00008e          0x4 LONG 0x5102 DEFINED (__Interrupt61)?<code 339> (__Interrupt61):<code 339> (__DefaultInterrupt)
                  0x000090          0x4 LONG 0x5102 DEFINED (__RTCCInterrupt)?<code 339> (__RTCCInterrupt):<code 339> (__DefaultInterrupt)
                  0x000092          0x4 LONG 0x5102 DEFINED (__Interrupt63)?<code 339> (__Interrupt63):<code 339> (__DefaultInterrupt)
                  0x000094          0x4 LONG 0x5102 DEFINED (__Interrupt64)?<code 339> (__Interrupt64):<code 339> (__DefaultInterrupt)
                  0x000096          0x4 LONG 0x5102 DEFINED (__U1ErrInterrupt)?<code 339> (__U1ErrInterrupt):<code 339> (__DefaultInterrupt)
                  0x000098          0x4 LONG 0x5102 DEFINED (__U2ErrInterrupt)?<code 339> (__U2ErrInterrupt):<code 339> (__DefaultInterrupt)
                  0x00009a          0x4 LONG 0x5102 DEFINED (__CRCInterrupt)?<code 339> (__CRCInterrupt):<code 339> (__DefaultInterrupt)
                  0x00009c          0x4 LONG 0x5102 DEFINED (__Interrupt68)?<code 339> (__Interrupt68):<code 339> (__DefaultInterrupt)
                  0x00009e          0x4 LONG 0x5102 DEFINED (__Interrupt69)?<code 339> (__Interrupt69):<code 339> (__DefaultInterrupt)
                  0x0000a0          0x4 LONG 0x5102 DEFINED (__Interrupt70)?<code 339> (__Interrupt70):<code 339> (__DefaultInterrupt)
                  0x0000a2          0x4 LONG 0x5102 DEFINED (__Interrupt71)?<code 339> (__Interrupt71):<code 339> (__DefaultInterrupt)
                  0x0000a4          0x4 LONG 0x5102 DEFINED (__LVDInterrupt)?<code 339> (__LVDInterrupt):<code 339> (__DefaultInterrupt)
                  0x0000a6          0x4 LONG 0x5102 DEFINED (__Interrupt73)?<code 339> (__Interrupt73):<code 339> (__DefaultInterrupt)
                  0x0000a8          0x4 LONG 0x5102 DEFINED (__Interrupt74)?<code 339> (__Interrupt74):<code 339> (__DefaultInterrupt)
                  0x0000aa          0x4 LONG 0x5102 DEFINED (__Interrupt75)?<code 339> (__Interrupt75):<code 339> (__DefaultInterrupt)
                  0x0000ac          0x4 LONG 0x5102 DEFINED (__Interrupt76)?<code 339> (__Interrupt76):<code 339> (__DefaultInterrupt)
                  0x0000ae          0x4 LONG 0x5102 DEFINED (__Interrupt77)?<code 339> (__Interrupt77):<code 339> (__DefaultInterrupt)
                  0x0000b0          0x4 LONG 0x5102 DEFINED (__Interrupt78)?<code 339> (__Interrupt78):<code 339> (__DefaultInterrupt)
                  0x0000b2          0x4 LONG 0x5102 DEFINED (__Interrupt79)?<code 339> (__Interrupt79):<code 339> (__DefaultInterrupt)
                  0x0000b4          0x4 LONG 0x5102 DEFINED (__Interrupt80)?<code 339> (__Interrupt80):<code 339> (__DefaultInterrupt)
                  0x0000b6          0x4 LONG 0x5102 DEFINED (__Interrupt81)?<code 339> (__Interrupt81):<code 339> (__DefaultInterrupt)
                  0x0000b8          0x4 LONG 0x5102 DEFINED (__Interrupt82)?<code 339> (__Interrupt82):<code 339> (__DefaultInterrupt)
                  0x0000ba          0x4 LONG 0x5102 DEFINED (__Interrupt83)?<code 339> (__Interrupt83):<code 339> (__DefaultInterrupt)
                  0x0000bc          0x4 LONG 0x5102 DEFINED (__Interrupt84)?<code 339> (__Interrupt84):<code 339> (__DefaultInterrupt)
                  0x0000be          0x4 LONG 0x5102 DEFINED (__Interrupt85)?<code 339> (__Interrupt85):<code 339> (__DefaultInterrupt)
                  0x0000c0          0x4 LONG 0x5102 DEFINED (__Interrupt86)?<code 339> (__Interrupt86):<code 339> (__DefaultInterrupt)
                  0x0000c2          0x4 LONG 0x5102 DEFINED (__Interrupt87)?<code 339> (__Interrupt87):<code 339> (__DefaultInterrupt)
                  0x0000c4          0x4 LONG 0x5102 DEFINED (__Interrupt88)?<code 339> (__Interrupt88):<code 339> (__DefaultInterrupt)
                  0x0000c6          0x4 LONG 0x5102 DEFINED (__Interrupt89)?<code 339> (__Interrupt89):<code 339> (__DefaultInterrupt)
                  0x0000c8          0x4 LONG 0x5102 DEFINED (__Interrupt90)?<code 339> (__Interrupt90):<code 339> (__DefaultInterrupt)
                  0x0000ca          0x4 LONG 0x5102 DEFINED (__Interrupt91)?<code 339> (__Interrupt91):<code 339> (__DefaultInterrupt)
                  0x0000cc          0x4 LONG 0x5102 DEFINED (__Interrupt92)?<code 339> (__Interrupt92):<code 339> (__DefaultInterrupt)
                  0x0000ce          0x4 LONG 0x5102 DEFINED (__Interrupt93)?<code 339> (__Interrupt93):<code 339> (__DefaultInterrupt)
                  0x0000d0          0x4 LONG 0x5102 DEFINED (__Interrupt94)?<code 339> (__Interrupt94):<code 339> (__DefaultInterrupt)
                  0x0000d2          0x4 LONG 0x5102 DEFINED (__Interrupt95)?<code 339> (__Interrupt95):<code 339> (__DefaultInterrupt)
                  0x0000d4          0x4 LONG 0x5102 DEFINED (__Interrupt96)?<code 339> (__Interrupt96):<code 339> (__DefaultInterrupt)
                  0x0000d6          0x4 LONG 0x5102 DEFINED (__Interrupt97)?<code 339> (__Interrupt97):<code 339> (__DefaultInterrupt)
                  0x0000d8          0x4 LONG 0x5102 DEFINED (__Interrupt98)?<code 339> (__Interrupt98):<code 339> (__DefaultInterrupt)
                  0x0000da          0x4 LONG 0x5102 DEFINED (__Interrupt99)?<code 339> (__Interrupt99):<code 339> (__DefaultInterrupt)
                  0x0000dc          0x4 LONG 0x5102 DEFINED (__Interrupt100)?<code 339> (__Interrupt100):<code 339> (__DefaultInterrupt)
                  0x0000de          0x4 LONG 0x5102 DEFINED (__Interrupt101)?<code 339> (__Interrupt101):<code 339> (__DefaultInterrupt)
                  0x0000e0          0x4 LONG 0x5102 DEFINED (__Interrupt102)?<code 339> (__Interrupt102):<code 339> (__DefaultInterrupt)
                  0x0000e2          0x4 LONG 0x5102 DEFINED (__Interrupt103)?<code 339> (__Interrupt103):<code 339> (__DefaultInterrupt)
                  0x0000e4          0x4 LONG 0x5102 DEFINED (__Interrupt104)?<code 339> (__Interrupt104):<code 339> (__DefaultInterrupt)
                  0x0000e6          0x4 LONG 0x5102 DEFINED (__Interrupt105)?<code 339> (__Interrupt105):<code 339> (__DefaultInterrupt)
                  0x0000e8          0x4 LONG 0x5102 DEFINED (__Interrupt106)?<code 339> (__Interrupt106):<code 339> (__DefaultInterrupt)
                  0x0000ea          0x4 LONG 0x5102 DEFINED (__Interrupt107)?<code 339> (__Interrupt107):<code 339> (__DefaultInterrupt)
                  0x0000ec          0x4 LONG 0x5102 DEFINED (__Interrupt108)?<code 339> (__Interrupt108):<code 339> (__DefaultInterrupt)
                  0x0000ee          0x4 LONG 0x5102 DEFINED (__Interrupt109)?<code 339> (__Interrupt109):<code 339> (__DefaultInterrupt)
                  0x0000f0          0x4 LONG 0x5102 DEFINED (__Interrupt110)?<code 339> (__Interrupt110):<code 339> (__DefaultInterrupt)
                  0x0000f2          0x4 LONG 0x5102 DEFINED (__Interrupt111)?<code 339> (__Interrupt111):<code 339> (__DefaultInterrupt)
                  0x0000f4          0x4 LONG 0x5102 DEFINED (__Interrupt112)?<code 339> (__Interrupt112):<code 339> (__DefaultInterrupt)
                  0x0000f6          0x4 LONG 0x5102 DEFINED (__Interrupt113)?<code 339> (__Interrupt113):<code 339> (__DefaultInterrupt)
                  0x0000f8          0x4 LONG 0x5102 DEFINED (__Interrupt114)?<code 339> (__Interrupt114):<code 339> (__DefaultInterrupt)
                  0x0000fa          0x4 LONG 0x5102 DEFINED (__Interrupt115)?<code 339> (__Interrupt115):<code 339> (__DefaultInterrupt)
                  0x0000fc          0x4 LONG 0x5102 DEFINED (__Interrupt116)?<code 339> (__Interrupt116):<code 339> (__DefaultInterrupt)
                  0x0000fe          0x4 LONG 0x5102 DEFINED (__Interrupt117)?<code 339> (__Interrupt117):<code 339> (__DefaultInterrupt)

.aivt             0x000104         0xfc
                  0x000104          0x4 LONG 0x5102 DEFINED (__AltReservedTrap0)?<code 339> (__AltReservedTrap0):DEFINED (__ReservedTrap0)?<code 339> (__ReservedTrap0):<code 339> (__DefaultInterrupt)
                  0x000106          0x4 LONG 0x5116 DEFINED (__AltOscillatorFail)?<code 339> (__AltOscillatorFail):DEFINED (__OscillatorFail)?<code 339> (__OscillatorFail):<code 339> (__DefaultInterrupt)
                  0x000108          0x4 LONG 0x512a DEFINED (__AltAddressError)?<code 339> (__AltAddressError):DEFINED (__AddressError)?<code 339> (__AddressError):<code 339> (__DefaultInterrupt)
                  0x00010a          0x4 LONG 0x513e DEFINED (__AltStackError)?<code 339> (__AltStackError):DEFINED (__StackError)?<code 339> (__StackError):<code 339> (__DefaultInterrupt)
                  0x00010c          0x4 LONG 0x5152 DEFINED (__AltMathError)?<code 339> (__AltMathError):DEFINED (__MathError)?<code 339> (__MathError):<code 339> (__DefaultInterrupt)
                  0x00010e          0x4 LONG 0x5102 DEFINED (__AltReservedTrap5)?<code 339> (__AltReservedTrap5):DEFINED (__ReservedTrap5)?<code 339> (__ReservedTrap5):<code 339> (__DefaultInterrupt)
                  0x000110          0x4 LONG 0x5102 DEFINED (__AltReservedTrap6)?<code 339> (__AltReservedTrap6):DEFINED (__ReservedTrap6)?<code 339> (__ReservedTrap6):<code 339> (__DefaultInterrupt)
                  0x000112          0x4 LONG 0x5102 DEFINED (__AltReservedTrap7)?<code 339> (__AltReservedTrap7):DEFINED (__ReservedTrap7)?<code 339> (__ReservedTrap7):<code 339> (__DefaultInterrupt)
                  0x000114          0x4 LONG 0x5102 DEFINED (__AltINT0Interrupt)?<code 339> (__AltINT0Interrupt):DEFINED (__INT0Interrupt)?<code 339> (__INT0Interrupt):<code 339> (__DefaultInterrupt)
                  0x000116          0x4 LONG 0x5102 DEFINED (__AltIC1Interrupt)?<code 339> (__AltIC1Interrupt):DEFINED (__IC1Interrupt)?<code 339> (__IC1Interrupt):<code 339> (__DefaultInterrupt)
                  0x000118          0x4 LONG 0x5102 DEFINED (__AltOC1Interrupt)?<code 339> (__AltOC1Interrupt):DEFINED (__OC1Interrupt)?<code 339> (__OC1Interrupt):<code 339> (__DefaultInterrupt)
                  0x00011a          0x4 LONG 0x775c DEFINED (__AltT1Interrupt)?<code 339> (__AltT1Interrupt):DEFINED (__T1Interrupt)?<code 339> (__T1Interrupt):<code 339> (__DefaultInterrupt)
                  0x00011c          0x4 LONG 0x5102 DEFINED (__AltInterrupt4)?<code 339> (__AltInterrupt4):DEFINED (__Interrupt4)?<code 339> (__Interrupt4):<code 339> (__DefaultInterrupt)
                  0x00011e          0x4 LONG 0x5102 DEFINED (__AltIC2Interrupt)?<code 339> (__AltIC2Interrupt):DEFINED (__IC2Interrupt)?<code 339> (__IC2Interrupt):<code 339> (__DefaultInterrupt)
                  0x000120          0x4 LONG 0x5102 DEFINED (__AltOC2Interrupt)?<code 339> (__AltOC2Interrupt):DEFINED (__OC2Interrupt)?<code 339> (__OC2Interrupt):<code 339> (__DefaultInterrupt)
                  0x000122          0x4 LONG 0x5102 DEFINED (__AltT2Interrupt)?<code 339> (__AltT2Interrupt):DEFINED (__T2Interrupt)?<code 339> (__T2Interrupt):<code 339> (__DefaultInterrupt)
                  0x000124          0x4 LONG 0x5102 DEFINED (__AltT3Interrupt)?<code 339> (__AltT3Interrupt):DEFINED (__T3Interrupt)?<code 339> (__T3Interrupt):<code 339> (__DefaultInterrupt)
                  0x000126          0x4 LONG 0x5102 DEFINED (__AltSPI1ErrInterrupt)?<code 339> (__AltSPI1ErrInterrupt):DEFINED (__SPI1ErrInterrupt)?<code 339> (__SPI1ErrInterrupt):<code 339> (__DefaultInterrupt)
                  0x000128          0x4 LONG 0x5102 DEFINED (__AltSPI1Interrupt)?<code 339> (__AltSPI1Interrupt):DEFINED (__SPI1Interrupt)?<code 339> (__SPI1Interrupt):<code 339> (__DefaultInterrupt)
                  0x00012a          0x4 LONG 0x5102 DEFINED (__AltU1RXInterrupt)?<code 339> (__AltU1RXInterrupt):DEFINED (__U1RXInterrupt)?<code 339> (__U1RXInterrupt):<code 339> (__DefaultInterrupt)
                  0x00012c          0x4 LONG 0x5102 DEFINED (__AltU1TXInterrupt)?<code 339> (__AltU1TXInterrupt):DEFINED (__U1TXInterrupt)?<code 339> (__U1TXInterrupt):<code 339> (__DefaultInterrupt)
                  0x00012e          0x4 LONG 0x5102 DEFINED (__AltADC1Interrupt)?<code 339> (__AltADC1Interrupt):DEFINED (__ADC1Interrupt)?<code 339> (__ADC1Interrupt):<code 339> (__DefaultInterrupt)
                  0x000130          0x4 LONG 0x5102 DEFINED (__AltInterrupt14)?<code 339> (__AltInterrupt14):DEFINED (__Interrupt14)?<code 339> (__Interrupt14):<code 339> (__DefaultInterrupt)
                  0x000132          0x4 LONG 0x5102 DEFINED (__AltInterrupt15)?<code 339> (__AltInterrupt15):DEFINED (__Interrupt15)?<code 339> (__Interrupt15):<code 339> (__DefaultInterrupt)
                  0x000134          0x4 LONG 0x5102 DEFINED (__AltSI2C1Interrupt)?<code 339> (__AltSI2C1Interrupt):DEFINED (__SI2C1Interrupt)?<code 339> (__SI2C1Interrupt):<code 339> (__DefaultInterrupt)
                  0x000136          0x4 LONG 0x5102 DEFINED (__AltMI2C1Interrupt)?<code 339> (__AltMI2C1Interrupt):DEFINED (__MI2C1Interrupt)?<code 339> (__MI2C1Interrupt):<code 339> (__DefaultInterrupt)
                  0x000138          0x4 LONG 0x5102 DEFINED (__AltCompInterrupt)?<code 339> (__AltCompInterrupt):DEFINED (__CompInterrupt)?<code 339> (__CompInterrupt):<code 339> (__DefaultInterrupt)
                  0x00013a          0x4 LONG 0x5102 DEFINED (__AltCNInterrupt)?<code 339> (__AltCNInterrupt):DEFINED (__CNInterrupt)?<code 339> (__CNInterrupt):<code 339> (__DefaultInterrupt)
                  0x00013c          0x4 LONG 0x79f8 DEFINED (__AltINT1Interrupt)?<code 339> (__AltINT1Interrupt):DEFINED (__INT1Interrupt)?<code 339> (__INT1Interrupt):<code 339> (__DefaultInterrupt)
                  0x00013e          0x4 LONG 0x5102 DEFINED (__AltInterrupt21)?<code 339> (__AltInterrupt21):DEFINED (__Interrupt21)?<code 339> (__Interrupt21):<code 339> (__DefaultInterrupt)
                  0x000140          0x4 LONG 0x5102 DEFINED (__AltInterrupt22)?<code 339> (__AltInterrupt22):DEFINED (__Interrupt22)?<code 339> (__Interrupt22):<code 339> (__DefaultInterrupt)
                  0x000142          0x4 LONG 0x5102 DEFINED (__AltInterrupt23)?<code 339> (__AltInterrupt23):DEFINED (__Interrupt23)?<code 339> (__Interrupt23):<code 339> (__DefaultInterrupt)
                  0x000144          0x4 LONG 0x5102 DEFINED (__AltInterrupt24)?<code 339> (__AltInterrupt24):DEFINED (__Interrupt24)?<code 339> (__Interrupt24):<code 339> (__DefaultInterrupt)
                  0x000146          0x4 LONG 0x5102 DEFINED (__AltOC3Interrupt)?<code 339> (__AltOC3Interrupt):DEFINED (__OC3Interrupt)?<code 339> (__OC3Interrupt):<code 339> (__DefaultInterrupt)
                  0x000148          0x4 LONG 0x5102 DEFINED (__AltOC4Interrupt)?<code 339> (__AltOC4Interrupt):DEFINED (__OC4Interrupt)?<code 339> (__OC4Interrupt):<code 339> (__DefaultInterrupt)
                  0x00014a          0x4 LONG 0x5102 DEFINED (__AltT4Interrupt)?<code 339> (__AltT4Interrupt):DEFINED (__T4Interrupt)?<code 339> (__T4Interrupt):<code 339> (__DefaultInterrupt)
                  0x00014c          0x4 LONG 0x5102 DEFINED (__AltT5Interrupt)?<code 339> (__AltT5Interrupt):DEFINED (__T5Interrupt)?<code 339> (__T5Interrupt):<code 339> (__DefaultInterrupt)
                  0x00014e          0x4 LONG 0x5102 DEFINED (__AltINT2Interrupt)?<code 339> (__AltINT2Interrupt):DEFINED (__INT2Interrupt)?<code 339> (__INT2Interrupt):<code 339> (__DefaultInterrupt)
                  0x000150          0x4 LONG 0x5102 DEFINED (__AltU2RXInterrupt)?<code 339> (__AltU2RXInterrupt):DEFINED (__U2RXInterrupt)?<code 339> (__U2RXInterrupt):<code 339> (__DefaultInterrupt)
                  0x000152          0x4 LONG 0x5102 DEFINED (__AltU2TXInterrupt)?<code 339> (__AltU2TXInterrupt):DEFINED (__U2TXInterrupt)?<code 339> (__U2TXInterrupt):<code 339> (__DefaultInterrupt)
                  0x000154          0x4 LONG 0x5102 DEFINED (__AltSPI2ErrInterrupt)?<code 339> (__AltSPI2ErrInterrupt):DEFINED (__SPI2ErrInterrupt)?<code 339> (__SPI2ErrInterrupt):<code 339> (__DefaultInterrupt)
                  0x000156          0x4 LONG 0x5102 DEFINED (__AltSPI2Interrupt)?<code 339> (__AltSPI2Interrupt):DEFINED (__SPI2Interrupt)?<code 339> (__SPI2Interrupt):<code 339> (__DefaultInterrupt)
                  0x000158          0x4 LONG 0x5102 DEFINED (__AltInterrupt34)?<code 339> (__AltInterrupt34):DEFINED (__Interrupt34)?<code 339> (__Interrupt34):<code 339> (__DefaultInterrupt)
                  0x00015a          0x4 LONG 0x5102 DEFINED (__AltInterrupt35)?<code 339> (__AltInterrupt35):DEFINED (__Interrupt35)?<code 339> (__Interrupt35):<code 339> (__DefaultInterrupt)
                  0x00015c          0x4 LONG 0x5102 DEFINED (__AltInterrupt36)?<code 339> (__AltInterrupt36):DEFINED (__Interrupt36)?<code 339> (__Interrupt36):<code 339> (__DefaultInterrupt)
                  0x00015e          0x4 LONG 0x5102 DEFINED (__AltIC3Interrupt)?<code 339> (__AltIC3Interrupt):DEFINED (__IC3Interrupt)?<code 339> (__IC3Interrupt):<code 339> (__DefaultInterrupt)
                  0x000160          0x4 LONG 0x5102 DEFINED (__AltIC4Interrupt)?<code 339> (__AltIC4Interrupt):DEFINED (__IC4Interrupt)?<code 339> (__IC4Interrupt):<code 339> (__DefaultInterrupt)
                  0x000162          0x4 LONG 0x5102 DEFINED (__AltIC5Interrupt)?<code 339> (__AltIC5Interrupt):DEFINED (__IC5Interrupt)?<code 339> (__IC5Interrupt):<code 339> (__DefaultInterrupt)
                  0x000164          0x4 LONG 0x5102 DEFINED (__AltInterrupt40)?<code 339> (__AltInterrupt40):DEFINED (__Interrupt40)?<code 339> (__Interrupt40):<code 339> (__DefaultInterrupt)
                  0x000166          0x4 LONG 0x5102 DEFINED (__AltOC5Interrupt)?<code 339> (__AltOC5Interrupt):DEFINED (__OC5Interrupt)?<code 339> (__OC5Interrupt):<code 339> (__DefaultInterrupt)
                  0x000168          0x4 LONG 0x5102 DEFINED (__AltInterrupt42)?<code 339> (__AltInterrupt42):DEFINED (__Interrupt42)?<code 339> (__Interrupt42):<code 339> (__DefaultInterrupt)
                  0x00016a          0x4 LONG 0x5102 DEFINED (__AltInterrupt43)?<code 339> (__AltInterrupt43):DEFINED (__Interrupt43)?<code 339> (__Interrupt43):<code 339> (__DefaultInterrupt)
                  0x00016c          0x4 LONG 0x5102 DEFINED (__AltInterrupt44)?<code 339> (__AltInterrupt44):DEFINED (__Interrupt44)?<code 339> (__Interrupt44):<code 339> (__DefaultInterrupt)
                  0x00016e          0x4 LONG 0x5102 DEFINED (__AltPMPInterrupt)?<code 339> (__AltPMPInterrupt):DEFINED (__PMPInterrupt)?<code 339> (__PMPInterrupt):<code 339> (__DefaultInterrupt)
                  0x000170          0x4 LONG 0x5102 DEFINED (__AltInterrupt46)?<code 339> (__AltInterrupt46):DEFINED (__Interrupt46)?<code 339> (__Interrupt46):<code 339> (__DefaultInterrupt)
                  0x000172          0x4 LONG 0x5102 DEFINED (__AltInterrupt47)?<code 339> (__AltInterrupt47):DEFINED (__Interrupt47)?<code 339> (__Interrupt47):<code 339> (__DefaultInterrupt)
                  0x000174          0x4 LONG 0x5102 DEFINED (__AltInterrupt48)?<code 339> (__AltInterrupt48):DEFINED (__Interrupt48)?<code 339> (__Interrupt48):<code 339> (__DefaultInterrupt)
                  0x000176          0x4 LONG 0x5102 DEFINED (__AltSI2C2Interrupt)?<code 339> (__AltSI2C2Interrupt):DEFINED (__SI2C2Interrupt)?<code 339> (__SI2C2Interrupt):<code 339> (__DefaultInterrupt)
                  0x000178          0x4 LONG 0x5102 DEFINED (__AltMI2C2Interrupt)?<code 339> (__AltMI2C2Interrupt):DEFINED (__MI2C2Interrupt)?<code 339> (__MI2C2Interrupt):<code 339> (__DefaultInterrupt)
                  0x00017a          0x4 LONG 0x5102 DEFINED (__AltInterrupt51)?<code 339> (__AltInterrupt51):DEFINED (__Interrupt51)?<code 339> (__Interrupt51):<code 339> (__DefaultInterrupt)
                  0x00017c          0x4 LONG 0x5102 DEFINED (__AltInterrupt52)?<code 339> (__AltInterrupt52):DEFINED (__Interrupt52)?<code 339> (__Interrupt52):<code 339> (__DefaultInterrupt)
                  0x00017e          0x4 LONG 0x5102 DEFINED (__AltInterrupt53)?<code 339> (__AltInterrupt53):DEFINED (__Interrupt53)?<code 339> (__Interrupt53):<code 339> (__DefaultInterrupt)
                  0x000180          0x4 LONG 0x5102 DEFINED (__AltInterrupt54)?<code 339> (__AltInterrupt54):DEFINED (__Interrupt54)?<code 339> (__Interrupt54):<code 339> (__DefaultInterrupt)
                  0x000182          0x4 LONG 0x5102 DEFINED (__AltInterrupt55)?<code 339> (__AltInterrupt55):DEFINED (__Interrupt55)?<code 339> (__Interrupt55):<code 339> (__DefaultInterrupt)
                  0x000184          0x4 LONG 0x5102 DEFINED (__AltInterrupt56)?<code 339> (__AltInterrupt56):DEFINED (__Interrupt56)?<code 339> (__Interrupt56):<code 339> (__DefaultInterrupt)
                  0x000186          0x4 LONG 0x5102 DEFINED (__AltInterrupt57)?<code 339> (__AltInterrupt57):DEFINED (__Interrupt57)?<code 339> (__Interrupt57):<code 339> (__DefaultInterrupt)
                  0x000188          0x4 LONG 0x5102 DEFINED (__AltInterrupt58)?<code 339> (__AltInterrupt58):DEFINED (__Interrupt58)?<code 339> (__Interrupt58):<code 339> (__DefaultInterrupt)
                  0x00018a          0x4 LONG 0x5102 DEFINED (__AltInterrupt59)?<code 339> (__AltInterrupt59):DEFINED (__Interrupt59)?<code 339> (__Interrupt59):<code 339> (__DefaultInterrupt)
                  0x00018c          0x4 LONG 0x5102 DEFINED (__AltInterrupt60)?<code 339> (__AltInterrupt60):DEFINED (__Interrupt60)?<code 339> (__Interrupt60):<code 339> (__DefaultInterrupt)
                  0x00018e          0x4 LONG 0x5102 DEFINED (__AltInterrupt61)?<code 339> (__AltInterrupt61):DEFINED (__Interrupt61)?<code 339> (__Interrupt61):<code 339> (__DefaultInterrupt)
                  0x000190          0x4 LONG 0x5102 DEFINED (__AltRTCCInterrupt)?<code 339> (__AltRTCCInterrupt):DEFINED (__RTCCInterrupt)?<code 339> (__RTCCInterrupt):<code 339> (__DefaultInterrupt)
                  0x000192          0x4 LONG 0x5102 DEFINED (__AltInterrupt63)?<code 339> (__AltInterrupt63):DEFINED (__Interrupt63)?<code 339> (__Interrupt63):<code 339> (__DefaultInterrupt)
                  0x000194          0x4 LONG 0x5102 DEFINED (__AltInterrupt64)?<code 339> (__AltInterrupt64):DEFINED (__Interrupt64)?<code 339> (__Interrupt64):<code 339> (__DefaultInterrupt)
                  0x000196          0x4 LONG 0x5102 DEFINED (__AltU1ErrInterrupt)?<code 339> (__AltU1ErrInterrupt):DEFINED (__U1ErrInterrupt)?<code 339> (__U1ErrInterrupt):<code 339> (__DefaultInterrupt)
                  0x000198          0x4 LONG 0x5102 DEFINED (__AltU2ErrInterrupt)?<code 339> (__AltU2ErrInterrupt):DEFINED (__U2ErrInterrupt)?<code 339> (__U2ErrInterrupt):<code 339> (__DefaultInterrupt)
                  0x00019a          0x4 LONG 0x5102 DEFINED (__AltCRCInterrupt)?<code 339> (__AltCRCInterrupt):DEFINED (__CRCInterrupt)?<code 339> (__CRCInterrupt):<code 339> (__DefaultInterrupt)
                  0x00019c          0x4 LONG 0x5102 DEFINED (__AltInterrupt68)?<code 339> (__AltInterrupt68):DEFINED (__Interrupt68)?<code 339> (__Interrupt68):<code 339> (__DefaultInterrupt)
                  0x00019e          0x4 LONG 0x5102 DEFINED (__AltInterrupt69)?<code 339> (__AltInterrupt69):DEFINED (__Interrupt69)?<code 339> (__Interrupt69):<code 339> (__DefaultInterrupt)
                  0x0001a0          0x4 LONG 0x5102 DEFINED (__AltInterrupt70)?<code 339> (__AltInterrupt70):DEFINED (__Interrupt70)?<code 339> (__Interrupt70):<code 339> (__DefaultInterrupt)
                  0x0001a2          0x4 LONG 0x5102 DEFINED (__AltInterrupt71)?<code 339> (__AltInterrupt71):DEFINED (__Interrupt71)?<code 339> (__Interrupt71):<code 339> (__DefaultInterrupt)
                  0x0001a4          0x4 LONG 0x5102 DEFINED (__AltLVDInterrupt)?<code 339> (__AltLVDInterrupt):DEFINED (__LVDInterrupt)?<code 339> (__LVDInterrupt):<code 339> (__DefaultInterrupt)
                  0x0001a6          0x4 LONG 0x5102 DEFINED (__AltInterrupt73)?<code 339> (__AltInterrupt73):DEFINED (__Interrupt73)?<code 339> (__Interrupt73):<code 339> (__DefaultInterrupt)
                  0x0001a8          0x4 LONG 0x5102 DEFINED (__AltInterrupt74)?<code 339> (__AltInterrupt74):DEFINED (__Interrupt74)?<code 339> (__Interrupt74):<code 339> (__DefaultInterrupt)
                  0x0001aa          0x4 LONG 0x5102 DEFINED (__AltInterrupt75)?<code 339> (__AltInterrupt75):DEFINED (__Interrupt75)?<code 339> (__Interrupt75):<code 339> (__DefaultInterrupt)
                  0x0001ac          0x4 LONG 0x5102 DEFINED (__AltInterrupt76)?<code 339> (__AltInterrupt76):DEFINED (__Interrupt76)?<code 339> (__Interrupt76):<code 339> (__DefaultInterrupt)
                  0x0001ae          0x4 LONG 0x5102 DEFINED (__AltInterrupt77)?<code 339> (__AltInterrupt77):DEFINED (__Interrupt77)?<code 339> (__Interrupt77):<code 339> (__DefaultInterrupt)
                  0x0001b0          0x4 LONG 0x5102 DEFINED (__AltInterrupt78)?<code 339> (__AltInterrupt78):DEFINED (__Interrupt78)?<code 339> (__Interrupt78):<code 339> (__DefaultInterrupt)
                  0x0001b2          0x4 LONG 0x5102 DEFINED (__AltInterrupt79)?<code 339> (__AltInterrupt79):DEFINED (__Interrupt79)?<code 339> (__Interrupt79):<code 339> (__DefaultInterrupt)
                  0x0001b4          0x4 LONG 0x5102 DEFINED (__AltInterrupt80)?<code 339> (__AltInterrupt80):DEFINED (__Interrupt80)?<code 339> (__Interrupt80):<code 339> (__DefaultInterrupt)
                  0x0001b6          0x4 LONG 0x5102 DEFINED (__AltInterrupt81)?<code 339> (__AltInterrupt81):DEFINED (__Interrupt81)?<code 339> (__Interrupt81):<code 339> (__DefaultInterrupt)
                  0x0001b8          0x4 LONG 0x5102 DEFINED (__AltInterrupt82)?<code 339> (__AltInterrupt82):DEFINED (__Interrupt82)?<code 339> (__Interrupt82):<code 339> (__DefaultInterrupt)
                  0x0001ba          0x4 LONG 0x5102 DEFINED (__AltInterrupt83)?<code 339> (__AltInterrupt83):DEFINED (__Interrupt83)?<code 339> (__Interrupt83):<code 339> (__DefaultInterrupt)
                  0x0001bc          0x4 LONG 0x5102 DEFINED (__AltInterrupt84)?<code 339> (__AltInterrupt84):DEFINED (__Interrupt84)?<code 339> (__Interrupt84):<code 339> (__DefaultInterrupt)
                  0x0001be          0x4 LONG 0x5102 DEFINED (__AltInterrupt85)?<code 339> (__AltInterrupt85):DEFINED (__Interrupt85)?<code 339> (__Interrupt85):<code 339> (__DefaultInterrupt)
                  0x0001c0          0x4 LONG 0x5102 DEFINED (__AltInterrupt86)?<code 339> (__AltInterrupt86):DEFINED (__Interrupt86)?<code 339> (__Interrupt86):<code 339> (__DefaultInterrupt)
                  0x0001c2          0x4 LONG 0x5102 DEFINED (__AltInterrupt87)?<code 339> (__AltInterrupt87):DEFINED (__Interrupt87)?<code 339> (__Interrupt87):<code 339> (__DefaultInterrupt)
                  0x0001c4          0x4 LONG 0x5102 DEFINED (__AltInterrupt88)?<code 339> (__AltInterrupt88):DEFINED (__Interrupt88)?<code 339> (__Interrupt88):<code 339> (__DefaultInterrupt)
                  0x0001c6          0x4 LONG 0x5102 DEFINED (__AltInterrupt89)?<code 339> (__AltInterrupt89):DEFINED (__Interrupt89)?<code 339> (__Interrupt89):<code 339> (__DefaultInterrupt)
                  0x0001c8          0x4 LONG 0x5102 DEFINED (__AltInterrupt90)?<code 339> (__AltInterrupt90):DEFINED (__Interrupt90)?<code 339> (__Interrupt90):<code 339> (__DefaultInterrupt)
                  0x0001ca          0x4 LONG 0x5102 DEFINED (__AltInterrupt91)?<code 339> (__AltInterrupt91):DEFINED (__Interrupt91)?<code 339> (__Interrupt91):<code 339> (__DefaultInterrupt)
                  0x0001cc          0x4 LONG 0x5102 DEFINED (__AltInterrupt92)?<code 339> (__AltInterrupt92):DEFINED (__Interrupt92)?<code 339> (__Interrupt92):<code 339> (__DefaultInterrupt)
                  0x0001ce          0x4 LONG 0x5102 DEFINED (__AltInterrupt93)?<code 339> (__AltInterrupt93):DEFINED (__Interrupt93)?<code 339> (__Interrupt93):<code 339> (__DefaultInterrupt)
                  0x0001d0          0x4 LONG 0x5102 DEFINED (__AltInterrupt94)?<code 339> (__AltInterrupt94):DEFINED (__Interrupt94)?<code 339> (__Interrupt94):<code 339> (__DefaultInterrupt)
                  0x0001d2          0x4 LONG 0x5102 DEFINED (__AltInterrupt95)?<code 339> (__AltInterrupt95):DEFINED (__Interrupt95)?<code 339> (__Interrupt95):<code 339> (__DefaultInterrupt)
                  0x0001d4          0x4 LONG 0x5102 DEFINED (__AltInterrupt96)?<code 339> (__AltInterrupt96):DEFINED (__Interrupt96)?<code 339> (__Interrupt96):<code 339> (__DefaultInterrupt)
                  0x0001d6          0x4 LONG 0x5102 DEFINED (__AltInterrupt97)?<code 339> (__AltInterrupt97):DEFINED (__Interrupt97)?<code 339> (__Interrupt97):<code 339> (__DefaultInterrupt)
                  0x0001d8          0x4 LONG 0x5102 DEFINED (__AltInterrupt98)?<code 339> (__AltInterrupt98):DEFINED (__Interrupt98)?<code 339> (__Interrupt98):<code 339> (__DefaultInterrupt)
                  0x0001da          0x4 LONG 0x5102 DEFINED (__AltInterrupt99)?<code 339> (__AltInterrupt99):DEFINED (__Interrupt99)?<code 339> (__Interrupt99):<code 339> (__DefaultInterrupt)
                  0x0001dc          0x4 LONG 0x5102 DEFINED (__AltInterrupt100)?<code 339> (__AltInterrupt100):DEFINED (__Interrupt100)?<code 339> (__Interrupt100):<code 339> (__DefaultInterrupt)
                  0x0001de          0x4 LONG 0x5102 DEFINED (__AltInterrupt101)?<code 339> (__AltInterrupt101):DEFINED (__Interrupt101)?<code 339> (__Interrupt101):<code 339> (__DefaultInterrupt)
                  0x0001e0          0x4 LONG 0x5102 DEFINED (__AltInterrupt102)?<code 339> (__AltInterrupt102):DEFINED (__Interrupt102)?<code 339> (__Interrupt102):<code 339> (__DefaultInterrupt)
                  0x0001e2          0x4 LONG 0x5102 DEFINED (__AltInterrupt103)?<code 339> (__AltInterrupt103):DEFINED (__Interrupt103)?<code 339> (__Interrupt103):<code 339> (__DefaultInterrupt)
                  0x0001e4          0x4 LONG 0x5102 DEFINED (__AltInterrupt104)?<code 339> (__AltInterrupt104):DEFINED (__Interrupt104)?<code 339> (__Interrupt104):<code 339> (__DefaultInterrupt)
                  0x0001e6          0x4 LONG 0x5102 DEFINED (__AltInterrupt105)?<code 339> (__AltInterrupt105):DEFINED (__Interrupt105)?<code 339> (__Interrupt105):<code 339> (__DefaultInterrupt)
                  0x0001e8          0x4 LONG 0x5102 DEFINED (__AltInterrupt106)?<code 339> (__AltInterrupt106):DEFINED (__Interrupt106)?<code 339> (__Interrupt106):<code 339> (__DefaultInterrupt)
                  0x0001ea          0x4 LONG 0x5102 DEFINED (__AltInterrupt107)?<code 339> (__AltInterrupt107):DEFINED (__Interrupt107)?<code 339> (__Interrupt107):<code 339> (__DefaultInterrupt)
                  0x0001ec          0x4 LONG 0x5102 DEFINED (__AltInterrupt108)?<code 339> (__AltInterrupt108):DEFINED (__Interrupt108)?<code 339> (__Interrupt108):<code 339> (__DefaultInterrupt)
                  0x0001ee          0x4 LONG 0x5102 DEFINED (__AltInterrupt109)?<code 339> (__AltInterrupt109):DEFINED (__Interrupt109)?<code 339> (__Interrupt109):<code 339> (__DefaultInterrupt)
                  0x0001f0          0x4 LONG 0x5102 DEFINED (__AltInterrupt110)?<code 339> (__AltInterrupt110):DEFINED (__Interrupt110)?<code 339> (__Interrupt110):<code 339> (__DefaultInterrupt)
                  0x0001f2          0x4 LONG 0x5102 DEFINED (__AltInterrupt111)?<code 339> (__AltInterrupt111):DEFINED (__Interrupt111)?<code 339> (__Interrupt111):<code 339> (__DefaultInterrupt)
                  0x0001f4          0x4 LONG 0x5102 DEFINED (__AltInterrupt112)?<code 339> (__AltInterrupt112):DEFINED (__Interrupt112)?<code 339> (__Interrupt112):<code 339> (__DefaultInterrupt)
                  0x0001f6          0x4 LONG 0x5102 DEFINED (__AltInterrupt113)?<code 339> (__AltInterrupt113):DEFINED (__Interrupt113)?<code 339> (__Interrupt113):<code 339> (__DefaultInterrupt)
                  0x0001f8          0x4 LONG 0x5102 DEFINED (__AltInterrupt114)?<code 339> (__AltInterrupt114):DEFINED (__Interrupt114)?<code 339> (__Interrupt114):<code 339> (__DefaultInterrupt)
                  0x0001fa          0x4 LONG 0x5102 DEFINED (__AltInterrupt115)?<code 339> (__AltInterrupt115):DEFINED (__Interrupt115)?<code 339> (__Interrupt115):<code 339> (__DefaultInterrupt)
                  0x0001fc          0x4 LONG 0x5102 DEFINED (__AltInterrupt116)?<code 339> (__AltInterrupt116):DEFINED (__Interrupt116)?<code 339> (__Interrupt116):<code 339> (__DefaultInterrupt)
                  0x0001fe          0x4 LONG 0x5102 DEFINED (__AltInterrupt117)?<code 339> (__AltInterrupt117):DEFINED (__Interrupt117)?<code 339> (__Interrupt117):<code 339> (__DefaultInterrupt)
                    0x0000                  WREG0 = 0x0
                    0x0000                  _WREG0 = 0x0
                    0x0002                  WREG1 = 0x2
                    0x0002                  _WREG1 = 0x2
                    0x0004                  WREG2 = 0x4
                    0x0004                  _WREG2 = 0x4
                    0x0006                  WREG3 = 0x6
                    0x0006                  _WREG3 = 0x6
                    0x0008                  WREG4 = 0x8
                    0x0008                  _WREG4 = 0x8
                    0x000a                  WREG5 = 0xa
                    0x000a                  _WREG5 = 0xa
                    0x000c                  WREG6 = 0xc
                    0x000c                  _WREG6 = 0xc
                    0x000e                  WREG7 = 0xe
                    0x000e                  _WREG7 = 0xe
                    0x0010                  WREG8 = 0x10
                    0x0010                  _WREG8 = 0x10
                    0x0012                  WREG9 = 0x12
                    0x0012                  _WREG9 = 0x12
                    0x0014                  WREG10 = 0x14
                    0x0014                  _WREG10 = 0x14
                    0x0016                  WREG11 = 0x16
                    0x0016                  _WREG11 = 0x16
                    0x0018                  WREG12 = 0x18
                    0x0018                  _WREG12 = 0x18
                    0x001a                  WREG13 = 0x1a
                    0x001a                  _WREG13 = 0x1a
                    0x001c                  WREG14 = 0x1c
                    0x001c                  _WREG14 = 0x1c
                    0x001e                  WREG15 = 0x1e
                    0x001e                  _WREG15 = 0x1e
                    0x0020                  SPLIM = 0x20
                    0x0020                  _SPLIM = 0x20
                    0x002e                  PCL = 0x2e
                    0x002e                  _PCL = 0x2e
                    0x0030                  PCH = 0x30
                    0x0030                  _PCH = 0x30
                    0x0032                  TBLPAG = 0x32
                    0x0032                  _TBLPAG = 0x32
                    0x0034                  PSVPAG = 0x34
                    0x0034                  _PSVPAG = 0x34
                    0x0036                  RCOUNT = 0x36
                    0x0036                  _RCOUNT = 0x36
                    0x0042                  SR = 0x42
                    0x0042                  _SR = 0x42
                    0x0042                  _SRbits = 0x42
                    0x0044                  CORCON = 0x44
                    0x0044                  _CORCON = 0x44
                    0x0044                  _CORCONbits = 0x44
                    0x0052                  DISICNT = 0x52
                    0x0052                  _DISICNT = 0x52
                    0x0060                  CNEN1 = 0x60
                    0x0060                  _CNEN1 = 0x60
                    0x0060                  _CNEN1bits = 0x60
                    0x0062                  CNEN2 = 0x62
                    0x0062                  _CNEN2 = 0x62
                    0x0062                  _CNEN2bits = 0x62
                    0x0068                  CNPU1 = 0x68
                    0x0068                  _CNPU1 = 0x68
                    0x0068                  _CNPU1bits = 0x68
                    0x006a                  CNPU2 = 0x6a
                    0x006a                  _CNPU2 = 0x6a
                    0x006a                  _CNPU2bits = 0x6a
                    0x0080                  INTCON1 = 0x80
                    0x0080                  _INTCON1 = 0x80
                    0x0080                  _INTCON1bits = 0x80
                    0x0082                  INTCON2 = 0x82
                    0x0082                  _INTCON2 = 0x82
                    0x0082                  _INTCON2bits = 0x82
                    0x0084                  IFS0 = 0x84
                    0x0084                  _IFS0 = 0x84
                    0x0084                  _IFS0bits = 0x84
                    0x0086                  IFS1 = 0x86
                    0x0086                  _IFS1 = 0x86
                    0x0086                  _IFS1bits = 0x86
                    0x0088                  IFS2 = 0x88
                    0x0088                  _IFS2 = 0x88
                    0x0088                  _IFS2bits = 0x88
                    0x008a                  IFS3 = 0x8a
                    0x008a                  _IFS3 = 0x8a
                    0x008a                  _IFS3bits = 0x8a
                    0x008c                  IFS4 = 0x8c
                    0x008c                  _IFS4 = 0x8c
                    0x008c                  _IFS4bits = 0x8c
                    0x0094                  IEC0 = 0x94
                    0x0094                  _IEC0 = 0x94
                    0x0094                  _IEC0bits = 0x94
                    0x0096                  IEC1 = 0x96
                    0x0096                  _IEC1 = 0x96
                    0x0096                  _IEC1bits = 0x96
                    0x0098                  IEC2 = 0x98
                    0x0098                  _IEC2 = 0x98
                    0x0098                  _IEC2bits = 0x98
                    0x009a                  IEC3 = 0x9a
                    0x009a                  _IEC3 = 0x9a
                    0x009a                  _IEC3bits = 0x9a
                    0x009c                  IEC4 = 0x9c
                    0x009c                  _IEC4 = 0x9c
                    0x009c                  _IEC4bits = 0x9c
                    0x00a4                  IPC0 = 0xa4
                    0x00a4                  _IPC0 = 0xa4
                    0x00a4                  _IPC0bits = 0xa4
                    0x00a6                  IPC1 = 0xa6
                    0x00a6                  _IPC1 = 0xa6
                    0x00a6                  _IPC1bits = 0xa6
                    0x00a8                  IPC2 = 0xa8
                    0x00a8                  _IPC2 = 0xa8
                    0x00a8                  _IPC2bits = 0xa8
                    0x00aa                  IPC3 = 0xaa
                    0x00aa                  _IPC3 = 0xaa
                    0x00aa                  _IPC3bits = 0xaa
                    0x00ac                  IPC4 = 0xac
                    0x00ac                  _IPC4 = 0xac
                    0x00ac                  _IPC4bits = 0xac
                    0x00ae                  IPC5 = 0xae
                    0x00ae                  _IPC5 = 0xae
                    0x00ae                  _IPC5bits = 0xae
                    0x00b0                  IPC6 = 0xb0
                    0x00b0                  _IPC6 = 0xb0
                    0x00b0                  _IPC6bits = 0xb0
                    0x00b2                  IPC7 = 0xb2
                    0x00b2                  _IPC7 = 0xb2
                    0x00b2                  _IPC7bits = 0xb2
                    0x00b4                  IPC8 = 0xb4
                    0x00b4                  _IPC8 = 0xb4
                    0x00b4                  _IPC8bits = 0xb4
                    0x00b6                  IPC9 = 0xb6
                    0x00b6                  _IPC9 = 0xb6
                    0x00b6                  _IPC9bits = 0xb6
                    0x00b8                  IPC10 = 0xb8
                    0x00b8                  _IPC10 = 0xb8
                    0x00b8                  _IPC10bits = 0xb8
                    0x00ba                  IPC11 = 0xba
                    0x00ba                  _IPC11 = 0xba
                    0x00ba                  _IPC11bits = 0xba
                    0x00bc                  IPC12 = 0xbc
                    0x00bc                  _IPC12 = 0xbc
                    0x00bc                  _IPC12bits = 0xbc
                    0x00c2                  IPC15 = 0xc2
                    0x00c2                  _IPC15 = 0xc2
                    0x00c2                  _IPC15bits = 0xc2
                    0x00c4                  IPC16 = 0xc4
                    0x00c4                  _IPC16 = 0xc4
                    0x00c4                  _IPC16bits = 0xc4
                    0x00c8                  IPC18 = 0xc8
                    0x00c8                  _IPC18 = 0xc8
                    0x00c8                  _IPC18bits = 0xc8
                    0x0100                  TMR1 = 0x100
                    0x0100                  _TMR1 = 0x100
                    0x0102                  PR1 = 0x102
                    0x0102                  _PR1 = 0x102
                    0x0104                  T1CON = 0x104
                    0x0104                  _T1CON = 0x104
                    0x0104                  _T1CONbits = 0x104
                    0x0106                  TMR2 = 0x106
                    0x0106                  _TMR2 = 0x106
                    0x0108                  TMR3HLD = 0x108
                    0x0108                  _TMR3HLD = 0x108
                    0x010a                  TMR3 = 0x10a
                    0x010a                  _TMR3 = 0x10a
                    0x010c                  PR2 = 0x10c
                    0x010c                  _PR2 = 0x10c
                    0x010e                  PR3 = 0x10e
                    0x010e                  _PR3 = 0x10e
                    0x0110                  T2CON = 0x110
                    0x0110                  _T2CON = 0x110
                    0x0110                  _T2CONbits = 0x110
                    0x0112                  T3CON = 0x112
                    0x0112                  _T3CON = 0x112
                    0x0112                  _T3CONbits = 0x112
                    0x0114                  TMR4 = 0x114
                    0x0114                  _TMR4 = 0x114
                    0x0116                  TMR5HLD = 0x116
                    0x0116                  _TMR5HLD = 0x116
                    0x0118                  TMR5 = 0x118
                    0x0118                  _TMR5 = 0x118
                    0x011a                  PR4 = 0x11a
                    0x011a                  _PR4 = 0x11a
                    0x011c                  PR5 = 0x11c
                    0x011c                  _PR5 = 0x11c
                    0x011e                  T4CON = 0x11e
                    0x011e                  _T4CON = 0x11e
                    0x011e                  _T4CONbits = 0x11e
                    0x0120                  T5CON = 0x120
                    0x0120                  _T5CON = 0x120
                    0x0120                  _T5CONbits = 0x120
                    0x0140                  IC1BUF = 0x140
                    0x0140                  _IC1BUF = 0x140
                    0x0142                  IC1CON = 0x142
                    0x0142                  _IC1CON = 0x142
                    0x0142                  _IC1CONbits = 0x142
                    0x0144                  IC2BUF = 0x144
                    0x0144                  _IC2BUF = 0x144
                    0x0146                  IC2CON = 0x146
                    0x0146                  _IC2CON = 0x146
                    0x0146                  _IC2CONbits = 0x146
                    0x0148                  IC3BUF = 0x148
                    0x0148                  _IC3BUF = 0x148
                    0x014a                  IC3CON = 0x14a
                    0x014a                  _IC3CON = 0x14a
                    0x014a                  _IC3CONbits = 0x14a
                    0x014c                  IC4BUF = 0x14c
                    0x014c                  _IC4BUF = 0x14c
                    0x014e                  IC4CON = 0x14e
                    0x014e                  _IC4CON = 0x14e
                    0x014e                  _IC4CONbits = 0x14e
                    0x0150                  IC5BUF = 0x150
                    0x0150                  _IC5BUF = 0x150
                    0x0152                  IC5CON = 0x152
                    0x0152                  _IC5CON = 0x152
                    0x0152                  _IC5CONbits = 0x152
                    0x0180                  OC1RS = 0x180
                    0x0180                  _OC1RS = 0x180
                    0x0182                  OC1R = 0x182
                    0x0182                  _OC1R = 0x182
                    0x0184                  OC1CON = 0x184
                    0x0184                  _OC1CON = 0x184
                    0x0184                  _OC1CONbits = 0x184
                    0x0186                  OC2RS = 0x186
                    0x0186                  _OC2RS = 0x186
                    0x0188                  OC2R = 0x188
                    0x0188                  _OC2R = 0x188
                    0x018a                  OC2CON = 0x18a
                    0x018a                  _OC2CON = 0x18a
                    0x018a                  _OC2CONbits = 0x18a
                    0x018c                  OC3RS = 0x18c
                    0x018c                  _OC3RS = 0x18c
                    0x018e                  OC3R = 0x18e
                    0x018e                  _OC3R = 0x18e
                    0x0190                  OC3CON = 0x190
                    0x0190                  _OC3CON = 0x190
                    0x0190                  _OC3CONbits = 0x190
                    0x0192                  OC4RS = 0x192
                    0x0192                  _OC4RS = 0x192
                    0x0194                  OC4R = 0x194
                    0x0194                  _OC4R = 0x194
                    0x0196                  OC4CON = 0x196
                    0x0196                  _OC4CON = 0x196
                    0x0196                  _OC4CONbits = 0x196
                    0x0198                  OC5RS = 0x198
                    0x0198                  _OC5RS = 0x198
                    0x019a                  OC5R = 0x19a
                    0x019a                  _OC5R = 0x19a
                    0x019c                  OC5CON = 0x19c
                    0x019c                  _OC5CON = 0x19c
                    0x019c                  _OC5CONbits = 0x19c
                    0x0200                  I2C1RCV = 0x200
                    0x0200                  _I2C1RCV = 0x200
                    0x0202                  I2C1TRN = 0x202
                    0x0202                  _I2C1TRN = 0x202
                    0x0204                  I2C1BRG = 0x204
                    0x0204                  _I2C1BRG = 0x204
                    0x0206                  I2C1CON = 0x206
                    0x0206                  _I2C1CON = 0x206
                    0x0206                  _I2C1CONbits = 0x206
                    0x0208                  I2C1STAT = 0x208
                    0x0208                  _I2C1STAT = 0x208
                    0x0208                  _I2C1STATbits = 0x208
                    0x020a                  I2C1ADD = 0x20a
                    0x020a                  _I2C1ADD = 0x20a
                    0x020c                  I2C1MSK = 0x20c
                    0x020c                  _I2C1MSK = 0x20c
                    0x0210                  I2C2RCV = 0x210
                    0x0210                  _I2C2RCV = 0x210
                    0x0212                  I2C2TRN = 0x212
                    0x0212                  _I2C2TRN = 0x212
                    0x0214                  I2C2BRG = 0x214
                    0x0214                  _I2C2BRG = 0x214
                    0x0216                  I2C2CON = 0x216
                    0x0216                  _I2C2CON = 0x216
                    0x0216                  _I2C2CONbits = 0x216
                    0x0218                  I2C2STAT = 0x218
                    0x0218                  _I2C2STAT = 0x218
                    0x0218                  _I2C2STATbits = 0x218
                    0x021a                  I2C2ADD = 0x21a
                    0x021a                  _I2C2ADD = 0x21a
                    0x021c                  I2C2MSK = 0x21c
                    0x021c                  _I2C2MSK = 0x21c
                    0x0220                  U1MODE = 0x220
                    0x0220                  _U1MODE = 0x220
                    0x0220                  _U1MODEbits = 0x220
                    0x0222                  U1STA = 0x222
                    0x0222                  _U1STA = 0x222
                    0x0222                  _U1STAbits = 0x222
                    0x0224                  U1TXREG = 0x224
                    0x0224                  _U1TXREG = 0x224
                    0x0226                  U1RXREG = 0x226
                    0x0226                  _U1RXREG = 0x226
                    0x0228                  U1BRG = 0x228
                    0x0228                  _U1BRG = 0x228
                    0x0230                  U2MODE = 0x230
                    0x0230                  _U2MODE = 0x230
                    0x0230                  _U2MODEbits = 0x230
                    0x0232                  U2STA = 0x232
                    0x0232                  _U2STA = 0x232
                    0x0232                  _U2STAbits = 0x232
                    0x0234                  U2TXREG = 0x234
                    0x0234                  _U2TXREG = 0x234
                    0x0236                  U2RXREG = 0x236
                    0x0236                  _U2RXREG = 0x236
                    0x0238                  U2BRG = 0x238
                    0x0238                  _U2BRG = 0x238
                    0x0240                  SPI1STAT = 0x240
                    0x0240                  _SPI1STAT = 0x240
                    0x0240                  _SPI1STATbits = 0x240
                    0x0242                  SPI1CON1 = 0x242
                    0x0242                  _SPI1CON1 = 0x242
                    0x0242                  _SPI1CON1bits = 0x242
                    0x0244                  SPI1CON2 = 0x244
                    0x0244                  _SPI1CON2 = 0x244
                    0x0244                  _SPI1CON2bits = 0x244
                    0x0248                  SPI1BUF = 0x248
                    0x0248                  _SPI1BUF = 0x248
                    0x0260                  SPI2STAT = 0x260
                    0x0260                  _SPI2STAT = 0x260
                    0x0260                  _SPI2STATbits = 0x260
                    0x0262                  SPI2CON1 = 0x262
                    0x0262                  _SPI2CON1 = 0x262
                    0x0262                  _SPI2CON1bits = 0x262
                    0x0264                  SPI2CON2 = 0x264
                    0x0264                  _SPI2CON2 = 0x264
                    0x0264                  _SPI2CON2bits = 0x264
                    0x0268                  SPI2BUF = 0x268
                    0x0268                  _SPI2BUF = 0x268
                    0x02c0                  TRISA = 0x2c0
                    0x02c0                  _TRISA = 0x2c0
                    0x02c0                  _TRISAbits = 0x2c0
                    0x02c2                  PORTA = 0x2c2
                    0x02c2                  _PORTA = 0x2c2
                    0x02c2                  _PORTAbits = 0x2c2
                    0x02c4                  LATA = 0x2c4
                    0x02c4                  _LATA = 0x2c4
                    0x02c4                  _LATAbits = 0x2c4
                    0x02c6                  ODCA = 0x2c6
                    0x02c6                  _ODCA = 0x2c6
                    0x02c6                  _ODCAbits = 0x2c6
                    0x02c8                  TRISB = 0x2c8
                    0x02c8                  _TRISB = 0x2c8
                    0x02c8                  _TRISBbits = 0x2c8
                    0x02ca                  PORTB = 0x2ca
                    0x02ca                  _PORTB = 0x2ca
                    0x02ca                  _PORTBbits = 0x2ca
                    0x02cc                  LATB = 0x2cc
                    0x02cc                  _LATB = 0x2cc
                    0x02cc                  _LATBbits = 0x2cc
                    0x02ce                  ODCB = 0x2ce
                    0x02ce                  _ODCB = 0x2ce
                    0x02ce                  _ODCBbits = 0x2ce
                    0x02fc                  PADCFG1 = 0x2fc
                    0x02fc                  _PADCFG1 = 0x2fc
                    0x02fc                  _PADCFG1bits = 0x2fc
                    0x0300                  ADC1BUF0 = 0x300
                    0x0300                  _ADC1BUF0 = 0x300
                    0x0302                  ADC1BUF1 = 0x302
                    0x0302                  _ADC1BUF1 = 0x302
                    0x0304                  ADC1BUF2 = 0x304
                    0x0304                  _ADC1BUF2 = 0x304
                    0x0306                  ADC1BUF3 = 0x306
                    0x0306                  _ADC1BUF3 = 0x306
                    0x0308                  ADC1BUF4 = 0x308
                    0x0308                  _ADC1BUF4 = 0x308
                    0x030a                  ADC1BUF5 = 0x30a
                    0x030a                  _ADC1BUF5 = 0x30a
                    0x030c                  ADC1BUF6 = 0x30c
                    0x030c                  _ADC1BUF6 = 0x30c
                    0x030e                  ADC1BUF7 = 0x30e
                    0x030e                  _ADC1BUF7 = 0x30e
                    0x0310                  ADC1BUF8 = 0x310
                    0x0310                  _ADC1BUF8 = 0x310
                    0x0312                  ADC1BUF9 = 0x312
                    0x0312                  _ADC1BUF9 = 0x312
                    0x0314                  ADC1BUFA = 0x314
                    0x0314                  _ADC1BUFA = 0x314
                    0x0316                  ADC1BUFB = 0x316
                    0x0316                  _ADC1BUFB = 0x316
                    0x0318                  ADC1BUFC = 0x318
                    0x0318                  _ADC1BUFC = 0x318
                    0x031a                  ADC1BUFD = 0x31a
                    0x031a                  _ADC1BUFD = 0x31a
                    0x031c                  ADC1BUFE = 0x31c
                    0x031c                  _ADC1BUFE = 0x31c
                    0x031e                  ADC1BUFF = 0x31e
                    0x031e                  _ADC1BUFF = 0x31e
                    0x0320                  AD1CON1 = 0x320
                    0x0320                  _AD1CON1 = 0x320
                    0x0320                  _AD1CON1bits = 0x320
                    0x0322                  AD1CON2 = 0x322
                    0x0322                  _AD1CON2 = 0x322
                    0x0322                  _AD1CON2bits = 0x322
                    0x0324                  AD1CON3 = 0x324
                    0x0324                  _AD1CON3 = 0x324
                    0x0324                  _AD1CON3bits = 0x324
                    0x0328                  AD1CHS = 0x328
                    0x0328                  _AD1CHS = 0x328
                    0x0328                  _AD1CHSbits = 0x328
                    0x032c                  AD1PCFG = 0x32c
                    0x032c                  _AD1PCFG = 0x32c
                    0x032c                  _AD1PCFGbits = 0x32c
                    0x0330                  AD1CSSL = 0x330
                    0x0330                  _AD1CSSL = 0x330
                    0x0330                  _AD1CSSLbits = 0x330
                    0x0600                  PMCON = 0x600
                    0x0600                  _PMCON = 0x600
                    0x0600                  _PMCONbits = 0x600
                    0x0602                  PMMODE = 0x602
                    0x0602                  _PMMODE = 0x602
                    0x0602                  _PMMODEbits = 0x602
                    0x0604                  PMADDR = 0x604
                    0x0604                  _PMADDR = 0x604
                    0x0604                  _PMADDRbits = 0x604
                    0x0604                  PMDOUT1 = 0x604
                    0x0604                  _PMDOUT1 = 0x604
                    0x0606                  PMDOUT2 = 0x606
                    0x0606                  _PMDOUT2 = 0x606
                    0x0608                  PMDIN1 = 0x608
                    0x0608                  _PMDIN1 = 0x608
                    0x060a                  PMDIN2 = 0x60a
                    0x060a                  _PMDIN2 = 0x60a
                    0x060c                  PMAEN = 0x60c
                    0x060c                  _PMAEN = 0x60c
                    0x060c                  _PMAENbits = 0x60c
                    0x060e                  PMSTAT = 0x60e
                    0x060e                  _PMSTAT = 0x60e
                    0x060e                  _PMSTATbits = 0x60e
                    0x0620                  ALRMVAL = 0x620
                    0x0620                  _ALRMVAL = 0x620
                    0x0622                  ALCFGRPT = 0x622
                    0x0622                  _ALCFGRPT = 0x622
                    0x0622                  _ALCFGRPTbits = 0x622
                    0x0624                  RTCVAL = 0x624
                    0x0624                  _RTCVAL = 0x624
                    0x0626                  RCFGCAL = 0x626
                    0x0626                  _RCFGCAL = 0x626
                    0x0626                  _RCFGCALbits = 0x626
                    0x0630                  CMCON = 0x630
                    0x0630                  _CMCON = 0x630
                    0x0630                  _CMCONbits = 0x630
                    0x0632                  CVRCON = 0x632
                    0x0632                  _CVRCON = 0x632
                    0x0632                  _CVRCONbits = 0x632
                    0x0640                  CRCCON = 0x640
                    0x0640                  _CRCCON = 0x640
                    0x0640                  _CRCCONbits = 0x640
                    0x0642                  CRCXOR = 0x642
                    0x0642                  _CRCXOR = 0x642
                    0x0642                  _CRCXORbits = 0x642
                    0x0644                  CRCDAT = 0x644
                    0x0644                  _CRCDAT = 0x644
                    0x0646                  CRCWDAT = 0x646
                    0x0646                  _CRCWDAT = 0x646
                    0x0680                  RPINR0 = 0x680
                    0x0680                  _RPINR0 = 0x680
                    0x0680                  _RPINR0bits = 0x680
                    0x0682                  RPINR1 = 0x682
                    0x0682                  _RPINR1 = 0x682
                    0x0682                  _RPINR1bits = 0x682
                    0x0686                  RPINR3 = 0x686
                    0x0686                  _RPINR3 = 0x686
                    0x0686                  _RPINR3bits = 0x686
                    0x0688                  RPINR4 = 0x688
                    0x0688                  _RPINR4 = 0x688
                    0x0688                  _RPINR4bits = 0x688
                    0x068e                  RPINR7 = 0x68e
                    0x068e                  _RPINR7 = 0x68e
                    0x068e                  _RPINR7bits = 0x68e
                    0x0690                  RPINR8 = 0x690
                    0x0690                  _RPINR8 = 0x690
                    0x0690                  _RPINR8bits = 0x690
                    0x0692                  RPINR9 = 0x692
                    0x0692                  _RPINR9 = 0x692
                    0x0692                  _RPINR9bits = 0x692
                    0x0696                  RPINR11 = 0x696
                    0x0696                  _RPINR11 = 0x696
                    0x0696                  _RPINR11bits = 0x696
                    0x06a4                  RPINR18 = 0x6a4
                    0x06a4                  _RPINR18 = 0x6a4
                    0x06a4                  _RPINR18bits = 0x6a4
                    0x06a6                  RPINR19 = 0x6a6
                    0x06a6                  _RPINR19 = 0x6a6
                    0x06a6                  _RPINR19bits = 0x6a6
                    0x06a8                  RPINR20 = 0x6a8
                    0x06a8                  _RPINR20 = 0x6a8
                    0x06a8                  _RPINR20bits = 0x6a8
                    0x06aa                  RPINR21 = 0x6aa
                    0x06aa                  _RPINR21 = 0x6aa
                    0x06aa                  _RPINR21bits = 0x6aa
                    0x06ac                  RPINR22 = 0x6ac
                    0x06ac                  _RPINR22 = 0x6ac
                    0x06ac                  _RPINR22bits = 0x6ac
                    0x06ae                  RPINR23 = 0x6ae
                    0x06ae                  _RPINR23 = 0x6ae
                    0x06ae                  _RPINR23bits = 0x6ae
                    0x06c0                  RPOR0 = 0x6c0
                    0x06c0                  _RPOR0 = 0x6c0
                    0x06c0                  _RPOR0bits = 0x6c0
                    0x06c2                  RPOR1 = 0x6c2
                    0x06c2                  _RPOR1 = 0x6c2
                    0x06c2                  _RPOR1bits = 0x6c2
                    0x06c4                  RPOR2 = 0x6c4
                    0x06c4                  _RPOR2 = 0x6c4
                    0x06c4                  _RPOR2bits = 0x6c4
                    0x06c6                  RPOR3 = 0x6c6
                    0x06c6                  _RPOR3 = 0x6c6
                    0x06c6                  _RPOR3bits = 0x6c6
                    0x06c8                  RPOR4 = 0x6c8
                    0x06c8                  _RPOR4 = 0x6c8
                    0x06c8                  _RPOR4bits = 0x6c8
                    0x06ca                  RPOR5 = 0x6ca
                    0x06ca                  _RPOR5 = 0x6ca
                    0x06ca                  _RPOR5bits = 0x6ca
                    0x06cc                  RPOR6 = 0x6cc
                    0x06cc                  _RPOR6 = 0x6cc
                    0x06cc                  _RPOR6bits = 0x6cc
                    0x06ce                  RPOR7 = 0x6ce
                    0x06ce                  _RPOR7 = 0x6ce
                    0x06ce                  _RPOR7bits = 0x6ce
                    0x0740                  RCON = 0x740
                    0x0740                  _RCON = 0x740
                    0x0740                  _RCONbits = 0x740
                    0x0742                  OSCCON = 0x742
                    0x0742                  _OSCCON = 0x742
                    0x0742                  _OSCCONbits = 0x742
                    0x0742                  OSCCONL = 0x742
                    0x0742                  _OSCCONL = 0x742
                    0x0743                  OSCCONH = 0x743
                    0x0743                  _OSCCONH = 0x743
                    0x0744                  CLKDIV = 0x744
                    0x0744                  _CLKDIV = 0x744
                    0x0744                  _CLKDIVbits = 0x744
                    0x0748                  OSCTUN = 0x748
                    0x0748                  _OSCTUN = 0x748
                    0x0748                  _OSCTUNbits = 0x748
                    0x0760                  NVMCON = 0x760
                    0x0760                  _NVMCON = 0x760
                    0x0760                  _NVMCONbits = 0x760
                    0x0766                  NVMKEY = 0x766
                    0x0766                  _NVMKEY = 0x766
                    0x0770                  PMD1 = 0x770
                    0x0770                  _PMD1 = 0x770
                    0x0770                  _PMD1bits = 0x770
                    0x0772                  PMD2 = 0x772
                    0x0772                  _PMD2 = 0x772
                    0x0772                  _PMD2bits = 0x772
                    0x0774                  PMD3 = 0x774
                    0x0774                  _PMD3 = 0x774
                    0x0774                  _PMD3bits = 0x774
                    0x0140                  IC1 = 0x140
                    0x0140                  _IC1 = 0x140
                    0x0144                  IC2 = 0x144
                    0x0144                  _IC2 = 0x144
                    0x0148                  IC3 = 0x148
                    0x0148                  _IC3 = 0x148
                    0x014c                  IC4 = 0x14c
                    0x014c                  _IC4 = 0x14c
                    0x0150                  IC5 = 0x150
                    0x0150                  _IC5 = 0x150
                    0x0180                  OC1 = 0x180
                    0x0180                  _OC1 = 0x180
                    0x0186                  OC2 = 0x186
                    0x0186                  _OC2 = 0x186
                    0x018c                  OC3 = 0x18c
                    0x018c                  _OC3 = 0x18c
                    0x0192                  OC4 = 0x192
                    0x0192                  _OC4 = 0x192
                    0x0198                  OC5 = 0x198
                    0x0198                  _OC5 = 0x198
                    0x0240                  SPI1 = 0x240
                    0x0240                  _SPI1 = 0x240
                    0x0260                  SPI2 = 0x260
                    0x0260                  _SPI2 = 0x260
                    0x0220                  UART1 = 0x220
                    0x0220                  _UART1 = 0x220
                    0x0230                  UART2 = 0x230
                    0x0230                  _UART2 = 0x230
                    0x0001                  __MPLAB_BUILD = 0x1
START GROUP
LOAD c:/program files (x86)/microchip/mplab c30/bin/bin/../../lib\libpic30-coff.a
LOAD c:/program files (x86)/microchip/mplab c30/bin/bin/../../lib\libm-coff.a
LOAD c:/program files (x86)/microchip/mplab c30/bin/bin/../../lib\libc-coff.a
END GROUP
OUTPUT(LumiFi.cof coff-pic30)
LOAD data_init

__c30_signature
                  0x000000        0x1d4
 __c30_signature
                  0x000000          0x6 Objects - LumiFi\MainDemo.o
 __c30_signature
                  0x000006          0x6 Objects - LumiFi\Tick.o
 __c30_signature
                  0x00000c          0x6 Objects - LumiFi\UART2TCPBridge.o
 __c30_signature
                  0x000012          0x6 Objects - LumiFi\UART.o
 __c30_signature
                  0x000018          0x6 Objects - LumiFi\UDP.o
 __c30_signature
                  0x00001e          0x6 Objects - LumiFi\UDPPerformanceTest.o
 __c30_signature
                  0x000024          0x6 Objects - LumiFi\Announce.o
 __c30_signature
                  0x00002a          0x6 Objects - LumiFi\ARP.o
 __c30_signature
                  0x000030          0x6 Objects - LumiFi\Delay.o
 __c30_signature
                  0x000036          0x6 Objects - LumiFi\DHCP.o
 __c30_signature
                  0x00003c          0x6 Objects - LumiFi\DHCPs.o
 __c30_signature
                  0x000042          0x6 Objects - LumiFi\DNS.o
 __c30_signature
                  0x000048          0x6 Objects - LumiFi\DynDNS.o
 __c30_signature
                  0x00004e          0x6 Objects - LumiFi\ENC28J60.o
 __c30_signature
                  0x000054          0x6 Objects - LumiFi\FTP.o
 __c30_signature
                  0x00005a          0x6 Objects - LumiFi\Hashes.o
 __c30_signature
                  0x000060          0x6 Objects - LumiFi\Helpers.o
 __c30_signature
                  0x000066          0x6 Objects - LumiFi\HTTP2.o
 __c30_signature
                  0x00006c          0x6 Objects - LumiFi\HTTP.o
 __c30_signature
                  0x000072          0x6 Objects - LumiFi\ICMP.o
 __c30_signature
                  0x000078          0x6 Objects - LumiFi\IP.o
 __c30_signature
                  0x00007e          0x6 Objects - LumiFi\LCDBlocking.o
 __c30_signature
                  0x000084          0x6 Objects - LumiFi\MPFS2.o
 __c30_signature
                  0x00008a          0x6 Objects - LumiFi\MPFS.o
 __c30_signature
                  0x000090          0x6 Objects - LumiFi\NBNS.o
 __c30_signature
                  0x000096          0x6 Objects - LumiFi\Reboot.o
 __c30_signature
                  0x00009c          0x6 Objects - LumiFi\SMTP.o
 __c30_signature
                  0x0000a2          0x6 Objects - LumiFi\SNMP.o
 __c30_signature
                  0x0000a8          0x6 Objects - LumiFi\SNTP.o
 __c30_signature
                  0x0000ae          0x6 Objects - LumiFi\SPIEEPROM.o
 __c30_signature
                  0x0000b4          0x6 Objects - LumiFi\SPIFlash.o
 __c30_signature
                  0x0000ba          0x6 Objects - LumiFi\SPIRAM.o
 __c30_signature
                  0x0000c0          0x6 Objects - LumiFi\StackTsk.o
 __c30_signature
                  0x0000c6          0x6 Objects - LumiFi\TCP.o
 __c30_signature
                  0x0000cc          0x6 Objects - LumiFi\TCPPerformanceTest.o
 __c30_signature
                  0x0000d2          0x6 Objects - LumiFi\Telnet.o
 __c30_signature
                  0x0000d8          0x6 Objects - LumiFi\TFTPc.o
 __c30_signature
                  0x0000de          0x6 Objects - LumiFi\BerkeleyAPI.o
 __c30_signature
                  0x0000e4          0x6 Objects - LumiFi\ENCX24J600.o
 __c30_signature
                  0x0000ea          0x6 Objects - LumiFi\AutoIP.o
 __c30_signature
                  0x0000f0          0x6 Objects - LumiFi\WFTxPower.o
 __c30_signature
                  0x0000f6          0x6 Objects - LumiFi\WF_Eint.o
 __c30_signature
                  0x0000fc          0x6 Objects - LumiFi\WF_Spi.o
 __c30_signature
                  0x000102          0x6 Objects - LumiFi\WFConnectionAlgorithm.o
 __c30_signature
                  0x000108          0x6 Objects - LumiFi\WFConnectionManager.o
 __c30_signature
                  0x00010e          0x6 Objects - LumiFi\WFConnectionProfile.o
 __c30_signature
                  0x000114          0x6 Objects - LumiFi\WFConsole.o
 __c30_signature
                  0x00011a          0x6 Objects - LumiFi\WFConsoleIfconfig.o
 __c30_signature
                  0x000120          0x6 Objects - LumiFi\WFConsoleIwconfig.o
 __c30_signature
                  0x000126          0x6 Objects - LumiFi\WFConsoleIwpriv.o
 __c30_signature
                  0x00012c          0x6 Objects - LumiFi\WFConsoleMsgHandler.o
 __c30_signature
                  0x000132          0x6 Objects - LumiFi\WFConsoleMsgs.o
 __c30_signature
                  0x000138          0x6 Objects - LumiFi\WFDataTxRx.o
 __c30_signature
                  0x00013e          0x6 Objects - LumiFi\WFDriverCom.o
 __c30_signature
                  0x000144          0x6 Objects - LumiFi\WFDriverRaw.o
 __c30_signature
                  0x00014a          0x6 Objects - LumiFi\WFEventHandler.o
 __c30_signature
                  0x000150          0x6 Objects - LumiFi\WFInit.o
 __c30_signature
                  0x000156          0x6 Objects - LumiFi\WFMac.o
 __c30_signature
                  0x00015c          0x6 Objects - LumiFi\WFMgmtMsg.o
 __c30_signature
                  0x000162          0x6 Objects - LumiFi\WFParamMsg.o
 __c30_signature
                  0x000168          0x6 Objects - LumiFi\WFPowerSave.o
 __c30_signature
                  0x00016e          0x6 Objects - LumiFi\WFScan.o
 __c30_signature
                  0x000174          0x6 Objects - LumiFi\WF_Config.o
 __c30_signature
                  0x00017a          0x6 Objects - LumiFi\WFEasyConfig.o
 __c30_signature
                  0x000180          0x6 Objects - LumiFi\DNSs.o
 __c30_signature
                  0x000186          0x6 Objects - LumiFi\ZeroconfMulticastDNS.o
 __c30_signature
                  0x00018c          0x6 Objects - LumiFi\ZeroconfHelper.o
 __c30_signature
                  0x000192          0x6 Objects - LumiFi\ZeroconfLinkLocal.o
 __c30_signature
                  0x000198          0x6 Objects - LumiFi\Open_OSC.o
 __c30_signature
                  0x00019e          0x6 c:/program files (x86)/microchip/mplab c30/bin/bin/../../lib\libm-coff.a(divmoddi3.o)
 __c30_signature
                  0x0001a4          0x6 c:/program files (x86)/microchip/mplab c30/bin/bin/../../lib\libc-coff.a(strlen.o)
 __c30_signature
                  0x0001aa          0x6 c:/program files (x86)/microchip/mplab c30/bin/bin/../../lib\libc-coff.a(memset.o)
 __c30_signature
                  0x0001b0          0x6 c:/program files (x86)/microchip/mplab c30/bin/bin/../../lib\libc-coff.a(memcmp.o)
 __c30_signature
                  0x0001b6          0x6 c:/program files (x86)/microchip/mplab c30/bin/bin/../../lib\libc-coff.a(memcpy.o)
 __c30_signature
                  0x0001bc          0x6 c:/program files (x86)/microchip/mplab c30/bin/bin/../../lib\libc-coff.a(strtok.o)
 __c30_signature
                  0x0001c2          0x6 c:/program files (x86)/microchip/mplab c30/bin/bin/../../lib\libc-coff.a(strcmp.o)
 __c30_signature
                  0x0001c8          0x6 c:/program files (x86)/microchip/mplab c30/bin/bin/../../lib\libc-coff.a(strspn.o)
 __c30_signature
                  0x0001ce          0x6 c:/program files (x86)/microchip/mplab c30/bin/bin/../../lib\libc-coff.a(strcspn.o)

.nbss               0x0800        0x85c
 .nbss              0x0800        0x686 Objects - LumiFi\MainDemo.o
                    0x080a                  i2c_frame
                    0x0de6                  AppConfig
                    0x0e7d                  AN0String
 .nbss              0x0e86         0xca Objects - LumiFi\TCP.o
 .nbss              0x0f50         0x8a Objects - LumiFi\UDP.o
                    0x0f56                  UDPSocketInfo
                    0x0fd4                  activeUDPSocket
                    0x0fd6                  UDPTxCount
                    0x0fd8                  UDPRxCount
 .nbss              0x0fda         0x20 Objects - LumiFi\DHCP.o
 .nbss              0x0ffa         0x18 Objects - LumiFi\TFTPc.o
                    0x100e                  _tftpSocket
                    0x1010                  _tftpError
 .nbss              0x1012         0x16 Objects - LumiFi\ARP.o
 .nbss              0x1028         0x14 Objects - LumiFi\WFMac.o
                    0x103a                  g_rxIndexSetBeyondBuffer
 .nbss              0x103c         0x12 Objects - LumiFi\WFDriverCom.o
                    0x104a                  RawMoveState
 .nbss              0x104e          0xe Objects - LumiFi\StackTsk.o
                    0x1052                  remoteNode

.ndata              0x105c          0xa
 .ndata             0x105c          0xa Objects - LumiFi\MainDemo.o
                    0x105c                  my_board_addr
                    0x105d                  xmit_frame_addr
                    0x105e                  transmit_now
                    0x1060                  gBytesToXmit
                    0x1064                  __C30_UART

.nbss               0x1066         0x1e
 .nbss              0x1066          0xa Objects - LumiFi\Tick.o
 .nbss              0x1070          0xa Objects - LumiFi\Open_OSC.o
                    0x1070                  OSC_remote
 .nbss              0x107a          0x6 Objects - LumiFi\WFDriverRaw.o
                    0x107a                  RawWindowReady
                    0x107e                  RawWindowState
 .nbss              0x1080          0x4 Objects - LumiFi\Announce.o

.ndata              0x1084          0x4
 .ndata             0x1084          0x4 Objects - LumiFi\Helpers.o

.nbss               0x1088          0x8
 .nbss              0x1088          0x4 Objects - LumiFi\IP.o
 .nbss              0x108c          0x4 Objects - LumiFi\WFMgmtMsg.o

.ndata              0x1090          0x2
 .ndata             0x1090          0x2 Objects - LumiFi\UDP.o

_028d370050909ab0
                    0x1092          0x2
 _028d370050909ab0
                    0x1092          0x2 Objects - LumiFi\UDP.o

.ndata              0x1094          0x4
 .ndata             0x1094          0x2 Objects - LumiFi\DHCP.o
                    0x1094                  DHCPClientInitializedOnce
 .ndata             0x1096          0x2 Objects - LumiFi\TCP.o

_028f07e050909abb
                    0x1098          0x2
 _028f07e050909abb
                    0x1098          0x2 Objects - LumiFi\TCP.o

.ndata              0x109a          0x2
 .ndata             0x109a          0x2 Objects - LumiFi\WFConnectionAlgorithm.o

.nbss               0x109c          0x2
 .nbss              0x109c          0x2 Objects - LumiFi\WFConnectionManager.o

.ndata              0x109e          0x6
 .ndata             0x109e          0x2 Objects - LumiFi\WFDriverRaw.o
                    0x109e                  g_HostRAWDataPacketReceived
 .ndata             0x10a0          0x2 Objects - LumiFi\WFMgmtMsg.o
                    0x10a0                  g_MgmtResponseInProgress
 .ndata             0x10a2          0x2 Objects - LumiFi\WFPowerSave.o

.nbss               0x10a4          0x2
 .nbss              0x10a4          0x2 Objects - LumiFi\WFPowerSave.o

.ndata              0x10a6          0x2
 .ndata             0x10a6          0x2 Objects - LumiFi\Open_OSC.o

.data               0x10a8          0x2
 .data              0x10a8          0x2 c:/program files (x86)/microchip/mplab c30/bin/bin/../../lib\libc-coff.a(strtok.o)

.bss                0x10aa          0x2